
Optional file libmchp_peripheral.a not found

Optional file libmchp_peripheral_32MX795F512L.a not found
Archive member included because of file (symbol)

/home/alejandro/microchip/xc2/v2.40/bin/bin/../../lib/gcc/pic32mx/4.8.3/../../../../pic32mx/lib/libpic32.a(strlen.o)
                              build/default/production/_ext/1360937237/main_pic32.o (strlen)
/home/alejandro/microchip/xc2/v2.40/bin/bin/../../lib/gcc/pic32mx/4.8.3/../../../../pic32mx/lib/libpic32.a(default-bootstrap-exception-handler.o)
                              /tmp/ccKnR1co.o (_bootstrap_exception_handler)
/home/alejandro/microchip/xc2/v2.40/bin/bin/../../lib/gcc/pic32mx/4.8.3/../../../../pic32mx/lib/libpic32.a(default-on-reset.o)
                              /tmp/ccKnR1co.o (_on_reset)
/home/alejandro/microchip/xc2/v2.40/bin/bin/../../lib/gcc/pic32mx/4.8.3/../../../../pic32mx/lib/libpic32.a(default-on-bootstrap.o)
                              /tmp/ccKnR1co.o (_on_bootstrap)
/home/alejandro/microchip/xc2/v2.40/bin/bin/../../lib/gcc/pic32mx/4.8.3/../../../../pic32mx/lib/libpic32.a(default-nmi-handler.o)
                              /tmp/ccKnR1co.o (_nmi_handler)
/home/alejandro/microchip/xc2/v2.40/bin/bin/../../lib/gcc/pic32mx/4.8.3/../../../../pic32mx/lib/libpic32.a(pic32_data_init.o)
                              /tmp/ccKnR1co.o (__pic32_data_init)
/home/alejandro/microchip/xc2/v2.40/bin/bin/../../lib/gcc/pic32mx/4.8.3/../../../../pic32mx/lib/libpic32.a(general-exception.o)
                              /tmp/ccKnR1co.o (_general_exception_context)
/home/alejandro/microchip/xc2/v2.40/bin/bin/../../lib/gcc/pic32mx/4.8.3/../../../../pic32mx/lib/libpic32.a(vector0.o)
                              /tmp/ccUPxn9D.o (__vector_dispatch_0)
/home/alejandro/microchip/xc2/v2.40/bin/bin/../../lib/gcc/pic32mx/4.8.3/../../../../pic32mx/lib/libpic32.a(vector1.o)
                              /tmp/ccUPxn9D.o (__vector_dispatch_1)
/home/alejandro/microchip/xc2/v2.40/bin/bin/../../lib/gcc/pic32mx/4.8.3/../../../../pic32mx/lib/libpic32.a(vector2.o)
                              /tmp/ccUPxn9D.o (__vector_dispatch_2)
/home/alejandro/microchip/xc2/v2.40/bin/bin/../../lib/gcc/pic32mx/4.8.3/../../../../pic32mx/lib/libpic32.a(vector3.o)
                              /tmp/ccUPxn9D.o (__vector_dispatch_3)
/home/alejandro/microchip/xc2/v2.40/bin/bin/../../lib/gcc/pic32mx/4.8.3/../../../../pic32mx/lib/libpic32.a(vector4.o)
                              /tmp/ccUPxn9D.o (__vector_dispatch_4)
/home/alejandro/microchip/xc2/v2.40/bin/bin/../../lib/gcc/pic32mx/4.8.3/../../../../pic32mx/lib/libpic32.a(vector5.o)
                              /tmp/ccUPxn9D.o (__vector_dispatch_5)
/home/alejandro/microchip/xc2/v2.40/bin/bin/../../lib/gcc/pic32mx/4.8.3/../../../../pic32mx/lib/libpic32.a(vector6.o)
                              /tmp/ccUPxn9D.o (__vector_dispatch_6)
/home/alejandro/microchip/xc2/v2.40/bin/bin/../../lib/gcc/pic32mx/4.8.3/../../../../pic32mx/lib/libpic32.a(vector7.o)
                              /tmp/ccUPxn9D.o (__vector_dispatch_7)
/home/alejandro/microchip/xc2/v2.40/bin/bin/../../lib/gcc/pic32mx/4.8.3/../../../../pic32mx/lib/libpic32.a(vector8.o)
                              /tmp/ccUPxn9D.o (__vector_dispatch_8)
/home/alejandro/microchip/xc2/v2.40/bin/bin/../../lib/gcc/pic32mx/4.8.3/../../../../pic32mx/lib/libpic32.a(vector9.o)
                              /tmp/ccUPxn9D.o (__vector_dispatch_9)
/home/alejandro/microchip/xc2/v2.40/bin/bin/../../lib/gcc/pic32mx/4.8.3/../../../../pic32mx/lib/libpic32.a(vector10.o)
                              /tmp/ccUPxn9D.o (__vector_dispatch_10)
/home/alejandro/microchip/xc2/v2.40/bin/bin/../../lib/gcc/pic32mx/4.8.3/../../../../pic32mx/lib/libpic32.a(vector11.o)
                              /tmp/ccUPxn9D.o (__vector_dispatch_11)
/home/alejandro/microchip/xc2/v2.40/bin/bin/../../lib/gcc/pic32mx/4.8.3/../../../../pic32mx/lib/libpic32.a(vector13.o)
                              /tmp/ccUPxn9D.o (__vector_dispatch_13)
/home/alejandro/microchip/xc2/v2.40/bin/bin/../../lib/gcc/pic32mx/4.8.3/../../../../pic32mx/lib/libpic32.a(vector14.o)
                              /tmp/ccUPxn9D.o (__vector_dispatch_14)
/home/alejandro/microchip/xc2/v2.40/bin/bin/../../lib/gcc/pic32mx/4.8.3/../../../../pic32mx/lib/libpic32.a(vector15.o)
                              /tmp/ccUPxn9D.o (__vector_dispatch_15)
/home/alejandro/microchip/xc2/v2.40/bin/bin/../../lib/gcc/pic32mx/4.8.3/../../../../pic32mx/lib/libpic32.a(vector16.o)
                              /tmp/ccUPxn9D.o (__vector_dispatch_16)
/home/alejandro/microchip/xc2/v2.40/bin/bin/../../lib/gcc/pic32mx/4.8.3/../../../../pic32mx/lib/libpic32.a(vector17.o)
                              /tmp/ccUPxn9D.o (__vector_dispatch_17)
/home/alejandro/microchip/xc2/v2.40/bin/bin/../../lib/gcc/pic32mx/4.8.3/../../../../pic32mx/lib/libpic32.a(vector18.o)
                              /tmp/ccUPxn9D.o (__vector_dispatch_18)
[...]
Memory Configuration

Name             Origin             Length             Attributes
kseg0_program_mem 0x000000009d000000 0x0000000000080000 xr
kseg0_boot_mem   0x000000009fc00490 0x0000000000000970
exception_mem    0x000000009fc01000 0x0000000000001000
kseg1_boot_mem   0x00000000bfc00000 0x0000000000000490
debug_exec_mem   0x00000000bfc02000 0x0000000000000ff0
config3          0x00000000bfc02ff0 0x0000000000000004
config2          0x00000000bfc02ff4 0x0000000000000004
config1          0x00000000bfc02ff8 0x0000000000000004
config0          0x00000000bfc02ffc 0x0000000000000004
kseg1_data_mem   0x00000000a0000000 0x0000000000020000 w !x
sfrs             0x00000000bf800000 0x0000000000100000
configsfrs       0x00000000bfc02ff0 0x0000000000000010
*default*        0x0000000000000000 0xffffffffffffffff

Linker script and memory map

LOAD /home/alejandro/microchip/xc2/v2.40/bin/bin/../../lib/gcc/pic32mx/4.8.3/../../../../pic32mx/lib/debug-exception-return.o
LOAD build/default/production/_ext/60165520/plib_clk.o
LOAD build/default/production/_ext/1249264884/plib_coretimer.o
LOAD build/default/production/_ext/1865161661/plib_dmac.o
LOAD build/default/production/_ext/1865200349/plib_evic.o
LOAD build/default/production/_ext/1865254177/plib_gpio.o
LOAD build/default/production/_ext/60181895/plib_tmr2.o
LOAD build/default/production/_ext/1865657120/plib_uart1.o
LOAD build/default/production/_ext/163028504/xc32_monitor.o
LOAD build/default/production/_ext/1171490990/initialization.o
LOAD build/default/production/_ext/1171490990/interrupts.o
LOAD build/default/production/_ext/1171490990/exceptions.o
LOAD build/default/production/_ext/1360937237/main_pic32.o
                0x0000000000000001                __MPLAB_BUILD = 0x1
                0x0000000000000200                _min_heap_size = 0x200
LOAD /tmp/ccKnR1co.o
LOAD /tmp/ccze5lTv.o
LOAD /tmp/ccUPxn9D.o
LOAD /home/alejandro/microchip/xc2/v2.40/bin/bin/../../lib/gcc/pic32mx/4.8.3/../../../../pic32mx/lib/pic32_software_reset.o
                0x0000000000000400                PROVIDE (_min_stack_size, 0x400)
START GROUP
LOAD /home/alejandro/microchip/xc2/v2.40/bin/bin/../../lib/gcc/pic32mx/4.8.3/../../../../pic32mx/lib/./proc/32MX795F512L/processor.o
END GROUP
START GROUP
LOAD libmchp_peripheral.a
END GROUP
START GROUP
LOAD libmchp_peripheral_32MX795F512L.a
END GROUP
                0x0000000000000001                PROVIDE (_vector_spacing, 0x1)
                0x000000009fc01000                PROVIDE (_ebase_address, 0x9fc01000)
                0x00000000bfc00000                _RESET_ADDR = 0xbfc00000
                0x00000000bfc00380                _BEV_EXCPT_ADDR = 0xbfc00380
                0x00000000bfc00480                _DBG_EXCPT_ADDR = 0xbfc00480
                0x00000000bfc02000                _DBG_CODE_ADDR = 0xbfc02000
                0x0000000000000ff0                _DBG_CODE_SIZE = 0xff0
                0x000000009fc01180                _GEN_EXCPT_ADDR = (_ebase_address + 0x180)

.config_BFC02FF0
                0x00000000bfc02ff0        0x4
 *(.config_BFC02FF0)
 .config_BFC02FF0
                0x00000000bfc02ff0        0x4 build/default/production/_ext/1171490990/initialization.o

.config_BFC02FF4
                0x00000000bfc02ff4        0x4
 *(.config_BFC02FF4)
 .config_BFC02FF4
                0x00000000bfc02ff4        0x4 build/default/production/_ext/1171490990/initialization.o

.config_BFC02FF8
                0x00000000bfc02ff8        0x4
 *(.config_BFC02FF8)
 .config_BFC02FF8
                0x00000000bfc02ff8        0x4 build/default/production/_ext/1171490990/initialization.o

.config_BFC02FFC
                0x00000000bfc02ffc        0x4
 *(.config_BFC02FFC)
 .config_BFC02FFC
                0x00000000bfc02ffc        0x4 build/default/production/_ext/1171490990/initialization.o
                0x00000000bfc02000                PROVIDE (_DBG_CODE_ADDR, 0xbfc02000)
                0x0000000000000ff0                PROVIDE (_DBG_CODE_SIZE, 0xff0)

.reset          0x00000000bfc00000      0x19c
 *(.reset)
 .reset         0x00000000bfc00000        0x8 /tmp/ccKnR1co.o
                0x00000000bfc00000                _reset
 *(.reset.startup)
 .reset.startup
                0x00000000bfc00008      0x194 /tmp/ccKnR1co.o
                0x00000000bfc00008                _startup

.bev_excpt      0x00000000bfc00380       0x10
 *(.bev_handler)
 .bev_handler   0x00000000bfc00380       0x10 /tmp/ccKnR1co.o

.dbg_excpt      0x00000000bfc00480        0x0
                0x00000000bfc00480                . = (. + DEFINED (_DEBUGGER)?0x8:0x0)

.dbg_code       0x00000000bfc02000        0x0
                0x00000000bfc02000                . = (. + DEFINED (_DEBUGGER)?_DBG_CODE_SIZE:0x0)

.app_excpt      0x000000009fc01180       0x10
 *(.gen_handler)
 .gen_handler   0x000000009fc01180       0x10 /tmp/ccKnR1co.o

.vector_0       0x000000009fc01200        0x8
 *(.vector_0)
 .vector_0      0x000000009fc01200        0x8 /home/alejandro/microchip/xc2/v2.40/bin/bin/../../lib/gcc/pic32mx/4.8.3/../../../../pic32mx/lib/libpic32.a(vector0.o)
                0x000000009fc01200                __vector_dispatch_0
                0x0000000000000001                ASSERT (((_vector_spacing == 0x0) || (SIZEOF (.vector_0) <= (_vector_spacing << 0x5))), function at exception vector 0 too large)

.vector_1       0x000000009fc01220        0x8
 *(.vector_1)
 .vector_1      0x000000009fc01220        0x8 /home/alejandro/microchip/xc2/v2.40/bin/bin/../../lib/gcc/pic32mx/4.8.3/../../../../pic32mx/lib/libpic32.a(vector1.o)
                0x000000009fc01220                __vector_dispatch_1
                0x0000000000000001                ASSERT (((_vector_spacing == 0x0) || (SIZEOF (.vector_1) <= (_vector_spacing << 0x5))), function at exception vector 1 too large)

.vector_2       0x000000009fc01240        0x8
 *(.vector_2)
 .vector_2      0x000000009fc01240        0x8 /home/alejandro/microchip/xc2/v2.40/bin/bin/../../lib/gcc/pic32mx/4.8.3/../../../../pic32mx/lib/libpic32.a(vector2.o)
                0x000000009fc01240                __vector_dispatch_2
                0x0000000000000001                ASSERT (((_vector_spacing == 0x0) || (SIZEOF (.vector_2) <= (_vector_spacing << 0x5))), function at exception vector 2 too large)

.vector_3       0x000000009fc01260        0x8
 *(.vector_3)
 .vector_3      0x000000009fc01260        0x8 /home/alejandro/microchip/xc2/v2.40/bin/bin/../../lib/gcc/pic32mx/4.8.3/../../../../pic32mx/lib/libpic32.a(vector3.o)
                0x000000009fc01260                __vector_dispatch_3
                0x0000000000000001                ASSERT (((_vector_spacing == 0x0) || (SIZEOF (.vector_3) <= (_vector_spacing << 0x5))), function at exception vector 3 too large)

.vector_4       0x000000009fc01280        0x8
 *(.vector_4)
 .vector_4      0x000000009fc01280        0x8 /home/alejandro/microchip/xc2/v2.40/bin/bin/../../lib/gcc/pic32mx/4.8.3/../../../../pic32mx/lib/libpic32.a(vector4.o)
                0x000000009fc01280                __vector_dispatch_4
                0x0000000000000001                ASSERT (((_vector_spacing == 0x0) || (SIZEOF (.vector_4) <= (_vector_spacing << 0x5))), function at exception vector 4 too large)

.vector_5       0x000000009fc012a0        0x8
 *(.vector_5)
 .vector_5      0x000000009fc012a0        0x8 /home/alejandro/microchip/xc2/v2.40/bin/bin/../../lib/gcc/pic32mx/4.8.3/../../../../pic32mx/lib/libpic32.a(vector5.o)
                0x000000009fc012a0                __vector_dispatch_5
                0x0000000000000001                ASSERT (((_vector_spacing == 0x0) || (SIZEOF (.vector_5) <= (_vector_spacing << 0x5))), function at exception vector 5 too large)

.vector_6       0x000000009fc012c0        0x8
 *(.vector_6)
 .vector_6      0x000000009fc012c0        0x8 /home/alejandro/microchip/xc2/v2.40/bin/bin/../../lib/gcc/pic32mx/4.8.3/../../../../pic32mx/lib/libpic32.a(vector6.o)
                0x000000009fc012c0                __vector_dispatch_6
                0x0000000000000001                ASSERT (((_vector_spacing == 0x0) || (SIZEOF (.vector_6) <= (_vector_spacing << 0x5))), function at exception vector 6 too large)

.vector_7       0x000000009fc012e0        0x8
 *(.vector_7)
 .vector_7      0x000000009fc012e0        0x8 /home/alejandro/microchip/xc2/v2.40/bin/bin/../../lib/gcc/pic32mx/4.8.3/../../../../pic32mx/lib/libpic32.a(vector7.o)
                0x000000009fc012e0                __vector_dispatch_7
                0x0000000000000001                ASSERT (((_vector_spacing == 0x0) || (SIZEOF (.vector_7) <= (_vector_spacing << 0x5))), function at exception vector 7 too large)

.vector_8       0x000000009fc01300        0x8
 *(.vector_8)
 .vector_8      0x000000009fc01300        0x8 /home/alejandro/microchip/xc2/v2.40/bin/bin/../../lib/gcc/pic32mx/4.8.3/../../../../pic32mx/lib/libpic32.a(vector8.o)
                0x000000009fc01300                __vector_dispatch_8
                0x0000000000000001                ASSERT (((_vector_spacing == 0x0) || (SIZEOF (.vector_8) <= (_vector_spacing << 0x5))), function at exception vector 8 too large)

.vector_9       0x000000009fc01320        0x8
 *(.vector_9)
 .vector_9      0x000000009fc01320        0x8 /home/alejandro/microchip/xc2/v2.40/bin/bin/../../lib/gcc/pic32mx/4.8.3/../../../../pic32mx/lib/libpic32.a(vector9.o)
                0x000000009fc01320                __vector_dispatch_9
                0x0000000000000001                ASSERT (((_vector_spacing == 0x0) || (SIZEOF (.vector_9) <= (_vector_spacing << 0x5))), function at exception vector 9 too large)

.vector_10      0x000000009fc01340        0x8
 *(.vector_10)
 .vector_10     0x000000009fc01340        0x8 /home/alejandro/microchip/xc2/v2.40/bin/bin/../../lib/gcc/pic32mx/4.8.3/../../../../pic32mx/lib/libpic32.a(vector10.o)
                0x000000009fc01340                __vector_dispatch_10
                0x0000000000000001                ASSERT (((_vector_spacing == 0x0) || (SIZEOF (.vector_10) <= (_vector_spacing << 0x5))), function at exception vector 10 too large)

.vector_11      0x000000009fc01360        0x8
 *(.vector_11)
 .vector_11     0x000000009fc01360        0x8 /home/alejandro/microchip/xc2/v2.40/bin/bin/../../lib/gcc/pic32mx/4.8.3/../../../../pic32mx/lib/libpic32.a(vector11.o)
                0x000000009fc01360                __vector_dispatch_11
                0x0000000000000001                ASSERT (((_vector_spacing == 0x0) || (SIZEOF (.vector_11) <= (_vector_spacing << 0x5))), function at exception vector 11 too large)

.vector_12      0x000000009fc01380        0x8
 *(.vector_12)
 .vector_12     0x000000009fc01380        0x8 build/default/production/_ext/1171490990/interrupts.o
                0x000000009fc01380                __vector_dispatch_12
                0x0000000000000001                ASSERT (((_vector_spacing == 0x0) || (SIZEOF (.vector_12) <= (_vector_spacing << 0x5))), function at exception vector 12 too large)

.vector_13      0x000000009fc013a0        0x8
 *(.vector_13)
 .vector_13     0x000000009fc013a0        0x8 /home/alejandro/microchip/xc2/v2.40/bin/bin/../../lib/gcc/pic32mx/4.8.3/../../../../pic32mx/lib/libpic32.a(vector13.o)
                0x000000009fc013a0                __vector_dispatch_13
                0x0000000000000001                ASSERT (((_vector_spacing == 0x0) || (SIZEOF (.vector_13) <= (_vector_spacing << 0x5))), function at exception vector 13 too large)

.vector_14      0x000000009fc013c0        0x8
 *(.vector_14)
 .vector_14     0x000000009fc013c0        0x8 /home/alejandro/microchip/xc2/v2.40/bin/bin/../../lib/gcc/pic32mx/4.8.3/../../../../pic32mx/lib/libpic32.a(vector14.o)
                0x000000009fc013c0                __vector_dispatch_14
                0x0000000000000001                ASSERT (((_vector_spacing == 0x0) || (SIZEOF (.vector_14) <= (_vector_spacing << 0x5))), function at exception vector 14 too large)

.vector_15      0x000000009fc013e0        0x8
 *(.vector_15)
 .vector_15     0x000000009fc013e0        0x8 /home/alejandro/microchip/xc2/v2.40/bin/bin/../../lib/gcc/pic32mx/4.8.3/../../../../pic32mx/lib/libpic32.a(vector15.o)
                0x000000009fc013e0                __vector_dispatch_15
                0x0000000000000001                ASSERT (((_vector_spacing == 0x0) || (SIZEOF (.vector_15) <= (_vector_spacing << 0x5))), function at exception vector 15 too large)

.vector_16      0x000000009fc01400        0x8
 *(.vector_16)
 .vector_16     0x000000009fc01400        0x8 /home/alejandro/microchip/xc2/v2.40/bin/bin/../../lib/gcc/pic32mx/4.8.3/../../../../pic32mx/lib/libpic32.a(vector16.o)
                0x000000009fc01400                __vector_dispatch_16
                0x0000000000000001                ASSERT (((_vector_spacing == 0x0) || (SIZEOF (.vector_16) <= (_vector_spacing << 0x5))), function at exception vector 16 too large)

.vector_17      0x000000009fc01420        0x8
 *(.vector_17)
 .vector_17     0x000000009fc01420        0x8 /home/alejandro/microchip/xc2/v2.40/bin/bin/../../lib/gcc/pic32mx/4.8.3/../../../../pic32mx/lib/libpic32.a(vector17.o)
                0x000000009fc01420                __vector_dispatch_17
                0x0000000000000001                ASSERT (((_vector_spacing == 0x0) || (SIZEOF (.vector_17) <= (_vector_spacing << 0x5))), function at exception vector 17 too large)

.vector_18      0x000000009fc01440        0x8
 *(.vector_18)
 .vector_18     0x000000009fc01440        0x8 /home/alejandro/microchip/xc2/v2.40/bin/bin/../../lib/gcc/pic32mx/4.8.3/../../../../pic32mx/lib/libpic32.a(vector18.o)
                0x000000009fc01440                __vector_dispatch_18
                0x0000000000000001                ASSERT (((_vector_spacing == 0x0) || (SIZEOF (.vector_18) <= (_vector_spacing << 0x5))), function at exception vector 18 too large)

.vector_19      0x000000009fc01460        0x8
 *(.vector_19)
 .vector_19     0x000000009fc01460        0x8 /home/alejandro/microchip/xc2/v2.40/bin/bin/../../lib/gcc/pic32mx/4.8.3/../../../../pic32mx/lib/libpic32.a(vector19.o)
                0x000000009fc01460                __vector_dispatch_19
                0x0000000000000001                ASSERT (((_vector_spacing == 0x0) || (SIZEOF (.vector_19) <= (_vector_spacing << 0x5))), function at exception vector 19 too large)

.vector_20      0x000000009fc01480        0x8
 *(.vector_20)
 .vector_20     0x000000009fc01480        0x8 /home/alejandro/microchip/xc2/v2.40/bin/bin/../../lib/gcc/pic32mx/4.8.3/../../../../pic32mx/lib/libpic32.a(vector20.o)
                0x000000009fc01480                __vector_dispatch_20
                0x0000000000000001                ASSERT (((_vector_spacing == 0x0) || (SIZEOF (.vector_20) <= (_vector_spacing << 0x5))), function at exception vector 20 too large)

.vector_21      0x000000009fc014a0        0x8
 *(.vector_21)
 .vector_21     0x000000009fc014a0        0x8 /home/alejandro/microchip/xc2/v2.40/bin/bin/../../lib/gcc/pic32mx/4.8.3/../../../../pic32mx/lib/libpic32.a(vector21.o)
                0x000000009fc014a0                __vector_dispatch_21
                0x0000000000000001                ASSERT (((_vector_spacing == 0x0) || (SIZEOF (.vector_21) <= (_vector_spacing << 0x5))), function at exception vector 21 too large)

.vector_22      0x000000009fc014c0        0x8
 *(.vector_22)
 .vector_22     0x000000009fc014c0        0x8 /home/alejandro/microchip/xc2/v2.40/bin/bin/../../lib/gcc/pic32mx/4.8.3/../../../../pic32mx/lib/libpic32.a(vector22.o)
                0x000000009fc014c0                __vector_dispatch_22
                0x0000000000000001                ASSERT (((_vector_spacing == 0x0) || (SIZEOF (.vector_22) <= (_vector_spacing << 0x5))), function at exception vector 22 too large)

.vector_23      0x000000009fc014e0        0x8
 *(.vector_23)
 .vector_23     0x000000009fc014e0        0x8 /home/alejandro/microchip/xc2/v2.40/bin/bin/../../lib/gcc/pic32mx/4.8.3/../../../../pic32mx/lib/libpic32.a(vector23.o)
                0x000000009fc014e0                __vector_dispatch_23
                0x0000000000000001                ASSERT (((_vector_spacing == 0x0) || (SIZEOF (.vector_23) <= (_vector_spacing << 0x5))), function at exception vector 23 too large)

.vector_24      0x000000009fc01500        0x8
 *(.vector_24)
 .vector_24     0x000000009fc01500        0x8 build/default/production/_ext/1171490990/interrupts.o
                0x000000009fc01500                __vector_dispatch_24
                0x0000000000000001                ASSERT (((_vector_spacing == 0x0) || (SIZEOF (.vector_24) <= (_vector_spacing << 0x5))), function at exception vector 24 too large)

.vector_25      0x000000009fc01520        0x8
 *(.vector_25)
 .vector_25     0x000000009fc01520        0x8 /home/alejandro/microchip/xc2/v2.40/bin/bin/../../lib/gcc/pic32mx/4.8.3/../../../../pic32mx/lib/libpic32.a(vector25.o)
                0x000000009fc01520                __vector_dispatch_25
                0x0000000000000001                ASSERT (((_vector_spacing == 0x0) || (SIZEOF (.vector_25) <= (_vector_spacing << 0x5))), function at exception vector 25 too large)

.vector_26      0x000000009fc01540        0x8
 *(.vector_26)
 .vector_26     0x000000009fc01540        0x8 build/default/production/_ext/1171490990/interrupts.o
                0x000000009fc01540                __vector_dispatch_26
                0x0000000000000001                ASSERT (((_vector_spacing == 0x0) || (SIZEOF (.vector_26) <= (_vector_spacing << 0x5))), function at exception vector 26 too large)

.vector_27      0x000000009fc01560        0x8
 *(.vector_27)
 .vector_27     0x000000009fc01560        0x8 /home/alejandro/microchip/xc2/v2.40/bin/bin/../../lib/gcc/pic32mx/4.8.3/../../../../pic32mx/lib/libpic32.a(vector27.o)
                0x000000009fc01560                __vector_dispatch_27
                0x0000000000000001                ASSERT (((_vector_spacing == 0x0) || (SIZEOF (.vector_27) <= (_vector_spacing << 0x5))), function at exception vector 27 too large)

.vector_28      0x000000009fc01580        0x8
 *(.vector_28)
 .vector_28     0x000000009fc01580        0x8 /home/alejandro/microchip/xc2/v2.40/bin/bin/../../lib/gcc/pic32mx/4.8.3/../../../../pic32mx/lib/libpic32.a(vector28.o)
                0x000000009fc01580                __vector_dispatch_28
                0x0000000000000001                ASSERT (((_vector_spacing == 0x0) || (SIZEOF (.vector_28) <= (_vector_spacing << 0x5))), function at exception vector 28 too large)

.vector_29      0x000000009fc015a0        0x8
 *(.vector_29)
 .vector_29     0x000000009fc015a0        0x8 /home/alejandro/microchip/xc2/v2.40/bin/bin/../../lib/gcc/pic32mx/4.8.3/../../../../pic32mx/lib/libpic32.a(vector29.o)
                0x000000009fc015a0                __vector_dispatch_29
                0x0000000000000001                ASSERT (((_vector_spacing == 0x0) || (SIZEOF (.vector_29) <= (_vector_spacing << 0x5))), function at exception vector 29 too large)

.vector_30      0x000000009fc015c0        0x8
 *(.vector_30)
 .vector_30     0x000000009fc015c0        0x8 /home/alejandro/microchip/xc2/v2.40/bin/bin/../../lib/gcc/pic32mx/4.8.3/../../../../pic32mx/lib/libpic32.a(vector30.o)
                0x000000009fc015c0                __vector_dispatch_30
                0x0000000000000001                ASSERT (((_vector_spacing == 0x0) || (SIZEOF (.vector_30) <= (_vector_spacing << 0x5))), function at exception vector 30 too large)

.vector_31      0x000000009fc015e0        0x8
 *(.vector_31)
 .vector_31     0x000000009fc015e0        0x8 /home/alejandro/microchip/xc2/v2.40/bin/bin/../../lib/gcc/pic32mx/4.8.3/../../../../pic32mx/lib/libpic32.a(vector31.o)
                0x000000009fc015e0                __vector_dispatch_31
                0x0000000000000001                ASSERT (((_vector_spacing == 0x0) || (SIZEOF (.vector_31) <= (_vector_spacing << 0x5))), function at exception vector 31 too large)

.vector_32      0x000000009fc01600        0x8
 *(.vector_32)
 .vector_32     0x000000009fc01600        0x8 /home/alejandro/microchip/xc2/v2.40/bin/bin/../../lib/gcc/pic32mx/4.8.3/../../../../pic32mx/lib/libpic32.a(vector32.o)
                0x000000009fc01600                __vector_dispatch_32
                0x0000000000000001                ASSERT (((_vector_spacing == 0x0) || (SIZEOF (.vector_32) <= (_vector_spacing << 0x5))), function at exception vector 32 too large)

.vector_33      0x000000009fc01620        0x8
 *(.vector_33)
 .vector_33     0x000000009fc01620        0x8 /home/alejandro/microchip/xc2/v2.40/bin/bin/../../lib/gcc/pic32mx/4.8.3/../../../../pic32mx/lib/libpic32.a(vector33.o)
                0x000000009fc01620                __vector_dispatch_33
                0x0000000000000001                ASSERT (((_vector_spacing == 0x0) || (SIZEOF (.vector_33) <= (_vector_spacing << 0x5))), function at exception vector 33 too large)

.vector_34      0x000000009fc01640        0x8
 *(.vector_34)
 .vector_34     0x000000009fc01640        0x8 /home/alejandro/microchip/xc2/v2.40/bin/bin/../../lib/gcc/pic32mx/4.8.3/../../../../pic32mx/lib/libpic32.a(vector34.o)
                0x000000009fc01640                __vector_dispatch_34
                0x0000000000000001                ASSERT (((_vector_spacing == 0x0) || (SIZEOF (.vector_34) <= (_vector_spacing << 0x5))), function at exception vector 34 too large)

.vector_35      0x000000009fc01660        0x8
 *(.vector_35)
 .vector_35     0x000000009fc01660        0x8 /home/alejandro/microchip/xc2/v2.40/bin/bin/../../lib/gcc/pic32mx/4.8.3/../../../../pic32mx/lib/libpic32.a(vector35.o)
                0x000000009fc01660                __vector_dispatch_35
                0x0000000000000001                ASSERT (((_vector_spacing == 0x0) || (SIZEOF (.vector_35) <= (_vector_spacing << 0x5))), function at exception vector 35 too large)

.vector_36      0x000000009fc01680        0x8
 *(.vector_36)
 .vector_36     0x000000009fc01680        0x8 build/default/production/_ext/1171490990/interrupts.o
                0x000000009fc01680                __vector_dispatch_36
                0x0000000000000001                ASSERT (((_vector_spacing == 0x0) || (SIZEOF (.vector_36) <= (_vector_spacing << 0x5))), function at exception vector 36 too large)

.vector_37      0x000000009fc016a0        0x8
 *(.vector_37)
 .vector_37     0x000000009fc016a0        0x8 build/default/production/_ext/1171490990/interrupts.o
                0x000000009fc016a0                __vector_dispatch_37
                0x0000000000000001                ASSERT (((_vector_spacing == 0x0) || (SIZEOF (.vector_37) <= (_vector_spacing << 0x5))), function at exception vector 37 too large)

.vector_38      0x000000009fc016c0        0x8
 *(.vector_38)
 .vector_38     0x000000009fc016c0        0x8 /home/alejandro/microchip/xc2/v2.40/bin/bin/../../lib/gcc/pic32mx/4.8.3/../../../../pic32mx/lib/libpic32.a(vector38.o)
                0x000000009fc016c0                __vector_dispatch_38
                0x0000000000000001                ASSERT (((_vector_spacing == 0x0) || (SIZEOF (.vector_38) <= (_vector_spacing << 0x5))), function at exception vector 38 too large)

.vector_39      0x000000009fc016e0        0x8
 *(.vector_39)
 .vector_39     0x000000009fc016e0        0x8 /home/alejandro/microchip/xc2/v2.40/bin/bin/../../lib/gcc/pic32mx/4.8.3/../../../../pic32mx/lib/libpic32.a(vector39.o)
                0x000000009fc016e0                __vector_dispatch_39
                0x0000000000000001                ASSERT (((_vector_spacing == 0x0) || (SIZEOF (.vector_39) <= (_vector_spacing << 0x5))), function at exception vector 39 too large)

.vector_40      0x000000009fc01700        0x8
 *(.vector_40)
 .vector_40     0x000000009fc01700        0x8 /home/alejandro/microchip/xc2/v2.40/bin/bin/../../lib/gcc/pic32mx/4.8.3/../../../../pic32mx/lib/libpic32.a(vector40.o)
                0x000000009fc01700                __vector_dispatch_40
                0x0000000000000001                ASSERT (((_vector_spacing == 0x0) || (SIZEOF (.vector_40) <= (_vector_spacing << 0x5))), function at exception vector 40 too large)

.vector_41      0x000000009fc01720        0x8
 *(.vector_41)
 .vector_41     0x000000009fc01720        0x8 /home/alejandro/microchip/xc2/v2.40/bin/bin/../../lib/gcc/pic32mx/4.8.3/../../../../pic32mx/lib/libpic32.a(vector41.o)
                0x000000009fc01720                __vector_dispatch_41
                0x0000000000000001                ASSERT (((_vector_spacing == 0x0) || (SIZEOF (.vector_41) <= (_vector_spacing << 0x5))), function at exception vector 41 too large)

.vector_42      0x000000009fc01740        0x8
 *(.vector_42)
 .vector_42     0x000000009fc01740        0x8 /home/alejandro/microchip/xc2/v2.40/bin/bin/../../lib/gcc/pic32mx/4.8.3/../../../../pic32mx/lib/libpic32.a(vector42.o)
                0x000000009fc01740                __vector_dispatch_42
                0x0000000000000001                ASSERT (((_vector_spacing == 0x0) || (SIZEOF (.vector_42) <= (_vector_spacing << 0x5))), function at exception vector 42 too large)

.vector_43      0x000000009fc01760        0x8
 *(.vector_43)
 .vector_43     0x000000009fc01760        0x8 /home/alejandro/microchip/xc2/v2.40/bin/bin/../../lib/gcc/pic32mx/4.8.3/../../../../pic32mx/lib/libpic32.a(vector43.o)
                0x000000009fc01760                __vector_dispatch_43
                0x0000000000000001                ASSERT (((_vector_spacing == 0x0) || (SIZEOF (.vector_43) <= (_vector_spacing << 0x5))), function at exception vector 43 too large)

.vector_44      0x000000009fc01780        0x8
 *(.vector_44)
 .vector_44     0x000000009fc01780        0x8 /home/alejandro/microchip/xc2/v2.40/bin/bin/../../lib/gcc/pic32mx/4.8.3/../../../../pic32mx/lib/libpic32.a(vector44.o)
                0x000000009fc01780                __vector_dispatch_44
                0x0000000000000001                ASSERT (((_vector_spacing == 0x0) || (SIZEOF (.vector_44) <= (_vector_spacing << 0x5))), function at exception vector 44 too large)

.vector_45      0x000000009fc017a0        0x8
 *(.vector_45)
 .vector_45     0x000000009fc017a0        0x8 /home/alejandro/microchip/xc2/v2.40/bin/bin/../../lib/gcc/pic32mx/4.8.3/../../../../pic32mx/lib/libpic32.a(vector45.o)
                0x000000009fc017a0                __vector_dispatch_45
                0x0000000000000001                ASSERT (((_vector_spacing == 0x0) || (SIZEOF (.vector_45) <= (_vector_spacing << 0x5))), function at exception vector 45 too large)

.vector_46      0x000000009fc017c0        0x8
 *(.vector_46)
 .vector_46     0x000000009fc017c0        0x8 /home/alejandro/microchip/xc2/v2.40/bin/bin/../../lib/gcc/pic32mx/4.8.3/../../../../pic32mx/lib/libpic32.a(vector46.o)
                0x000000009fc017c0                __vector_dispatch_46
                0x0000000000000001                ASSERT (((_vector_spacing == 0x0) || (SIZEOF (.vector_46) <= (_vector_spacing << 0x5))), function at exception vector 46 too large)

.vector_47      0x000000009fc017e0        0x8
 *(.vector_47)
 .vector_47     0x000000009fc017e0        0x8 /home/alejandro/microchip/xc2/v2.40/bin/bin/../../lib/gcc/pic32mx/4.8.3/../../../../pic32mx/lib/libpic32.a(vector47.o)
                0x000000009fc017e0                __vector_dispatch_47
                0x0000000000000001                ASSERT (((_vector_spacing == 0x0) || (SIZEOF (.vector_47) <= (_vector_spacing << 0x5))), function at exception vector 47 too large)

.vector_48      0x000000009fc01800        0x8
 *(.vector_48)
 .vector_48     0x000000009fc01800        0x8 /home/alejandro/microchip/xc2/v2.40/bin/bin/../../lib/gcc/pic32mx/4.8.3/../../../../pic32mx/lib/libpic32.a(vector48.o)
                0x000000009fc01800                __vector_dispatch_48
                0x0000000000000001                ASSERT (((_vector_spacing == 0x0) || (SIZEOF (.vector_48) <= (_vector_spacing << 0x5))), function at exception vector 48 too large)

.vector_49      0x000000009fc01820        0x8
 *(.vector_49)
 .vector_49     0x000000009fc01820        0x8 /home/alejandro/microchip/xc2/v2.40/bin/bin/../../lib/gcc/pic32mx/4.8.3/../../../../pic32mx/lib/libpic32.a(vector49.o)
                0x000000009fc01820                __vector_dispatch_49
                0x0000000000000001                ASSERT (((_vector_spacing == 0x0) || (SIZEOF (.vector_49) <= (_vector_spacing << 0x5))), function at exception vector 49 too large)

.vector_50      0x000000009fc01840        0x8
 *(.vector_50)
 .vector_50     0x000000009fc01840        0x8 /home/alejandro/microchip/xc2/v2.40/bin/bin/../../lib/gcc/pic32mx/4.8.3/../../../../pic32mx/lib/libpic32.a(vector50.o)
                0x000000009fc01840                __vector_dispatch_50
                0x0000000000000001                ASSERT (((_vector_spacing == 0x0) || (SIZEOF (.vector_50) <= (_vector_spacing << 0x5))), function at exception vector 50 too large)

.vector_51      0x000000009fc01860        0x8
 *(.vector_51)
 .vector_51     0x000000009fc01860        0x8 /home/alejandro/microchip/xc2/v2.40/bin/bin/../../lib/gcc/pic32mx/4.8.3/../../../../pic32mx/lib/libpic32.a(vector51.o)
                0x000000009fc01860                __vector_dispatch_51
                0x0000000000000001                ASSERT (((_vector_spacing == 0x0) || (SIZEOF (.vector_51) <= (_vector_spacing << 0x5))), function at exception vector 51 too large)

.vector_52      0x000000009fc01880        0x0
 *(.vector_52)
                0x0000000000000001                ASSERT (((_vector_spacing == 0x0) || (SIZEOF (.vector_52) <= (_vector_spacing << 0x5))), function at exception vector 52 too large)

.vector_53      0x000000009fc018a0        0x0
 *(.vector_53)
                0x0000000000000001                ASSERT (((_vector_spacing == 0x0) || (SIZEOF (.vector_53) <= (_vector_spacing << 0x5))), function at exception vector 53 too large)

.vector_54      0x000000009fc018c0        0x0
 *(.vector_54)
                0x0000000000000001                ASSERT (((_vector_spacing == 0x0) || (SIZEOF (.vector_54) <= (_vector_spacing << 0x5))), function at exception vector 54 too large)

.vector_55      0x000000009fc018e0        0x0
 *(.vector_55)
                0x0000000000000001                ASSERT (((_vector_spacing == 0x0) || (SIZEOF (.vector_55) <= (_vector_spacing << 0x5))), function at exception vector 55 too large)

.vector_56      0x000000009fc01900        0x0
 *(.vector_56)
                0x0000000000000001                ASSERT (((_vector_spacing == 0x0) || (SIZEOF (.vector_56) <= (_vector_spacing << 0x5))), function at exception vector 56 too large)

.vector_57      0x000000009fc01920        0x0
 *(.vector_57)
                0x0000000000000001                ASSERT (((_vector_spacing == 0x0) || (SIZEOF (.vector_57) <= (_vector_spacing << 0x5))), function at exception vector 57 too large)

.vector_58      0x000000009fc01940        0x0
 *(.vector_58)
                0x0000000000000001                ASSERT (((_vector_spacing == 0x0) || (SIZEOF (.vector_58) <= (_vector_spacing << 0x5))), function at exception vector 58 too large)

.vector_59      0x000000009fc01960        0x0
 *(.vector_59)
                0x0000000000000001                ASSERT (((_vector_spacing == 0x0) || (SIZEOF (.vector_59) <= (_vector_spacing << 0x5))), function at exception vector 59 too large)

.vector_60      0x000000009fc01980        0x0
 *(.vector_60)
                0x0000000000000001                ASSERT (((_vector_spacing == 0x0) || (SIZEOF (.vector_60) <= (_vector_spacing << 0x5))), function at exception vector 60 too large)

.vector_61      0x000000009fc019a0        0x0
 *(.vector_61)
                0x0000000000000001                ASSERT (((_vector_spacing == 0x0) || (SIZEOF (.vector_61) <= (_vector_spacing << 0x5))), function at exception vector 61 too large)

.vector_62      0x000000009fc019c0        0x0
 *(.vector_62)
                0x0000000000000001                ASSERT (((_vector_spacing == 0x0) || (SIZEOF (.vector_62) <= (_vector_spacing << 0x5))), function at exception vector 62 too large)

.vector_63      0x000000009fc019e0        0x0
 *(.vector_63)
                0x0000000000000001                ASSERT (((_vector_spacing == 0x0) || (SIZEOF (.vector_63) <= (_vector_spacing << 0x5))), function at exception vector 63 too large)

.startup
 *(.startup)

.text           0x000000009d000000        0x0
 *(.stub .gnu.linkonce.t.*)
 *(.text.*personality*)
 *(.mips16.fn.*)
 *(.mips16.call.*)
 *(.gnu.warning)
                0x000000009d000000                . = ALIGN (0x4)

.init           0x000000009d000000        0x0
 *crti.o(.init)
 *crtbegin.o(.init)
 *(EXCLUDE_FILE(*crtn.o *crtend?.o *crtend.o) .init)
 *crtend.o(.init)
 *crtn.o(.init)
                0x000000009d000000                . = ALIGN (0x4)

.fini           0x000000009d000000        0x0
 *(.fini)
                0x000000009d000000                . = ALIGN (0x4)

.preinit_array  0x000000009d000000        0x0
                0x000000009d000000                PROVIDE (__preinit_array_start, .)
 *(.preinit_array)
                0x000000009d000000                PROVIDE (__preinit_array_end, .)
                0x000000009d000000                . = ALIGN (0x4)

.init_array     0x000000009d000000        0x0
                0x000000009d000000                PROVIDE (__init_array_start, .)
 *(SORT(.init_array.*))
 *(.init_array)
                0x000000009d000000                PROVIDE (__init_array_end, .)
                0x000000009d000000                . = ALIGN (0x4)

.fini_array     0x000000009d000000        0x0
                0x000000009d000000                PROVIDE (__fini_array_start, .)
 *(SORT(.fini_array.*))
 *(.fini_array)
                0x000000009d000000                PROVIDE (__fini_array_end, .)
                0x000000009d000000                . = ALIGN (0x4)

.ctors          0x000000009d000000        0x0
 *crtbegin.o(.ctors)
 *crtbegin?.o(.ctors)
 *(EXCLUDE_FILE(*crtend?.o *crtend.o) .ctors)
 *(SORT(.ctors.*))
 *(.ctors)
                0x000000009d000000                . = ALIGN (0x4)

.dtors          0x000000009d000000        0x0
 *crtbegin.o(.dtors)
 *crtbegin?.o(.dtors)
 *(EXCLUDE_FILE(*crtend?.o *crtend.o) .dtors)
 *(SORT(.dtors.*))
 *(.dtors)
                0x000000009d000000                . = ALIGN (0x4)

.rodata         0x000000009d000000        0x0
 *(.gnu.linkonce.r.*)
 *(.rodata1)
                0x000000009d000000                . = ALIGN (0x4)

.sdata2         0x000000009fc00490        0x0
 *(.sdata2 .sdata2.* .gnu.linkonce.s2.*)
                0x000000009fc00490                . = ALIGN (0x4)

.sbss2          0x000000009fc00490        0x0
 *(.sbss2 .sbss2.* .gnu.linkonce.sb2.*)
                0x000000009fc00490                . = ALIGN (0x4)

.eh_frame_hdr
 *(.eh_frame_hdr)
                0x000000009fc00490                . = ALIGN (0x4)

.eh_frame
 *(.eh_frame)
                0x000000009fc00490                . = ALIGN (0x4)

.gcc_except_table
 *(.gcc_except_table .gcc_except_table.*)
                0x000000009fc00490                . = ALIGN (0x4)

.dbg_data       0x00000000a0000000        0x0
                0x00000000a0000000                . = (. + DEFINED (_DEBUGGER)?0x200:0x0)

.jcr            0x00000000a0000000        0x0
 *(.jcr)
                0x00000000a0000000                . = ALIGN (0x4)

.eh_frame
 *(.eh_frame)
                0x00000000a0000000                . = ALIGN (0x4)

.gcc_except_table
 *(.gcc_except_table .gcc_except_table.*)
                0x00000000a0000000                . = ALIGN (0x4)

.persist        0x00000000a0000000        0x0
                0x00000000a0000000                _persist_begin = .
 *(.persist .persist.*)
 *(.pbss .pbss.*)
                0x00000000a0000000                . = ALIGN (0x4)
                0x00000000a0000000                _persist_end = .

.data           0x00000000a0000000        0x0
 *(.gnu.linkonce.d.*)
 *(.data1)
                0x00000000a0000000                . = ALIGN (0x4)
                0x00000000a0000000                . = .
                0x00000000a0007ff0                _gp = (ALIGN (0x10) + 0x7ff0)

.got            0x00000000a0000000        0x0
 *(.got.plt)
 *(.got)
                0x00000000a0000000                . = ALIGN (0x4)

.sdata          0x00000000a0000000        0x4
                0x00000000a0000000                _sdata_begin = .
 *(.sdata .sdata.* .gnu.linkonce.s.*)
 .sdata         0x00000000a0000000        0x4 build/default/production/_ext/1249264884/plib_coretimer.o
                0x00000000a0000004                . = ALIGN (0x4)
                0x00000000a0000004                _sdata_end = .

.lit8
 *(.lit8)

.lit4
 *(.lit4)
                0x00000000a0000004                . = ALIGN (0x4)
                0x00000000a0000004                _data_end = .
                0x00000000a0000004                _bss_begin = .

.sbss           0x00000000a0000004       0x1c
                0x00000000a0000004                _sbss_begin = .
 *(.dynsbss)
 *(.sbss .sbss.* .gnu.linkonce.sb.*)
 .sbss          0x00000000a0000004        0x8 build/default/production/_ext/60181895/plib_tmr2.o
 .sbss          0x00000000a000000c        0xc build/default/production/_ext/1171490990/exceptions.o
 .sbss          0x00000000a0000018        0x8 build/default/production/_ext/1360937237/main_pic32.o
 *(.scommon)
                0x00000000a0000020                _sbss_end = .
                0x00000000a0000020                . = ALIGN (0x4)

.bss            0x00000000a0000020       0x30
 *(.dynbss)
 *(COMMON)
 COMMON         0x00000000a0000020       0x30 build/default/production/_ext/1865657120/plib_uart1.o
                0x00000000a0000020                uart1Obj
                0x00000000a0000050                . = ALIGN ((. != 0x0)?0x4:0x1)
                0x00000000a0000050                . = ALIGN (0x4)
                0x00000000a0000050                _end = .
                0x00000000a0000050                _bss_end = .
                0x0000000000020000                _bmxdudba_address = 0x20000
                0x0000000000020000                _bmxdupba_address = 0x20000

/DISCARD/
 *(.pdr)
 *(.rel.dyn)
 *(.note.GNU-stack)
 *(.note.GNU-stack)
 *(.gnu_debuglink)
 *(.gnu.lto_*)
 *(.discard)

.gptab.sdata
 *(.gptab.data)
 *(.gptab.sdata)

.gptab.sbss
 *(.gptab.bss)
 *(.gptab.sbss)

.mdebug.abi32   0x00000000a0000050        0x0
 *(.mdebug.abi32)
 .mdebug.abi32  0x00000000a0000050        0x0 build/default/production/_ext/60165520/plib_clk.o
 .mdebug.abi32  0x00000000a0000050        0x0 build/default/production/_ext/1249264884/plib_coretimer.o
 .mdebug.abi32  0x00000000a0000050        0x0 build/default/production/_ext/1865161661/plib_dmac.o
 .mdebug.abi32  0x00000000a0000050        0x0 build/default/production/_ext/1865200349/plib_evic.o
 .mdebug.abi32  0x00000000a0000050        0x0 build/default/production/_ext/1865254177/plib_gpio.o
 .mdebug.abi32  0x00000000a0000050        0x0 build/default/production/_ext/60181895/plib_tmr2.o
 .mdebug.abi32  0x00000000a0000050        0x0 build/default/production/_ext/1865657120/plib_uart1.o
 .mdebug.abi32  0x00000000a0000050        0x0 build/default/production/_ext/163028504/xc32_monitor.o
 .mdebug.abi32  0x00000000a0000050        0x0 build/default/production/_ext/1171490990/initialization.o
 .mdebug.abi32  0x00000000a0000050        0x0 build/default/production/_ext/1171490990/interrupts.o
 .mdebug.abi32  0x00000000a0000050        0x0 build/default/production/_ext/1171490990/exceptions.o
 .mdebug.abi32  0x00000000a0000050        0x0 build/default/production/_ext/1360937237/main_pic32.o
 .mdebug.abi32  0x00000000a0000050        0x0 /home/alejandro/microchip/xc2/v2.40/bin/bin/../../lib/gcc/pic32mx/4.8.3/../../../../pic32mx/lib/libpic32.a(default-bootstrap-exception-handler.o)
 .mdebug.abi32  0x00000000a0000050        0x0 /home/alejandro/microchip/xc2/v2.40/bin/bin/../../lib/gcc/pic32mx/4.8.3/../../../../pic32mx/lib/libpic32.a(default-on-reset.o)
 .mdebug.abi32  0x00000000a0000050        0x0 /home/alejandro/microchip/xc2/v2.40/bin/bin/../../lib/gcc/pic32mx/4.8.3/../../../../pic32mx/lib/libpic32.a(default-on-bootstrap.o)
 .mdebug.abi32  0x00000000a0000050        0x0 /home/alejandro/microchip/xc2/v2.40/bin/bin/../../lib/gcc/pic32mx/4.8.3/../../../../pic32mx/lib/libpic32.a(defaultinterrupt.o)
 .mdebug.abi32  0x00000000a0000050        0x0 /home/alejandro/microchip/xc2/v2.40/bin/bin/../../lib/gcc/pic32mx/4.8.3/../../../../pic32mx/lib/libc.a(printf_cdnopsuxX.eo)
 .mdebug.abi32  0x00000000a0000050        0x0 /home/alejandro/microchip/xc2/v2.40/bin/bin/../../lib/gcc/pic32mx/4.8.3/../../../../pic32mx/lib/libc.a(sprintf_cdnopsuxX.eo)
 .mdebug.abi32  0x00000000a0000050        0x0 /home/alejandro/microchip/xc2/v2.40/bin/bin/../../lib/gcc/pic32mx/4.8.3/../../../../pic32mx/lib/libc.a(_iob.o)
 .mdebug.abi32  0x00000000a0000050        0x0 /home/alejandro/microchip/xc2/v2.40/bin/bin/../../lib/gcc/pic32mx/4.8.3/../../../../pic32mx/lib/libc.a(doprnt_cdnopsuxX.eo)
 .mdebug.abi32  0x00000000a0000050        0x0 /home/alejandro/microchip/xc2/v2.40/bin/bin/../../lib/gcc/pic32mx/4.8.3/../../../../pic32mx/lib/libc.a(_fputc_simple.o)
 .mdebug.abi32  0x00000000a0000050        0x0 /home/alejandro/microchip/xc2/v2.40/bin/bin/../../lib/gcc/pic32mx/4.8.3/../../../../pic32mx/lib/libc.a(ctype.o)
 .mdebug.abi32  0x00000000a0000050        0x0 /home/alejandro/microchip/xc2/v2.40/bin/bin/../../lib/gcc/pic32mx/4.8.3/../../../../pic32mx/lib/libc.a(_flsbuf_simple.o)
 .mdebug.abi32  0x00000000a0000050        0x0 /home/alejandro/microchip/xc2/v2.40/bin/bin/../../lib/gcc/pic32mx/4.8.3/libgcc.a(_udivdi3.o)
 .mdebug.abi32  0x00000000a0000050        0x0 /home/alejandro/microchip/xc2/v2.40/bin/bin/../../lib/gcc/pic32mx/4.8.3/libgcc.a(_umoddi3.o)
 .mdebug.abi32  0x00000000a0000050        0x0 /home/alejandro/microchip/xc2/v2.40/bin/bin/../../lib/gcc/pic32mx/4.8.3/../../../../pic32mx/lib/libpic32.a(write.o)

.mdebug.abiN32
 *(.mdebug.abiN32)

.mdebug.abi64
 *(.mdebug.abi64)

.mdebug.abiO64
 *(.mdebug.abiO64)

.mdebug.eabi32
 *(.mdebug.eabi32)

.mdebug.eabi64
 *(.mdebug.eabi64)

.gcc_compiled_long32
 *(.gcc_compiled_long32)

.gcc_compiled_long64
 *(.gcc_compiled_long64)

.stab
 *(.stab)

.stabstr
 *(.stabstr)

.stab.excl
 *(.stab.excl)

.stab.exclstr
 *(.stab.exclstr)

.stab.index
 *(.stab.index)

.stab.indexstr
 *(.stab.indexstr)

.comment        0x0000000000000000       0xa3
 *(.comment)
 .comment       0x0000000000000000       0x3c build/default/production/_ext/60165520/plib_clk.o
                                         0x3d (size before relaxing)
 .comment       0x0000000000000000       0x3d build/default/production/_ext/1249264884/plib_coretimer.o
 .comment       0x0000000000000000       0x3d build/default/production/_ext/1865161661/plib_dmac.o
 .comment       0x0000000000000000       0x3d build/default/production/_ext/1865200349/plib_evic.o
 .comment       0x0000000000000000       0x3d build/default/production/_ext/1865254177/plib_gpio.o
 .comment       0x0000000000000000       0x3d build/default/production/_ext/60181895/plib_tmr2.o
 .comment       0x0000000000000000       0x3d build/default/production/_ext/1865657120/plib_uart1.o
 .comment       0x0000000000000000       0x3d build/default/production/_ext/163028504/xc32_monitor.o
 .comment       0x0000000000000000       0x3d build/default/production/_ext/1171490990/initialization.o
 .comment       0x0000000000000000       0x3d build/default/production/_ext/1171490990/interrupts.o
 .comment       0x0000000000000000       0x3d build/default/production/_ext/1171490990/exceptions.o
 .comment       0x0000000000000000       0x3d build/default/production/_ext/1360937237/main_pic32.o
 .comment       0x000000000000003c       0x19 /home/alejandro/microchip/xc2/v2.40/bin/bin/../../lib/gcc/pic32mx/4.8.3/../../../../pic32mx/lib/libpic32.a(strlen.o)
                                         0x1a (size before relaxing)
 .comment       0x0000000000000000       0x3d /home/alejandro/microchip/xc2/v2.40/bin/bin/../../lib/gcc/pic32mx/4.8.3/../../../../pic32mx/lib/libpic32.a(default-bootstrap-exception-handler.o)
 .comment       0x0000000000000000       0x3d /home/alejandro/microchip/xc2/v2.40/bin/bin/../../lib/gcc/pic32mx/4.8.3/../../../../pic32mx/lib/libpic32.a(default-on-reset.o)
 .comment       0x0000000000000000       0x3d /home/alejandro/microchip/xc2/v2.40/bin/bin/../../lib/gcc/pic32mx/4.8.3/../../../../pic32mx/lib/libpic32.a(default-on-bootstrap.o)
 .comment       0x0000000000000000       0x3d /home/alejandro/microchip/xc2/v2.40/bin/bin/../../lib/gcc/pic32mx/4.8.3/../../../../pic32mx/lib/libpic32.a(defaultinterrupt.o)
 .comment       0x0000000000000000       0x3d /home/alejandro/microchip/xc2/v2.40/bin/bin/../../lib/gcc/pic32mx/4.8.3/../../../../pic32mx/lib/libc.a(printf_cdnopsuxX.eo)
 .comment       0x0000000000000000       0x3d /home/alejandro/microchip/xc2/v2.40/bin/bin/../../lib/gcc/pic32mx/4.8.3/../../../../pic32mx/lib/libc.a(sprintf_cdnopsuxX.eo)
 .comment       0x0000000000000000       0x3d /home/alejandro/microchip/xc2/v2.40/bin/bin/../../lib/gcc/pic32mx/4.8.3/../../../../pic32mx/lib/libc.a(_iob.o)
 .comment       0x0000000000000000       0x3d /home/alejandro/microchip/xc2/v2.40/bin/bin/../../lib/gcc/pic32mx/4.8.3/../../../../pic32mx/lib/libc.a(doprnt_cdnopsuxX.eo)
 .comment       0x0000000000000000       0x3d /home/alejandro/microchip/xc2/v2.40/bin/bin/../../lib/gcc/pic32mx/4.8.3/../../../../pic32mx/lib/libc.a(_fputc_simple.o)
 .comment       0x0000000000000055       0x4e /home/alejandro/microchip/xc2/v2.40/bin/bin/../../lib/gcc/pic32mx/4.8.3/../../../../pic32mx/lib/libc.a(ctype.o)
                                         0x8b (size before relaxing)
 .comment       0x0000000000000000       0x3d /home/alejandro/microchip/xc2/v2.40/bin/bin/../../lib/gcc/pic32mx/4.8.3/../../../../pic32mx/lib/libc.a(_flsbuf_simple.o)
 .comment       0x0000000000000000       0x3d /home/alejandro/microchip/xc2/v2.40/bin/bin/../../lib/gcc/pic32mx/4.8.3/libgcc.a(_udivdi3.o)
 .comment       0x0000000000000000       0x3d /home/alejandro/microchip/xc2/v2.40/bin/bin/../../lib/gcc/pic32mx/4.8.3/libgcc.a(_umoddi3.o)
 .comment       0x0000000000000000       0x3d /home/alejandro/microchip/xc2/v2.40/bin/bin/../../lib/gcc/pic32mx/4.8.3/../../../../pic32mx/lib/libpic32.a(write.o)

.debug
 *(.debug)

.line
 *(.line)

.debug_srcinfo
 *(.debug_srcinfo)

.debug_sfnames
 *(.debug_sfnames)

.debug_aranges  0x0000000000000000      0x4f8
 *(.debug_aranges)
 .debug_aranges
                0x0000000000000000       0x20 build/default/production/_ext/60165520/plib_clk.o
 .debug_aranges
                0x0000000000000020       0x60 build/default/production/_ext/1249264884/plib_coretimer.o
 .debug_aranges
                0x0000000000000080       0x50 build/default/production/_ext/1865161661/plib_dmac.o
 .debug_aranges
                0x00000000000000d0       0x50 build/default/production/_ext/1865200349/plib_evic.o
 .debug_aranges
                0x0000000000000120       0x80 build/default/production/_ext/1865254177/plib_gpio.o
 .debug_aranges
                0x00000000000001a0       0x70 build/default/production/_ext/60181895/plib_tmr2.o
 .debug_aranges
                0x0000000000000210       0x78 build/default/production/_ext/1865657120/plib_uart1.o
 .debug_aranges
                0x0000000000000288       0x28 build/default/production/_ext/163028504/xc32_monitor.o
 .debug_aranges
                0x00000000000002b0       0x20 build/default/production/_ext/1171490990/initialization.o
 .debug_aranges
                0x00000000000002d0       0x40 build/default/production/_ext/1171490990/interrupts.o
 .debug_aranges
                0x0000000000000310       0x20 build/default/production/_ext/1171490990/exceptions.o
 .debug_aranges
                0x0000000000000330       0x48 build/default/production/_ext/1360937237/main_pic32.o
 .debug_aranges
                0x0000000000000378       0x20 /home/alejandro/microchip/xc2/v2.40/bin/bin/../../lib/gcc/pic32mx/4.8.3/../../../../pic32mx/lib/libpic32.a(default-bootstrap-exception-handler.o)
 .debug_aranges
                0x0000000000000398       0x20 /home/alejandro/microchip/xc2/v2.40/bin/bin/../../lib/gcc/pic32mx/4.8.3/../../../../pic32mx/lib/libpic32.a(default-on-reset.o)
 .debug_aranges
                0x00000000000003b8       0x20 /home/alejandro/microchip/xc2/v2.40/bin/bin/../../lib/gcc/pic32mx/4.8.3/../../../../pic32mx/lib/libpic32.a(default-on-bootstrap.o)
 .debug_aranges
                0x00000000000003d8       0x20 /home/alejandro/microchip/xc2/v2.40/bin/bin/../../lib/gcc/pic32mx/4.8.3/../../../../pic32mx/lib/libpic32.a(defaultinterrupt.o)
 .debug_aranges
                0x00000000000003f8       0x20 /home/alejandro/microchip/xc2/v2.40/bin/bin/../../lib/gcc/pic32mx/4.8.3/../../../../pic32mx/lib/libc.a(printf_cdnopsuxX.eo)
 .debug_aranges
                0x0000000000000418       0x20 /home/alejandro/microchip/xc2/v2.40/bin/bin/../../lib/gcc/pic32mx/4.8.3/../../../../pic32mx/lib/libc.a(sprintf_cdnopsuxX.eo)
 .debug_aranges
                0x0000000000000438       0x20 /home/alejandro/microchip/xc2/v2.40/bin/bin/../../lib/gcc/pic32mx/4.8.3/../../../../pic32mx/lib/libc.a(doprnt_cdnopsuxX.eo)
 .debug_aranges
                0x0000000000000458       0x20 /home/alejandro/microchip/xc2/v2.40/bin/bin/../../lib/gcc/pic32mx/4.8.3/../../../../pic32mx/lib/libc.a(_fputc_simple.o)
 .debug_aranges
                0x0000000000000478       0x20 /home/alejandro/microchip/xc2/v2.40/bin/bin/../../lib/gcc/pic32mx/4.8.3/../../../../pic32mx/lib/libc.a(_flsbuf_simple.o)
 .debug_aranges
                0x0000000000000498       0x20 /home/alejandro/microchip/xc2/v2.40/bin/bin/../../lib/gcc/pic32mx/4.8.3/libgcc.a(_udivdi3.o)
 .debug_aranges
                0x00000000000004b8       0x20 /home/alejandro/microchip/xc2/v2.40/bin/bin/../../lib/gcc/pic32mx/4.8.3/libgcc.a(_umoddi3.o)
 .debug_aranges
                0x00000000000004d8       0x20 /home/alejandro/microchip/xc2/v2.40/bin/bin/../../lib/gcc/pic32mx/4.8.3/../../../../pic32mx/lib/libpic32.a(write.o)

.debug_pubnames
 *(.debug_pubnames)

.debug_info     0x0000000000000000     0x7552
 *(.debug_info .gnu.linkonce.wi.*)
 .debug_info    0x0000000000000000      0x19c build/default/production/_ext/60165520/plib_clk.o
 .debug_info    0x000000000000019c      0x84c build/default/production/_ext/1249264884/plib_coretimer.o
 .debug_info    0x00000000000009e8      0xc1b build/default/production/_ext/1865161661/plib_dmac.o
 .debug_info    0x0000000000001603      0xcfd build/default/production/_ext/1865200349/plib_evic.o
 .debug_info    0x0000000000002300      0xe62 build/default/production/_ext/1865254177/plib_gpio.o
 .debug_info    0x0000000000003162      0x903 build/default/production/_ext/60181895/plib_tmr2.o
 .debug_info    0x0000000000003a65      0xa91 build/default/production/_ext/1865657120/plib_uart1.o
 .debug_info    0x00000000000044f6      0x12c build/default/production/_ext/163028504/xc32_monitor.o
 .debug_info    0x0000000000004622      0x494 build/default/production/_ext/1171490990/initialization.o
 .debug_info    0x0000000000004ab6      0x2fc build/default/production/_ext/1171490990/interrupts.o
 .debug_info    0x0000000000004db2      0x25c build/default/production/_ext/1171490990/exceptions.o
 .debug_info    0x000000000000500e      0xe3c build/default/production/_ext/1360937237/main_pic32.o
 .debug_info    0x0000000000005e4a       0xf4 /home/alejandro/microchip/xc2/v2.40/bin/bin/../../lib/gcc/pic32mx/4.8.3/../../../../pic32mx/lib/libpic32.a(default-bootstrap-exception-handler.o)
 .debug_info    0x0000000000005f3e       0xcd /home/alejandro/microchip/xc2/v2.40/bin/bin/../../lib/gcc/pic32mx/4.8.3/../../../../pic32mx/lib/libpic32.a(default-on-reset.o)
 .debug_info    0x000000000000600b       0xd5 /home/alejandro/microchip/xc2/v2.40/bin/bin/../../lib/gcc/pic32mx/4.8.3/../../../../pic32mx/lib/libpic32.a(default-on-bootstrap.o)
 .debug_info    0x00000000000060e0       0xe7 /home/alejandro/microchip/xc2/v2.40/bin/bin/../../lib/gcc/pic32mx/4.8.3/../../../../pic32mx/lib/libpic32.a(defaultinterrupt.o)
 .debug_info    0x00000000000061c7       0xcf /home/alejandro/microchip/xc2/v2.40/bin/bin/../../lib/gcc/pic32mx/4.8.3/../../../../pic32mx/lib/libc.a(printf_cdnopsuxX.eo)
 .debug_info    0x0000000000006296       0xd1 /home/alejandro/microchip/xc2/v2.40/bin/bin/../../lib/gcc/pic32mx/4.8.3/../../../../pic32mx/lib/libc.a(sprintf_cdnopsuxX.eo)
 .debug_info    0x0000000000006367       0xd2 /home/alejandro/microchip/xc2/v2.40/bin/bin/../../lib/gcc/pic32mx/4.8.3/../../../../pic32mx/lib/libc.a(doprnt_cdnopsuxX.eo)
 .debug_info    0x0000000000006439       0xc2 /home/alejandro/microchip/xc2/v2.40/bin/bin/../../lib/gcc/pic32mx/4.8.3/../../../../pic32mx/lib/libc.a(_fputc_simple.o)
 .debug_info    0x00000000000064fb       0xc5 /home/alejandro/microchip/xc2/v2.40/bin/bin/../../lib/gcc/pic32mx/4.8.3/../../../../pic32mx/lib/libc.a(_flsbuf_simple.o)
 .debug_info    0x00000000000065c0      0x74b /home/alejandro/microchip/xc2/v2.40/bin/bin/../../lib/gcc/pic32mx/4.8.3/libgcc.a(_udivdi3.o)
 .debug_info    0x0000000000006d0b      0x788 /home/alejandro/microchip/xc2/v2.40/bin/bin/../../lib/gcc/pic32mx/4.8.3/libgcc.a(_umoddi3.o)
 .debug_info    0x0000000000007493       0xbf /home/alejandro/microchip/xc2/v2.40/bin/bin/../../lib/gcc/pic32mx/4.8.3/../../../../pic32mx/lib/libpic32.a(write.o)

.debug_abbrev   0x0000000000000000     0x1356
 *(.debug_abbrev)
 .debug_abbrev  0x0000000000000000       0x39 build/default/production/_ext/60165520/plib_clk.o
 .debug_abbrev  0x0000000000000039      0x157 build/default/production/_ext/1249264884/plib_coretimer.o
 .debug_abbrev  0x0000000000000190      0x28f build/default/production/_ext/1865161661/plib_dmac.o
 .debug_abbrev  0x000000000000041f       0xfc build/default/production/_ext/1865200349/plib_evic.o
 .debug_abbrev  0x000000000000051b      0x1e6 build/default/production/_ext/1865254177/plib_gpio.o
 .debug_abbrev  0x0000000000000701      0x183 build/default/production/_ext/60181895/plib_tmr2.o
 .debug_abbrev  0x0000000000000884      0x23b build/default/production/_ext/1865657120/plib_uart1.o
 .debug_abbrev  0x0000000000000abf       0x66 build/default/production/_ext/163028504/xc32_monitor.o
 .debug_abbrev  0x0000000000000b25       0xff build/default/production/_ext/1171490990/initialization.o
 .debug_abbrev  0x0000000000000c24       0x57 build/default/production/_ext/1171490990/interrupts.o
 .debug_abbrev  0x0000000000000c7b       0xa4 build/default/production/_ext/1171490990/exceptions.o
 .debug_abbrev  0x0000000000000d1f      0x228 build/default/production/_ext/1360937237/main_pic32.o
 .debug_abbrev  0x0000000000000f47       0x28 /home/alejandro/microchip/xc2/v2.40/bin/bin/../../lib/gcc/pic32mx/4.8.3/../../../../pic32mx/lib/libpic32.a(default-bootstrap-exception-handler.o)
 .debug_abbrev  0x0000000000000f6f       0x28 /home/alejandro/microchip/xc2/v2.40/bin/bin/../../lib/gcc/pic32mx/4.8.3/../../../../pic32mx/lib/libpic32.a(default-on-reset.o)
 .debug_abbrev  0x0000000000000f97       0x28 /home/alejandro/microchip/xc2/v2.40/bin/bin/../../lib/gcc/pic32mx/4.8.3/../../../../pic32mx/lib/libpic32.a(default-on-bootstrap.o)
 .debug_abbrev  0x0000000000000fbf       0x28 /home/alejandro/microchip/xc2/v2.40/bin/bin/../../lib/gcc/pic32mx/4.8.3/../../../../pic32mx/lib/libpic32.a(defaultinterrupt.o)
 .debug_abbrev  0x0000000000000fe7       0x28 /home/alejandro/microchip/xc2/v2.40/bin/bin/../../lib/gcc/pic32mx/4.8.3/../../../../pic32mx/lib/libc.a(printf_cdnopsuxX.eo)
 .debug_abbrev  0x000000000000100f       0x28 /home/alejandro/microchip/xc2/v2.40/bin/bin/../../lib/gcc/pic32mx/4.8.3/../../../../pic32mx/lib/libc.a(sprintf_cdnopsuxX.eo)
 .debug_abbrev  0x0000000000001037       0x28 /home/alejandro/microchip/xc2/v2.40/bin/bin/../../lib/gcc/pic32mx/4.8.3/../../../../pic32mx/lib/libc.a(doprnt_cdnopsuxX.eo)
 .debug_abbrev  0x000000000000105f       0x28 /home/alejandro/microchip/xc2/v2.40/bin/bin/../../lib/gcc/pic32mx/4.8.3/../../../../pic32mx/lib/libc.a(_fputc_simple.o)
 .debug_abbrev  0x0000000000001087       0x28 /home/alejandro/microchip/xc2/v2.40/bin/bin/../../lib/gcc/pic32mx/4.8.3/../../../../pic32mx/lib/libc.a(_flsbuf_simple.o)
 .debug_abbrev  0x00000000000010af      0x138 /home/alejandro/microchip/xc2/v2.40/bin/bin/../../lib/gcc/pic32mx/4.8.3/libgcc.a(_udivdi3.o)
 .debug_abbrev  0x00000000000011e7      0x147 /home/alejandro/microchip/xc2/v2.40/bin/bin/../../lib/gcc/pic32mx/4.8.3/libgcc.a(_umoddi3.o)
 .debug_abbrev  0x000000000000132e       0x28 /home/alejandro/microchip/xc2/v2.40/bin/bin/../../lib/gcc/pic32mx/4.8.3/../../../../pic32mx/lib/libpic32.a(write.o)

.debug_line     0x0000000000000000     0x1ff3
 *(.debug_line)
 .debug_line    0x0000000000000000       0x92 build/default/production/_ext/60165520/plib_clk.o
 .debug_line    0x0000000000000092      0x1e9 build/default/production/_ext/1249264884/plib_coretimer.o
 .debug_line    0x000000000000027b      0x2c6 build/default/production/_ext/1865161661/plib_dmac.o
 .debug_line    0x0000000000000541      0x1c5 build/default/production/_ext/1865200349/plib_evic.o
 .debug_line    0x0000000000000706      0x242 build/default/production/_ext/1865254177/plib_gpio.o
 .debug_line    0x0000000000000948      0x206 build/default/production/_ext/60181895/plib_tmr2.o
 .debug_line    0x0000000000000b4e      0x308 build/default/production/_ext/1865657120/plib_uart1.o
 .debug_line    0x0000000000000e56       0x9c build/default/production/_ext/163028504/xc32_monitor.o
 .debug_line    0x0000000000000ef2      0x41a build/default/production/_ext/1171490990/initialization.o
 .debug_line    0x000000000000130c       0xfe build/default/production/_ext/1171490990/interrupts.o
 .debug_line    0x000000000000140a       0xc9 build/default/production/_ext/1171490990/exceptions.o
 .debug_line    0x00000000000014d3      0x3ad build/default/production/_ext/1360937237/main_pic32.o
 .debug_line    0x0000000000001880       0xa6 /home/alejandro/microchip/xc2/v2.40/bin/bin/../../lib/gcc/pic32mx/4.8.3/../../../../pic32mx/lib/libpic32.a(default-bootstrap-exception-handler.o)
 .debug_line    0x0000000000001926       0x93 /home/alejandro/microchip/xc2/v2.40/bin/bin/../../lib/gcc/pic32mx/4.8.3/../../../../pic32mx/lib/libpic32.a(default-on-reset.o)
 .debug_line    0x00000000000019b9       0x97 /home/alejandro/microchip/xc2/v2.40/bin/bin/../../lib/gcc/pic32mx/4.8.3/../../../../pic32mx/lib/libpic32.a(default-on-bootstrap.o)
 .debug_line    0x0000000000001a50       0xa5 /home/alejandro/microchip/xc2/v2.40/bin/bin/../../lib/gcc/pic32mx/4.8.3/../../../../pic32mx/lib/libpic32.a(defaultinterrupt.o)
 .debug_line    0x0000000000001af5       0x7e /home/alejandro/microchip/xc2/v2.40/bin/bin/../../lib/gcc/pic32mx/4.8.3/../../../../pic32mx/lib/libc.a(printf_cdnopsuxX.eo)
 .debug_line    0x0000000000001b73       0x7f /home/alejandro/microchip/xc2/v2.40/bin/bin/../../lib/gcc/pic32mx/4.8.3/../../../../pic32mx/lib/libc.a(sprintf_cdnopsuxX.eo)
 .debug_line    0x0000000000001bf2        0x0 /home/alejandro/microchip/xc2/v2.40/bin/bin/../../lib/gcc/pic32mx/4.8.3/../../../../pic32mx/lib/libc.a(_iob.o)
 .debug_line    0x0000000000001bf2       0x7e /home/alejandro/microchip/xc2/v2.40/bin/bin/../../lib/gcc/pic32mx/4.8.3/../../../../pic32mx/lib/libc.a(doprnt_cdnopsuxX.eo)
 .debug_line    0x0000000000001c70       0x7d /home/alejandro/microchip/xc2/v2.40/bin/bin/../../lib/gcc/pic32mx/4.8.3/../../../../pic32mx/lib/libc.a(_fputc_simple.o)
 .debug_line    0x0000000000001ced        0x0 /home/alejandro/microchip/xc2/v2.40/bin/bin/../../lib/gcc/pic32mx/4.8.3/../../../../pic32mx/lib/libc.a(ctype.o)
 .debug_line    0x0000000000001ced       0x7e /home/alejandro/microchip/xc2/v2.40/bin/bin/../../lib/gcc/pic32mx/4.8.3/../../../../pic32mx/lib/libc.a(_flsbuf_simple.o)
 .debug_line    0x0000000000001d6b       0xf7 /home/alejandro/microchip/xc2/v2.40/bin/bin/../../lib/gcc/pic32mx/4.8.3/libgcc.a(_udivdi3.o)
 .debug_line    0x0000000000001e62      0x109 /home/alejandro/microchip/xc2/v2.40/bin/bin/../../lib/gcc/pic32mx/4.8.3/libgcc.a(_umoddi3.o)
 .debug_line    0x0000000000001f6b       0x88 /home/alejandro/microchip/xc2/v2.40/bin/bin/../../lib/gcc/pic32mx/4.8.3/../../../../pic32mx/lib/libpic32.a(write.o)

.debug_frame    0x0000000000000000      0x9c4
 *(.debug_frame)
 .debug_frame   0x0000000000000000       0x20 build/default/production/_ext/60165520/plib_clk.o
 .debug_frame   0x0000000000000020       0xf4 build/default/production/_ext/1249264884/plib_coretimer.o
 .debug_frame   0x0000000000000114       0xa8 build/default/production/_ext/1865161661/plib_dmac.o
 .debug_frame   0x00000000000001bc       0x80 build/default/production/_ext/1865200349/plib_evic.o
 .debug_frame   0x000000000000023c       0xec build/default/production/_ext/1865254177/plib_gpio.o
 .debug_frame   0x0000000000000328       0xcc build/default/production/_ext/60181895/plib_tmr2.o
 .debug_frame   0x00000000000003f4       0xec build/default/production/_ext/1865657120/plib_uart1.o
 .debug_frame   0x00000000000004e0       0x30 build/default/production/_ext/163028504/xc32_monitor.o
 .debug_frame   0x0000000000000510       0x2c build/default/production/_ext/1171490990/initialization.o
 .debug_frame   0x000000000000053c      0x1c8 build/default/production/_ext/1171490990/interrupts.o
 .debug_frame   0x0000000000000704       0x28 build/default/production/_ext/1171490990/exceptions.o
 .debug_frame   0x000000000000072c       0x94 build/default/production/_ext/1360937237/main_pic32.o
 .debug_frame   0x00000000000007c0       0x2c /home/alejandro/microchip/xc2/v2.40/bin/bin/../../lib/gcc/pic32mx/4.8.3/../../../../pic32mx/lib/libpic32.a(default-bootstrap-exception-handler.o)
 .debug_frame   0x00000000000007ec       0x20 /home/alejandro/microchip/xc2/v2.40/bin/bin/../../lib/gcc/pic32mx/4.8.3/../../../../pic32mx/lib/libpic32.a(default-on-reset.o)
 .debug_frame   0x000000000000080c       0x20 /home/alejandro/microchip/xc2/v2.40/bin/bin/../../lib/gcc/pic32mx/4.8.3/../../../../pic32mx/lib/libpic32.a(default-on-bootstrap.o)
 .debug_frame   0x000000000000082c       0x20 /home/alejandro/microchip/xc2/v2.40/bin/bin/../../lib/gcc/pic32mx/4.8.3/../../../../pic32mx/lib/libpic32.a(defaultinterrupt.o)
 .debug_frame   0x000000000000084c       0x2c /home/alejandro/microchip/xc2/v2.40/bin/bin/../../lib/gcc/pic32mx/4.8.3/../../../../pic32mx/lib/libc.a(printf_cdnopsuxX.eo)
 .debug_frame   0x0000000000000878       0x2c /home/alejandro/microchip/xc2/v2.40/bin/bin/../../lib/gcc/pic32mx/4.8.3/../../../../pic32mx/lib/libc.a(sprintf_cdnopsuxX.eo)
 .debug_frame   0x00000000000008a4       0x40 /home/alejandro/microchip/xc2/v2.40/bin/bin/../../lib/gcc/pic32mx/4.8.3/../../../../pic32mx/lib/libc.a(doprnt_cdnopsuxX.eo)
 .debug_frame   0x00000000000008e4       0x30 /home/alejandro/microchip/xc2/v2.40/bin/bin/../../lib/gcc/pic32mx/4.8.3/../../../../pic32mx/lib/libc.a(_fputc_simple.o)
 .debug_frame   0x0000000000000914       0x38 /home/alejandro/microchip/xc2/v2.40/bin/bin/../../lib/gcc/pic32mx/4.8.3/../../../../pic32mx/lib/libc.a(_flsbuf_simple.o)
 .debug_frame   0x000000000000094c       0x20 /home/alejandro/microchip/xc2/v2.40/bin/bin/../../lib/gcc/pic32mx/4.8.3/libgcc.a(_udivdi3.o)
 .debug_frame   0x000000000000096c       0x20 /home/alejandro/microchip/xc2/v2.40/bin/bin/../../lib/gcc/pic32mx/4.8.3/libgcc.a(_umoddi3.o)
 .debug_frame   0x000000000000098c       0x38 /home/alejandro/microchip/xc2/v2.40/bin/bin/../../lib/gcc/pic32mx/4.8.3/../../../../pic32mx/lib/libpic32.a(write.o)

.debug_str      0x0000000000000000       0x9c
 *(.debug_str)
 .debug_str     0x0000000000000000        0x0 build/default/production/_ext/60165520/plib_clk.o
 .debug_str     0x0000000000000000       0x14 build/default/production/_ext/1249264884/plib_coretimer.o
 .debug_str     0x0000000000000014       0x22 build/default/production/_ext/1865161661/plib_dmac.o
 .debug_str     0x0000000000000036        0x7 build/default/production/_ext/1865200349/plib_evic.o
 .debug_str     0x000000000000003d       0x35 build/default/production/_ext/1865254177/plib_gpio.o
 .debug_str     0x0000000000000072        0xc build/default/production/_ext/60181895/plib_tmr2.o
 .debug_str     0x000000000000007e       0x10 build/default/production/_ext/1865657120/plib_uart1.o
 .debug_str     0x000000000000008e        0x0 build/default/production/_ext/163028504/xc32_monitor.o
 .debug_str     0x000000000000008e        0x0 build/default/production/_ext/1171490990/initialization.o
 .debug_str     0x000000000000008e        0x0 build/default/production/_ext/1171490990/interrupts.o
 .debug_str     0x000000000000008e        0x0 build/default/production/_ext/1171490990/exceptions.o
 .debug_str     0x000000000000008e        0xe build/default/production/_ext/1360937237/main_pic32.o
 .debug_str     0x000000000000009c        0x0 /home/alejandro/microchip/xc2/v2.40/bin/bin/../../lib/gcc/pic32mx/4.8.3/../../../../pic32mx/lib/libpic32.a(default-bootstrap-exception-handler.o)
 .debug_str     0x000000000000009c        0x0 /home/alejandro/microchip/xc2/v2.40/bin/bin/../../lib/gcc/pic32mx/4.8.3/../../../../pic32mx/lib/libpic32.a(default-on-reset.o)
 .debug_str     0x000000000000009c        0x0 /home/alejandro/microchip/xc2/v2.40/bin/bin/../../lib/gcc/pic32mx/4.8.3/../../../../pic32mx/lib/libpic32.a(default-on-bootstrap.o)
 .debug_str     0x000000000000009c        0x0 /home/alejandro/microchip/xc2/v2.40/bin/bin/../../lib/gcc/pic32mx/4.8.3/../../../../pic32mx/lib/libpic32.a(defaultinterrupt.o)
 .debug_str     0x000000000000009c        0x0 /home/alejandro/microchip/xc2/v2.40/bin/bin/../../lib/gcc/pic32mx/4.8.3/../../../../pic32mx/lib/libc.a(printf_cdnopsuxX.eo)
 .debug_str     0x000000000000009c        0x0 /home/alejandro/microchip/xc2/v2.40/bin/bin/../../lib/gcc/pic32mx/4.8.3/../../../../pic32mx/lib/libc.a(sprintf_cdnopsuxX.eo)
 .debug_str     0x000000000000009c        0x0 /home/alejandro/microchip/xc2/v2.40/bin/bin/../../lib/gcc/pic32mx/4.8.3/../../../../pic32mx/lib/libc.a(_iob.o)
 .debug_str     0x000000000000009c        0x0 /home/alejandro/microchip/xc2/v2.40/bin/bin/../../lib/gcc/pic32mx/4.8.3/../../../../pic32mx/lib/libc.a(doprnt_cdnopsuxX.eo)
 .debug_str     0x000000000000009c        0x0 /home/alejandro/microchip/xc2/v2.40/bin/bin/../../lib/gcc/pic32mx/4.8.3/../../../../pic32mx/lib/libc.a(_fputc_simple.o)
 .debug_str     0x000000000000009c        0x0 /home/alejandro/microchip/xc2/v2.40/bin/bin/../../lib/gcc/pic32mx/4.8.3/../../../../pic32mx/lib/libc.a(ctype.o)
 .debug_str     0x000000000000009c        0x0 /home/alejandro/microchip/xc2/v2.40/bin/bin/../../lib/gcc/pic32mx/4.8.3/../../../../pic32mx/lib/libc.a(_flsbuf_simple.o)
 .debug_str     0x000000000000009c        0x0 /home/alejandro/microchip/xc2/v2.40/bin/bin/../../lib/gcc/pic32mx/4.8.3/libgcc.a(_udivdi3.o)
 .debug_str     0x000000000000009c        0x0 /home/alejandro/microchip/xc2/v2.40/bin/bin/../../lib/gcc/pic32mx/4.8.3/libgcc.a(_umoddi3.o)
 .debug_str     0x000000000000009c        0x0 /home/alejandro/microchip/xc2/v2.40/bin/bin/../../lib/gcc/pic32mx/4.8.3/../../../../pic32mx/lib/libpic32.a(write.o)

.debug_loc      0x0000000000000000     0x23e5
 *(.debug_loc)
 .debug_loc     0x0000000000000000       0x42 build/default/production/_ext/1249264884/plib_coretimer.o
 .debug_loc     0x0000000000000042      0x633 build/default/production/_ext/1865161661/plib_dmac.o
 .debug_loc     0x0000000000000675       0xc4 build/default/production/_ext/1865200349/plib_evic.o
 .debug_loc     0x0000000000000739      0x382 build/default/production/_ext/1865254177/plib_gpio.o
 .debug_loc     0x0000000000000abb       0x13 build/default/production/_ext/60181895/plib_tmr2.o
 .debug_loc     0x0000000000000ace      0x3d8 build/default/production/_ext/1865657120/plib_uart1.o
 .debug_loc     0x0000000000000ea6       0x21 build/default/production/_ext/1171490990/initialization.o
 .debug_loc     0x0000000000000ec7       0x13 build/default/production/_ext/1360937237/main_pic32.o
 .debug_loc     0x0000000000000eda       0x2c /home/alejandro/microchip/xc2/v2.40/bin/bin/../../lib/gcc/pic32mx/4.8.3/../../../../pic32mx/lib/libpic32.a(default-bootstrap-exception-handler.o)
 .debug_loc     0x0000000000000f06      0xa6a /home/alejandro/microchip/xc2/v2.40/bin/bin/../../lib/gcc/pic32mx/4.8.3/libgcc.a(_udivdi3.o)
 .debug_loc     0x0000000000001970      0xa3d /home/alejandro/microchip/xc2/v2.40/bin/bin/../../lib/gcc/pic32mx/4.8.3/libgcc.a(_umoddi3.o)
 .debug_loc     0x00000000000023ad       0x38 /home/alejandro/microchip/xc2/v2.40/bin/bin/../../lib/gcc/pic32mx/4.8.3/../../../../pic32mx/lib/libpic32.a(write.o)

.debug_macinfo
 *(.debug_macinfo)

.debug_weaknames
 *(.debug_weaknames)

.debug_funcnames
 *(.debug_funcnames)

.debug_typenames
 *(.debug_typenames)

.debug_varnames
 *(.debug_varnames)

.debug_pubtypes
 *(.debug_pubtypes)

.debug_ranges   0x0000000000000000      0x530
 *(.debug_ranges)
 .debug_ranges  0x0000000000000000       0x10 build/default/production/_ext/60165520/plib_clk.o
 .debug_ranges  0x0000000000000010       0x50 build/default/production/_ext/1249264884/plib_coretimer.o
 .debug_ranges  0x0000000000000060       0x88 build/default/production/_ext/1865161661/plib_dmac.o
 .debug_ranges  0x00000000000000e8       0x40 build/default/production/_ext/1865200349/plib_evic.o
 .debug_ranges  0x0000000000000128       0x70 build/default/production/_ext/1865254177/plib_gpio.o
 .debug_ranges  0x0000000000000198       0x60 build/default/production/_ext/60181895/plib_tmr2.o
 .debug_ranges  0x00000000000001f8       0x88 build/default/production/_ext/1865657120/plib_uart1.o
 .debug_ranges  0x0000000000000280       0x18 build/default/production/_ext/163028504/xc32_monitor.o
 .debug_ranges  0x0000000000000298       0x10 build/default/production/_ext/1171490990/initialization.o
 .debug_ranges  0x00000000000002a8       0x30 build/default/production/_ext/1171490990/interrupts.o
 .debug_ranges  0x00000000000002d8       0x10 build/default/production/_ext/1171490990/exceptions.o
 .debug_ranges  0x00000000000002e8       0x38 build/default/production/_ext/1360937237/main_pic32.o
 .debug_ranges  0x0000000000000320       0x10 /home/alejandro/microchip/xc2/v2.40/bin/bin/../../lib/gcc/pic32mx/4.8.3/../../../../pic32mx/lib/libpic32.a(default-bootstrap-exception-handler.o)
 .debug_ranges  0x0000000000000330       0x10 /home/alejandro/microchip/xc2/v2.40/bin/bin/../../lib/gcc/pic32mx/4.8.3/../../../../pic32mx/lib/libpic32.a(default-on-reset.o)
 .debug_ranges  0x0000000000000340       0x10 /home/alejandro/microchip/xc2/v2.40/bin/bin/../../lib/gcc/pic32mx/4.8.3/../../../../pic32mx/lib/libpic32.a(default-on-bootstrap.o)
 .debug_ranges  0x0000000000000350       0x10 /home/alejandro/microchip/xc2/v2.40/bin/bin/../../lib/gcc/pic32mx/4.8.3/../../../../pic32mx/lib/libpic32.a(defaultinterrupt.o)
 .debug_ranges  0x0000000000000360       0x10 /home/alejandro/microchip/xc2/v2.40/bin/bin/../../lib/gcc/pic32mx/4.8.3/../../../../pic32mx/lib/libc.a(printf_cdnopsuxX.eo)
 .debug_ranges  0x0000000000000370       0x10 /home/alejandro/microchip/xc2/v2.40/bin/bin/../../lib/gcc/pic32mx/4.8.3/../../../../pic32mx/lib/libc.a(sprintf_cdnopsuxX.eo)
 .debug_ranges  0x0000000000000380       0x10 /home/alejandro/microchip/xc2/v2.40/bin/bin/../../lib/gcc/pic32mx/4.8.3/../../../../pic32mx/lib/libc.a(doprnt_cdnopsuxX.eo)
 .debug_ranges  0x0000000000000390       0x10 /home/alejandro/microchip/xc2/v2.40/bin/bin/../../lib/gcc/pic32mx/4.8.3/../../../../pic32mx/lib/libc.a(_fputc_simple.o)
 .debug_ranges  0x00000000000003a0       0x10 /home/alejandro/microchip/xc2/v2.40/bin/bin/../../lib/gcc/pic32mx/4.8.3/../../../../pic32mx/lib/libc.a(_flsbuf_simple.o)
 .debug_ranges  0x00000000000003b0       0x98 /home/alejandro/microchip/xc2/v2.40/bin/bin/../../lib/gcc/pic32mx/4.8.3/libgcc.a(_udivdi3.o)
 .debug_ranges  0x0000000000000448       0xd8 /home/alejandro/microchip/xc2/v2.40/bin/bin/../../lib/gcc/pic32mx/4.8.3/libgcc.a(_umoddi3.o)
 .debug_ranges  0x0000000000000520       0x10 /home/alejandro/microchip/xc2/v2.40/bin/bin/../../lib/gcc/pic32mx/4.8.3/../../../../pic32mx/lib/libpic32.a(write.o)

.gnu.attributes
                0x0000000000000000       0x10
 *(.gnu.attributes)
 .gnu.attributes
                0x0000000000000000       0x10 build/default/production/_ext/60165520/plib_clk.o
 .gnu.attributes
                0x0000000000000010       0x10 build/default/production/_ext/1249264884/plib_coretimer.o
 .gnu.attributes
                0x0000000000000020       0x10 build/default/production/_ext/1865161661/plib_dmac.o
 .gnu.attributes
                0x0000000000000030       0x10 build/default/production/_ext/1865200349/plib_evic.o
 .gnu.attributes
                0x0000000000000040       0x10 build/default/production/_ext/1865254177/plib_gpio.o
 .gnu.attributes
                0x0000000000000050       0x10 build/default/production/_ext/60181895/plib_tmr2.o
 .gnu.attributes
                0x0000000000000060       0x10 build/default/production/_ext/1865657120/plib_uart1.o
 .gnu.attributes
                0x0000000000000070       0x10 build/default/production/_ext/163028504/xc32_monitor.o
 .gnu.attributes
                0x0000000000000080       0x10 build/default/production/_ext/1171490990/initialization.o
 .gnu.attributes
                0x0000000000000090       0x10 build/default/production/_ext/1171490990/interrupts.o
 .gnu.attributes
                0x00000000000000a0       0x10 build/default/production/_ext/1171490990/exceptions.o
 .gnu.attributes
                0x00000000000000b0       0x10 build/default/production/_ext/1360937237/main_pic32.o
 .gnu.attributes
                0x00000000000000c0       0x10 /home/alejandro/microchip/xc2/v2.40/bin/bin/../../lib/gcc/pic32mx/4.8.3/../../../../pic32mx/lib/libpic32.a(default-bootstrap-exception-handler.o)
 .gnu.attributes
                0x00000000000000d0       0x10 /home/alejandro/microchip/xc2/v2.40/bin/bin/../../lib/gcc/pic32mx/4.8.3/../../../../pic32mx/lib/libpic32.a(default-on-reset.o)
 .gnu.attributes
                0x00000000000000e0       0x10 /home/alejandro/microchip/xc2/v2.40/bin/bin/../../lib/gcc/pic32mx/4.8.3/../../../../pic32mx/lib/libpic32.a(default-on-bootstrap.o)
 .gnu.attributes
                0x00000000000000f0       0x10 /home/alejandro/microchip/xc2/v2.40/bin/bin/../../lib/gcc/pic32mx/4.8.3/../../../../pic32mx/lib/libpic32.a(defaultinterrupt.o)
 .gnu.attributes
                0x0000000000000100       0x10 /home/alejandro/microchip/xc2/v2.40/bin/bin/../../lib/gcc/pic32mx/4.8.3/../../../../pic32mx/lib/libc.a(printf_cdnopsuxX.eo)
 .gnu.attributes
                0x0000000000000110       0x10 /home/alejandro/microchip/xc2/v2.40/bin/bin/../../lib/gcc/pic32mx/4.8.3/../../../../pic32mx/lib/libc.a(sprintf_cdnopsuxX.eo)
 .gnu.attributes
                0x0000000000000120       0x10 /home/alejandro/microchip/xc2/v2.40/bin/bin/../../lib/gcc/pic32mx/4.8.3/../../../../pic32mx/lib/libc.a(_iob.o)
 .gnu.attributes
                0x0000000000000130       0x10 /home/alejandro/microchip/xc2/v2.40/bin/bin/../../lib/gcc/pic32mx/4.8.3/../../../../pic32mx/lib/libc.a(doprnt_cdnopsuxX.eo)
 .gnu.attributes
                0x0000000000000140       0x10 /home/alejandro/microchip/xc2/v2.40/bin/bin/../../lib/gcc/pic32mx/4.8.3/../../../../pic32mx/lib/libc.a(_fputc_simple.o)
 .gnu.attributes
                0x0000000000000150       0x10 /home/alejandro/microchip/xc2/v2.40/bin/bin/../../lib/gcc/pic32mx/4.8.3/../../../../pic32mx/lib/libc.a(ctype.o)
 .gnu.attributes
                0x0000000000000160       0x10 /home/alejandro/microchip/xc2/v2.40/bin/bin/../../lib/gcc/pic32mx/4.8.3/../../../../pic32mx/lib/libc.a(_flsbuf_simple.o)
 .gnu.attributes
                0x0000000000000170       0x10 /home/alejandro/microchip/xc2/v2.40/bin/bin/../../lib/gcc/pic32mx/4.8.3/libgcc.a(_udivdi3.o)
 .gnu.attributes
                0x0000000000000180       0x10 /home/alejandro/microchip/xc2/v2.40/bin/bin/../../lib/gcc/pic32mx/4.8.3/libgcc.a(_umoddi3.o)
 .gnu.attributes
                0x0000000000000190       0x10 /home/alejandro/microchip/xc2/v2.40/bin/bin/../../lib/gcc/pic32mx/4.8.3/../../../../pic32mx/lib/libpic32.a(write.o)
LOAD /home/alejandro/microchip/xc2/v2.40/bin/bin/../../lib/gcc/pic32mx/4.8.3/libgcc.a
START GROUP
LOAD /home/alejandro/microchip/xc2/v2.40/bin/bin/../../lib/gcc/pic32mx/4.8.3/../../../../pic32mx/lib/libpic32.a
LOAD /home/alejandro/microchip/xc2/v2.40/bin/bin/../../lib/gcc/pic32mx/4.8.3/../../../../pic32mx/lib/libdebug.a
LOAD /home/alejandro/microchip/xc2/v2.40/bin/bin/../../lib/gcc/pic32mx/4.8.3/../../../../pic32mx/lib/libpic32.a
LOAD /home/alejandro/microchip/xc2/v2.40/bin/bin/../../lib/gcc/pic32mx/4.8.3/../../../../pic32mx/lib/libc.a
LOAD /home/alejandro/microchip/xc2/v2.40/bin/bin/../../lib/gcc/pic32mx/4.8.3/../../../../pic32mx/lib/libc.a
LOAD /home/alejandro/microchip/xc2/v2.40/bin/bin/../../lib/gcc/pic32mx/4.8.3/../../../../pic32mx/lib/libm.a
LOAD /home/alejandro/microchip/xc2/v2.40/bin/bin/../../lib/gcc/pic32mx/4.8.3/../../../../pic32mx/lib/libe.a
LOAD /home/alejandro/microchip/xc2/v2.40/bin/bin/../../lib/gcc/pic32mx/4.8.3/../../../../pic32mx/lib/libdsp.a
LOAD /home/alejandro/microchip/xc2/v2.40/bin/bin/../../lib/gcc/pic32mx/4.8.3/libgcc.a
LOAD /home/alejandro/microchip/xc2/v2.40/bin/bin/../../lib/gcc/pic32mx/4.8.3/../../../../pic32mx/lib/libpic32.a
END GROUP
LOAD /home/alejandro/microchip/xc2/v2.40/bin/bin/../../lib/gcc/pic32mx/4.8.3/libgcc.a
OUTPUT(dist/default/production/PIC32MX_UART_FullDuplex.X.production.elf elf32-tradlittlemips)
LOAD stack
LOAD data_init

.reginfo        0x0000000000000000       0x18
 .reginfo       0x0000000000000000       0x18 /home/alejandro/microchip/xc2/v2.40/bin/bin/../../lib/gcc/pic32mx/4.8.3/../../../../pic32mx/lib/debug-exception-return.o

.stack          0x00000000a00004c8      0x400
 .stack         0x00000000a00004c8      0x400 stack

.bss            0x00000000a0000050       0xe0
 .bss           0x00000000a0000050       0xe0 build/default/production/_ext/1360937237/main_pic32.o

.data           0x00000000a0000130       0xa4
 .data          0x00000000a0000130       0xa4 /home/alejandro/microchip/xc2/v2.40/bin/bin/../../lib/gcc/pic32mx/4.8.3/../../../../pic32mx/lib/libc.a(_iob.o)
                0x00000000a0000130                _Files
                0x00000000a0000134                _iob

.bss            0x00000000a00001d4       0xc4
 .bss           0x00000000a00001d4       0x80 build/default/production/_ext/1865161661/plib_dmac.o
 .bss           0x00000000a0000254       0x44 /home/alejandro/microchip/xc2/v2.40/bin/bin/../../lib/gcc/pic32mx/4.8.3/../../../../pic32mx/lib/libc.a(_iob.o)
                0x00000000a0000254                _sobuf
                0x00000000a0000274                _sibuf
                0x00000000a0000294                _outdone

.data           0x00000000a0000298       0x14
 .data          0x00000000a0000298       0x14 build/default/production/_ext/1865254177/plib_gpio.o
                0x00000000a0000298                cnPinObj

._debug_exception
                0xffffffffbfc00480       0x2c
 ._debug_exception
                0xffffffffbfc00480       0x2c /home/alejandro/microchip/xc2/v2.40/bin/bin/../../lib/gcc/pic32mx/4.8.3/../../../../pic32mx/lib/debug-exception-return.o
                0xffffffffbfc00480                __DbgExecReturn

.text._vfprintf_cdnopsuxX
                0x000000009d000000      0xc8c
 .text._vfprintf_cdnopsuxX
                0x000000009d000000      0xc8c /home/alejandro/microchip/xc2/v2.40/bin/bin/../../lib/gcc/pic32mx/4.8.3/../../../../pic32mx/lib/libc.a(doprnt_cdnopsuxX.eo)
                0x000000009d000000                _vfprintf_cdnopsuxX

.text           0x000000009d000c8c      0x8bc
 .text          0x000000009d000c8c      0x464 /home/alejandro/microchip/xc2/v2.40/bin/bin/../../lib/gcc/pic32mx/4.8.3/libgcc.a(_umoddi3.o)
                0x000000009d000c8c                __umoddi3
 .text          0x000000009d0010f0      0x458 /home/alejandro/microchip/xc2/v2.40/bin/bin/../../lib/gcc/pic32mx/4.8.3/libgcc.a(_udivdi3.o)
                0x000000009d0010f0                __udivdi3

.text.UART_1_InterruptHandler
                0x000000009d001548      0x25c
 .text.UART_1_InterruptHandler
                0x000000009d001548      0x25c build/default/production/_ext/1865657120/plib_uart1.o
                0x000000009d001548                UART_1_InterruptHandler

.text.main      0x000000009d0017a4      0x224
 .text.main     0x000000009d0017a4      0x224 build/default/production/_ext/1360937237/main_pic32.o
                0x000000009d0017a4                main

.text.DMAC_ChannelTransfer
                0x000000009d0019c8      0x1e8
 .text.DMAC_ChannelTransfer
                0x000000009d0019c8      0x1e8 build/default/production/_ext/1865161661/plib_dmac.o
                0x000000009d0019c8                DMAC_ChannelTransfer

.text           0x000000009d001bb0      0x168
 .text          0x000000009d001bb0      0x168 /home/alejandro/microchip/xc2/v2.40/bin/bin/../../lib/gcc/pic32mx/4.8.3/../../../../pic32mx/lib/libpic32.a(strlen.o)
                0x000000009d001bb0                strlen

.rodata         0x000000009d001d18      0x158
 .rodata        0x000000009d001d18      0x158 build/default/production/_ext/1171490990/exceptions.o

.text.fputc     0x000000009d001e70      0x144
 .text.fputc    0x000000009d001e70      0x144 /home/alejandro/microchip/xc2/v2.40/bin/bin/../../lib/gcc/pic32mx/4.8.3/../../../../pic32mx/lib/libc.a(_fputc_simple.o)
                0x000000009d001e70                fputc

.dinit          0x000000009d001fb4      0x140
 .dinit         0x000000009d001fb4      0x140 data_init

.text.TIMER_3_Handler
                0x000000009d0020f4      0x130
 .text.TIMER_3_Handler
                0x000000009d0020f4      0x130 build/default/production/_ext/1171490990/interrupts.o
                0x000000009d0020f4                TIMER_3_Handler

.text.UART_1_Handler
                0x000000009d002224      0x130
 .text.UART_1_Handler
                0x000000009d002224      0x130 build/default/production/_ext/1171490990/interrupts.o
                0x000000009d002224                UART_1_Handler

.text.CHANGE_NOTICE_Handler
                0x000000009d002354      0x130
 .text.CHANGE_NOTICE_Handler
                0x000000009d002354      0x130 build/default/production/_ext/1171490990/interrupts.o
                0x000000009d002354                CHANGE_NOTICE_Handler

.text.DMA_0_Handler
                0x000000009d002484      0x130
 .text.DMA_0_Handler
                0x000000009d002484      0x130 build/default/production/_ext/1171490990/interrupts.o
                0x000000009d002484                DMA_0_Handler

.text.DMA_1_Handler
                0x000000009d0025b4      0x130
 .text.DMA_1_Handler
                0x000000009d0025b4      0x130 build/default/production/_ext/1171490990/interrupts.o
                0x000000009d0025b4                DMA_1_Handler

.text._flsbuf   0x000000009d0026e4      0x12c
 .text._flsbuf  0x000000009d0026e4      0x12c /home/alejandro/microchip/xc2/v2.40/bin/bin/../../lib/gcc/pic32mx/4.8.3/../../../../pic32mx/lib/libc.a(_flsbuf_simple.o)
                0x000000009d0026e4                _flsbuf

.rodata         0x000000009d002810      0x104
 .rodata        0x000000009d002810      0x104 /home/alejandro/microchip/xc2/v2.40/bin/bin/../../lib/gcc/pic32mx/4.8.3/../../../../pic32mx/lib/libc.a(ctype.o)
                0x000000009d002810                _ctype

.text.DMA_0_InterruptHandler
                0x000000009d002914       0xf8
 .text.DMA_0_InterruptHandler
                0x000000009d002914       0xf8 build/default/production/_ext/1865161661/plib_dmac.o
                0x000000009d002914                DMA_0_InterruptHandler

.text.DMA_1_InterruptHandler
                0x000000009d002a0c       0xf8
 .text.DMA_1_InterruptHandler
                0x000000009d002a0c       0xf8 build/default/production/_ext/1865161661/plib_dmac.o
                0x000000009d002a0c                DMA_1_InterruptHandler

.text.general_exception
                0x000000009d002b04       0xdc
 .text.general_exception
                0x000000009d002b04       0xdc /home/alejandro/microchip/xc2/v2.40/bin/bin/../../lib/gcc/pic32mx/4.8.3/../../../../pic32mx/lib/libpic32.a(general-exception.o)
                0x000000009d002b04                _general_exception_context

.rodata         0x000000009d002be0       0xd0
 .rodata        0x000000009d002be0       0xd0 /home/alejandro/microchip/xc2/v2.40/bin/bin/../../lib/gcc/pic32mx/4.8.3/../../../../pic32mx/lib/libc.a(doprnt_cdnopsuxX.eo)

.text.CHANGE_NOTICE_InterruptHandler
                0x000000009d002cb0       0xb8
 .text.CHANGE_NOTICE_InterruptHandler
                0x000000009d002cb0       0xb8 build/default/production/_ext/1865254177/plib_gpio.o
                0x000000009d002cb0                CHANGE_NOTICE_InterruptHandler

.text.GPIO_Initialize
                0x000000009d002d68       0x9c
 .text.GPIO_Initialize
                0x000000009d002d68       0x9c build/default/production/_ext/1865254177/plib_gpio.o
                0x000000009d002d68                GPIO_Initialize

.text.SYS_Initialize
                0x000000009d002e04       0x9c
 .text.SYS_Initialize
                0x000000009d002e04       0x9c build/default/production/_ext/1171490990/initialization.o
                0x000000009d002e04                SYS_Initialize

.text.write     0x000000009d002ea0       0x9c
 .text.write    0x000000009d002ea0       0x9c /home/alejandro/microchip/xc2/v2.40/bin/bin/../../lib/gcc/pic32mx/4.8.3/../../../../pic32mx/lib/libpic32.a(write.o)
                0x000000009d002ea0                write

.text.DMAC_Initialize
                0x000000009d002f3c       0x84
 .text.DMAC_Initialize
                0x000000009d002f3c       0x84 build/default/production/_ext/1865161661/plib_dmac.o
                0x000000009d002f3c                DMAC_Initialize

.text           0x000000009d002fc0       0x84
 .text          0x000000009d002fc0       0x84 /home/alejandro/microchip/xc2/v2.40/bin/bin/../../lib/gcc/pic32mx/4.8.3/../../../../pic32mx/lib/libpic32.a(pic32_data_init.o)
                0x000000009d002fc0                __pic32_data_init

.text.UART1_Initialize
                0x000000009d003044       0x80
 .text.UART1_Initialize
                0x000000009d003044       0x80 build/default/production/_ext/1865657120/plib_uart1.o
                0x000000009d003044                UART1_Initialize

.rodata         0x000000009d0030c4       0x70
 .rodata        0x000000009d0030c4       0x70 build/default/production/_ext/1360937237/main_pic32.o

.text._sprintf_cdnopsuxX
                0x000000009d003134       0x68
 .text._sprintf_cdnopsuxX
                0x000000009d003134       0x68 /home/alejandro/microchip/xc2/v2.40/bin/bin/../../lib/gcc/pic32mx/4.8.3/../../../../pic32mx/lib/libc.a(sprintf_cdnopsuxX.eo)
                0x000000009d003134                _sprintf_cdnopsuxX

.text.printDMA  0x000000009d00319c       0x60
 .text.printDMA
                0x000000009d00319c       0x60 build/default/production/_ext/1360937237/main_pic32.o

.text.main_entry
                0x000000009d0031fc       0x54
 .text.main_entry
                0x000000009d0031fc       0x54 /tmp/ccKnR1co.o
                0x000000009d003230                __crt0_exit

.text._general_exception_handler
                0x000000009d003250       0x4c
 .text._general_exception_handler
                0x000000009d003250       0x4c build/default/production/_ext/1171490990/exceptions.o
                0x000000009d003250                _general_exception_handler

.text._bootstrap_exception_handler
                0x000000009d00329c       0x48
 .text._bootstrap_exception_handler
                0x000000009d00329c       0x48 /home/alejandro/microchip/xc2/v2.40/bin/bin/../../lib/gcc/pic32mx/4.8.3/../../../../pic32mx/lib/libpic32.a(default-bootstrap-exception-handler.o)
                0x000000009d00329c                _bootstrap_exception_handler

.vector_default
                0x000000009d0032e4       0x48
 .vector_default
                0x000000009d0032e4       0x48 /home/alejandro/microchip/xc2/v2.40/bin/bin/../../lib/gcc/pic32mx/4.8.3/../../../../pic32mx/lib/libpic32.a(defaultinterrupt.o)
                0x000000009d0032e4                _DefaultInterrupt

.text.TMR2_Initialize
                0x000000009d00332c       0x44
 .text.TMR2_Initialize
                0x000000009d00332c       0x44 build/default/production/_ext/60181895/plib_tmr2.o
                0x000000009d00332c                TMR2_Initialize

.text           0x000000009d003370       0x44
 .text          0x000000009d003370       0x44 /home/alejandro/microchip/xc2/v2.40/bin/bin/../../lib/gcc/pic32mx/4.8.3/../../../../pic32mx/lib/pic32_software_reset.o
                0x000000009d003370                __pic32_software_reset

.text.EVIC_Initialize
                0x000000009d0033b4       0x40
 .text.EVIC_Initialize
                0x000000009d0033b4       0x40 build/default/production/_ext/1865200349/plib_evic.o
                0x000000009d0033b4                EVIC_Initialize

.text.TIMER_3_InterruptHandler
                0x000000009d0033f4       0x40
 .text.TIMER_3_InterruptHandler
                0x000000009d0033f4       0x40 build/default/production/_ext/60181895/plib_tmr2.o
                0x000000009d0033f4                TIMER_3_InterruptHandler

.text._printf_cdnopsuxX
                0x000000009d003434       0x40
 .text._printf_cdnopsuxX
                0x000000009d003434       0x40 /home/alejandro/microchip/xc2/v2.40/bin/bin/../../lib/gcc/pic32mx/4.8.3/../../../../pic32mx/lib/libc.a(printf_cdnopsuxX.eo)
                0x000000009d003434                _printf_cdnopsuxX

.text.CORETIMER_Initialize
                0x000000009d003474       0x3c
 .text.CORETIMER_Initialize
                0x000000009d003474       0x3c build/default/production/_ext/1249264884/plib_coretimer.o
                0x000000009d003474                CORETIMER_Initialize

.text.GPIO_PinInterruptCallbackRegister
                0x000000009d0034b0       0x2c
 .text.GPIO_PinInterruptCallbackRegister
                0x000000009d0034b0       0x2c build/default/production/_ext/1865254177/plib_gpio.o
                0x000000009d0034b0                GPIO_PinInterruptCallbackRegister

.text.DMAC_ChannelCallbackRegister
                0x000000009d0034dc       0x1c
 .text.DMAC_ChannelCallbackRegister
                0x000000009d0034dc       0x1c build/default/production/_ext/1865161661/plib_dmac.o
                0x000000009d0034dc                DMAC_ChannelCallbackRegister

.text           0x000000009d0034f8       0x18
 .text          0x000000009d0034f8       0x18 /home/alejandro/microchip/xc2/v2.40/bin/bin/../../lib/gcc/pic32mx/4.8.3/../../../../pic32mx/lib/libpic32.a(default-nmi-handler.o)
                0x000000009d0034f8                _nmi_handler

.text.TMR2_Start
                0x000000009d003510       0x14
 .text.TMR2_Start
                0x000000009d003510       0x14 build/default/production/_ext/60181895/plib_tmr2.o
                0x000000009d003510                TMR2_Start

.text.S1_User_Handler
                0x000000009d003524       0x14
 .text.S1_User_Handler
                0x000000009d003524       0x14 build/default/production/_ext/1360937237/main_pic32.o

.text.UARTDmaChannelHandlerTX
                0x000000009d003538       0x14
 .text.UARTDmaChannelHandlerTX
                0x000000009d003538       0x14 build/default/production/_ext/1360937237/main_pic32.o

.text.UARTDmaChannelHandlerRX
                0x000000009d00354c       0x14
 .text.UARTDmaChannelHandlerRX
                0x000000009d00354c       0x14 build/default/production/_ext/1360937237/main_pic32.o

.text.GPIO_PinInterruptEnable
                0x000000009d003560       0x10
 .text.GPIO_PinInterruptEnable
                0x000000009d003560       0x10 build/default/production/_ext/1865254177/plib_gpio.o
                0x000000009d003560                GPIO_PinInterruptEnable

.text.tmr2EventHandler
                0x000000009d003570       0x10
 .text.tmr2EventHandler
                0x000000009d003570       0x10 build/default/production/_ext/1360937237/main_pic32.o

.text.TMR2_CallbackRegister
                0x000000009d003580        0xc
 .text.TMR2_CallbackRegister
                0x000000009d003580        0xc build/default/production/_ext/60181895/plib_tmr2.o
                0x000000009d003580                TMR2_CallbackRegister

.text.CLK_Initialize
                0x000000009d00358c        0x8
 .text.CLK_Initialize
                0x000000009d00358c        0x8 build/default/production/_ext/60165520/plib_clk.o
                0x000000009d00358c                CLK_Initialize

.text._mon_putc
                0x000000009d003594        0x8
 .text._mon_putc
                0x000000009d003594        0x8 build/default/production/_ext/163028504/xc32_monitor.o
                0x000000009d003594                _mon_putc

.text._on_reset
                0x000000009d00359c        0x8
 .text._on_reset
                0x000000009d00359c        0x8 /home/alejandro/microchip/xc2/v2.40/bin/bin/../../lib/gcc/pic32mx/4.8.3/../../../../pic32mx/lib/libpic32.a(default-on-reset.o)
                0x000000009d00359c                _on_reset

.text._on_bootstrap
                0x000000009d0035a4        0x8
 .text._on_bootstrap
                0x000000009d0035a4        0x8 /home/alejandro/microchip/xc2/v2.40/bin/bin/../../lib/gcc/pic32mx/4.8.3/../../../../pic32mx/lib/libpic32.a(default-on-bootstrap.o)
                0x000000009d0035a4                _on_bootstrap