
Optional file libmchp_peripheral.a not found

Optional file libmchp_peripheral_32MX795F512L.a not found
Archive member included because of file (symbol)

/home/alejandro/microchip/xc2/v2.40/bin/bin/../../lib/gcc/pic32mx/4.8.3/libgcc.a(_divdi3.o)
                              build/default/production/_ext/1360937237/bme280_driver.o (__divdi3)
/home/alejandro/microchip/xc2/v2.40/bin/bin/../../lib/gcc/pic32mx/4.8.3/libgcc.a(floatunsisf.o)
                              build/default/production/_ext/60169480/plib_i2c1.o (__floatunsisf)
/home/alejandro/microchip/xc2/v2.40/bin/bin/../../lib/gcc/pic32mx/4.8.3/../../../../pic32mx/lib/libpic32.a(strlen.o)
                              build/default/production/_ext/1360937237/main_pic32.o (strlen)
/home/alejandro/microchip/xc2/v2.40/bin/bin/../../lib/gcc/pic32mx/4.8.3/../../../../pic32mx/lib/libpic32.a(default-bootstrap-exception-handler.o)
                              /tmp/ccILv2Z4.o (_bootstrap_exception_handler)
/home/alejandro/microchip/xc2/v2.40/bin/bin/../../lib/gcc/pic32mx/4.8.3/../../../../pic32mx/lib/libpic32.a(default-on-reset.o)
                              /tmp/ccILv2Z4.o (_on_reset)
/home/alejandro/microchip/xc2/v2.40/bin/bin/../../lib/gcc/pic32mx/4.8.3/../../../../pic32mx/lib/libpic32.a(default-on-bootstrap.o)
                              /tmp/ccILv2Z4.o (_on_bootstrap)
/home/alejandro/microchip/xc2/v2.40/bin/bin/../../lib/gcc/pic32mx/4.8.3/../../../../pic32mx/lib/libpic32.a(default-nmi-handler.o)
                              /tmp/ccILv2Z4.o (_nmi_handler)
/home/alejandro/microchip/xc2/v2.40/bin/bin/../../lib/gcc/pic32mx/4.8.3/../../../../pic32mx/lib/libpic32.a(pic32_data_init.o)
                              /tmp/ccILv2Z4.o (__pic32_data_init)
/home/alejandro/microchip/xc2/v2.40/bin/bin/../../lib/gcc/pic32mx/4.8.3/../../../../pic32mx/lib/libpic32.a(general-exception.o)
                              /tmp/ccILv2Z4.o (_general_exception_context)
/home/alejandro/microchip/xc2/v2.40/bin/bin/../../lib/gcc/pic32mx/4.8.3/../../../../pic32mx/lib/libpic32.a(vector0.o)
                              /tmp/ccAsf2gz.o (__vector_dispatch_0)
/home/alejandro/microchip/xc2/v2.40/bin/bin/../../lib/gcc/pic32mx/4.8.3/../../../../pic32mx/lib/libpic32.a(vector1.o)
                              /tmp/ccAsf2gz.o (__vector_dispatch_1)
/home/alejandro/microchip/xc2/v2.40/bin/bin/../../lib/gcc/pic32mx/4.8.3/../../../../pic32mx/lib/libpic32.a(vector2.o)
                              /tmp/ccAsf2gz.o (__vector_dispatch_2)
/home/alejandro/microchip/xc2/v2.40/bin/bin/../../lib/gcc/pic32mx/4.8.3/../../../../pic32mx/lib/libpic32.a(vector3.o)
                              /tmp/ccAsf2gz.o (__vector_dispatch_3)
/home/alejandro/microchip/xc2/v2.40/bin/bin/../../lib/gcc/pic32mx/4.8.3/../../../../pic32mx/lib/libpic32.a(vector4.o)
                              /tmp/ccAsf2gz.o (__vector_dispatch_4)
/home/alejandro/microchip/xc2/v2.40/bin/bin/../../lib/gcc/pic32mx/4.8.3/../../../../pic32mx/lib/libpic32.a(vector5.o)
                              /tmp/ccAsf2gz.o (__vector_dispatch_5)
/home/alejandro/microchip/xc2/v2.40/bin/bin/../../lib/gcc/pic32mx/4.8.3/../../../../pic32mx/lib/libpic32.a(vector6.o)
                              /tmp/ccAsf2gz.o (__vector_dispatch_6)
/home/alejandro/microchip/xc2/v2.40/bin/bin/../../lib/gcc/pic32mx/4.8.3/../../../../pic32mx/lib/libpic32.a(vector7.o)
                              /tmp/ccAsf2gz.o (__vector_dispatch_7)
/home/alejandro/microchip/xc2/v2.40/bin/bin/../../lib/gcc/pic32mx/4.8.3/../../../../pic32mx/lib/libpic32.a(vector8.o)
                              /tmp/ccAsf2gz.o (__vector_dispatch_8)
/home/alejandro/microchip/xc2/v2.40/bin/bin/../../lib/gcc/pic32mx/4.8.3/../../../../pic32mx/lib/libpic32.a(vector9.o)
                              /tmp/ccAsf2gz.o (__vector_dispatch_9)
/home/alejandro/microchip/xc2/v2.40/bin/bin/../../lib/gcc/pic32mx/4.8.3/../../../../pic32mx/lib/libpic32.a(vector10.o)
                              /tmp/ccAsf2gz.o (__vector_dispatch_10)
/home/alejandro/microchip/xc2/v2.40/bin/bin/../../lib/gcc/pic32mx/4.8.3/../../../../pic32mx/lib/libpic32.a(vector11.o)
                              /tmp/ccAsf2gz.o (__vector_dispatch_11)
/home/alejandro/microchip/xc2/v2.40/bin/bin/../../lib/gcc/pic32mx/4.8.3/../../../../pic32mx/lib/libpic32.a(vector13.o)
                              /tmp/ccAsf2gz.o (__vector_dispatch_13)
/home/alejandro/microchip/xc2/v2.40/bin/bin/../../lib/gcc/pic32mx/4.8.3/../../../../pic32mx/lib/libpic32.a(vector14.o)
                              /tmp/ccAsf2gz.o (__vector_dispatch_14)
/home/alejandro/microchip/xc2/v2.40/bin/bin/../../lib/gcc/pic32mx/4.8.3/../../../../pic32mx/lib/libpic32.a(vector15.o)
                              /tmp/ccAsf2gz.o (__vector_dispatch_15)
/home/alejandro/microchip/xc2/v2.40/bin/bin/../../lib/gcc/pic32mx/4.8.3/../../../../pic32mx/lib/libpic32.a(vector16.o)
                              /tmp/ccAsf2gz.o (__vector_dispatch_16)
[...]
Memory Configuration

Name             Origin             Length             Attributes
kseg0_program_mem 0x000000009d000000 0x0000000000080000 xr
kseg0_boot_mem   0x000000009fc00490 0x0000000000000970
exception_mem    0x000000009fc01000 0x0000000000001000
kseg1_boot_mem   0x00000000bfc00000 0x0000000000000490
debug_exec_mem   0x00000000bfc02000 0x0000000000000ff0
config3          0x00000000bfc02ff0 0x0000000000000004
config2          0x00000000bfc02ff4 0x0000000000000004
config1          0x00000000bfc02ff8 0x0000000000000004
config0          0x00000000bfc02ffc 0x0000000000000004
kseg1_data_mem   0x00000000a0000000 0x0000000000020000 w !x
sfrs             0x00000000bf800000 0x0000000000100000
configsfrs       0x00000000bfc02ff0 0x0000000000000010
*default*        0x0000000000000000 0xffffffffffffffff

Linker script and memory map

LOAD /home/alejandro/microchip/xc2/v2.40/bin/bin/../../lib/gcc/pic32mx/4.8.3/../../../../pic32mx/lib/debug-exception-return.o
LOAD build/default/production/_ext/60165520/plib_clk.o
LOAD build/default/production/_ext/1249264884/plib_coretimer.o
LOAD build/default/production/_ext/1865161661/plib_dmac.o
LOAD build/default/production/_ext/1865200349/plib_evic.o
LOAD build/default/production/_ext/1865254177/plib_gpio.o
LOAD build/default/production/_ext/60169480/plib_i2c1.o
LOAD build/default/production/_ext/60181895/plib_tmr2.o
LOAD build/default/production/_ext/1865657120/plib_uart2.o
LOAD build/default/production/_ext/163028504/xc32_monitor.o
LOAD build/default/production/_ext/1171490990/initialization.o
LOAD build/default/production/_ext/1171490990/interrupts.o
LOAD build/default/production/_ext/1171490990/exceptions.o
LOAD build/default/production/_ext/1360937237/bme280_driver.o
LOAD build/default/production/_ext/1360937237/main_pic32.o
                0x0000000000000001                __MPLAB_BUILD = 0x1
                0x0000000000000200                _min_heap_size = 0x200
LOAD /tmp/ccILv2Z4.o
LOAD /tmp/cc2FHP8N.o
LOAD /tmp/ccAsf2gz.o
LOAD /home/alejandro/microchip/xc2/v2.40/bin/bin/../../lib/gcc/pic32mx/4.8.3/../../../../pic32mx/lib/pic32_software_reset.o
                0x0000000000000400                PROVIDE (_min_stack_size, 0x400)
START GROUP
LOAD /home/alejandro/microchip/xc2/v2.40/bin/bin/../../lib/gcc/pic32mx/4.8.3/../../../../pic32mx/lib/./proc/32MX795F512L/processor.o
END GROUP
START GROUP
LOAD libmchp_peripheral.a
END GROUP
START GROUP
LOAD libmchp_peripheral_32MX795F512L.a
END GROUP
                0x0000000000000001                PROVIDE (_vector_spacing, 0x1)
                0x000000009fc01000                PROVIDE (_ebase_address, 0x9fc01000)
                0x00000000bfc00000                _RESET_ADDR = 0xbfc00000
                0x00000000bfc00380                _BEV_EXCPT_ADDR = 0xbfc00380
                0x00000000bfc00480                _DBG_EXCPT_ADDR = 0xbfc00480
                0x00000000bfc02000                _DBG_CODE_ADDR = 0xbfc02000
                0x0000000000000ff0                _DBG_CODE_SIZE = 0xff0
                0x000000009fc01180                _GEN_EXCPT_ADDR = (_ebase_address + 0x180)

.config_BFC02FF0
                0x00000000bfc02ff0        0x4
 *(.config_BFC02FF0)
 .config_BFC02FF0
                0x00000000bfc02ff0        0x4 build/default/production/_ext/1171490990/initialization.o

.config_BFC02FF4
                0x00000000bfc02ff4        0x4
 *(.config_BFC02FF4)
 .config_BFC02FF4
                0x00000000bfc02ff4        0x4 build/default/production/_ext/1171490990/initialization.o

.config_BFC02FF8
                0x00000000bfc02ff8        0x4
 *(.config_BFC02FF8)
 .config_BFC02FF8
                0x00000000bfc02ff8        0x4 build/default/production/_ext/1171490990/initialization.o

.config_BFC02FFC
                0x00000000bfc02ffc        0x4
 *(.config_BFC02FFC)
 .config_BFC02FFC
                0x00000000bfc02ffc        0x4 build/default/production/_ext/1171490990/initialization.o
                0x00000000bfc02000                PROVIDE (_DBG_CODE_ADDR, 0xbfc02000)
                0x0000000000000ff0                PROVIDE (_DBG_CODE_SIZE, 0xff0)

.reset          0x00000000bfc00000      0x19c
 *(.reset)
 .reset         0x00000000bfc00000        0x8 /tmp/ccILv2Z4.o
                0x00000000bfc00000                _reset
 *(.reset.startup)
 .reset.startup
                0x00000000bfc00008      0x194 /tmp/ccILv2Z4.o
                0x00000000bfc00008                _startup

.bev_excpt      0x00000000bfc00380       0x10
 *(.bev_handler)
 .bev_handler   0x00000000bfc00380       0x10 /tmp/ccILv2Z4.o

.dbg_excpt      0x00000000bfc00480        0x0
                0x00000000bfc00480                . = (. + DEFINED (_DEBUGGER)?0x8:0x0)

.dbg_code       0x00000000bfc02000        0x0
                0x00000000bfc02000                . = (. + DEFINED (_DEBUGGER)?_DBG_CODE_SIZE:0x0)

.app_excpt      0x000000009fc01180       0x10
 *(.gen_handler)
 .gen_handler   0x000000009fc01180       0x10 /tmp/ccILv2Z4.o

.vector_0       0x000000009fc01200        0x8
 *(.vector_0)
 .vector_0      0x000000009fc01200        0x8 /home/alejandro/microchip/xc2/v2.40/bin/bin/../../lib/gcc/pic32mx/4.8.3/../../../../pic32mx/lib/libpic32.a(vector0.o)
                0x000000009fc01200                __vector_dispatch_0
                0x0000000000000001                ASSERT (((_vector_spacing == 0x0) || (SIZEOF (.vector_0) <= (_vector_spacing << 0x5))), function at exception vector 0 too large)

.vector_1       0x000000009fc01220        0x8
 *(.vector_1)
 .vector_1      0x000000009fc01220        0x8 /home/alejandro/microchip/xc2/v2.40/bin/bin/../../lib/gcc/pic32mx/4.8.3/../../../../pic32mx/lib/libpic32.a(vector1.o)
                0x000000009fc01220                __vector_dispatch_1
                0x0000000000000001                ASSERT (((_vector_spacing == 0x0) || (SIZEOF (.vector_1) <= (_vector_spacing << 0x5))), function at exception vector 1 too large)

.vector_2       0x000000009fc01240        0x8
 *(.vector_2)
 .vector_2      0x000000009fc01240        0x8 /home/alejandro/microchip/xc2/v2.40/bin/bin/../../lib/gcc/pic32mx/4.8.3/../../../../pic32mx/lib/libpic32.a(vector2.o)
                0x000000009fc01240                __vector_dispatch_2
                0x0000000000000001                ASSERT (((_vector_spacing == 0x0) || (SIZEOF (.vector_2) <= (_vector_spacing << 0x5))), function at exception vector 2 too large)

.vector_3       0x000000009fc01260        0x8
 *(.vector_3)
 .vector_3      0x000000009fc01260        0x8 /home/alejandro/microchip/xc2/v2.40/bin/bin/../../lib/gcc/pic32mx/4.8.3/../../../../pic32mx/lib/libpic32.a(vector3.o)
                0x000000009fc01260                __vector_dispatch_3
                0x0000000000000001                ASSERT (((_vector_spacing == 0x0) || (SIZEOF (.vector_3) <= (_vector_spacing << 0x5))), function at exception vector 3 too large)

.vector_4       0x000000009fc01280        0x8
 *(.vector_4)
 .vector_4      0x000000009fc01280        0x8 /home/alejandro/microchip/xc2/v2.40/bin/bin/../../lib/gcc/pic32mx/4.8.3/../../../../pic32mx/lib/libpic32.a(vector4.o)
                0x000000009fc01280                __vector_dispatch_4
                0x0000000000000001                ASSERT (((_vector_spacing == 0x0) || (SIZEOF (.vector_4) <= (_vector_spacing << 0x5))), function at exception vector 4 too large)

.vector_5       0x000000009fc012a0        0x8
 *(.vector_5)
 .vector_5      0x000000009fc012a0        0x8 /home/alejandro/microchip/xc2/v2.40/bin/bin/../../lib/gcc/pic32mx/4.8.3/../../../../pic32mx/lib/libpic32.a(vector5.o)
                0x000000009fc012a0                __vector_dispatch_5
                0x0000000000000001                ASSERT (((_vector_spacing == 0x0) || (SIZEOF (.vector_5) <= (_vector_spacing << 0x5))), function at exception vector 5 too large)

.vector_6       0x000000009fc012c0        0x8
 *(.vector_6)
 .vector_6      0x000000009fc012c0        0x8 /home/alejandro/microchip/xc2/v2.40/bin/bin/../../lib/gcc/pic32mx/4.8.3/../../../../pic32mx/lib/libpic32.a(vector6.o)
                0x000000009fc012c0                __vector_dispatch_6
                0x0000000000000001                ASSERT (((_vector_spacing == 0x0) || (SIZEOF (.vector_6) <= (_vector_spacing << 0x5))), function at exception vector 6 too large)

.vector_7       0x000000009fc012e0        0x8
 *(.vector_7)
 .vector_7      0x000000009fc012e0        0x8 /home/alejandro/microchip/xc2/v2.40/bin/bin/../../lib/gcc/pic32mx/4.8.3/../../../../pic32mx/lib/libpic32.a(vector7.o)
                0x000000009fc012e0                __vector_dispatch_7
                0x0000000000000001                ASSERT (((_vector_spacing == 0x0) || (SIZEOF (.vector_7) <= (_vector_spacing << 0x5))), function at exception vector 7 too large)

.vector_8       0x000000009fc01300        0x8
 *(.vector_8)
 .vector_8      0x000000009fc01300        0x8 /home/alejandro/microchip/xc2/v2.40/bin/bin/../../lib/gcc/pic32mx/4.8.3/../../../../pic32mx/lib/libpic32.a(vector8.o)
                0x000000009fc01300                __vector_dispatch_8
                0x0000000000000001                ASSERT (((_vector_spacing == 0x0) || (SIZEOF (.vector_8) <= (_vector_spacing << 0x5))), function at exception vector 8 too large)

.vector_9       0x000000009fc01320        0x8
 *(.vector_9)
 .vector_9      0x000000009fc01320        0x8 /home/alejandro/microchip/xc2/v2.40/bin/bin/../../lib/gcc/pic32mx/4.8.3/../../../../pic32mx/lib/libpic32.a(vector9.o)
                0x000000009fc01320                __vector_dispatch_9
                0x0000000000000001                ASSERT (((_vector_spacing == 0x0) || (SIZEOF (.vector_9) <= (_vector_spacing << 0x5))), function at exception vector 9 too large)

.vector_10      0x000000009fc01340        0x8
 *(.vector_10)
 .vector_10     0x000000009fc01340        0x8 /home/alejandro/microchip/xc2/v2.40/bin/bin/../../lib/gcc/pic32mx/4.8.3/../../../../pic32mx/lib/libpic32.a(vector10.o)
                0x000000009fc01340                __vector_dispatch_10
                0x0000000000000001                ASSERT (((_vector_spacing == 0x0) || (SIZEOF (.vector_10) <= (_vector_spacing << 0x5))), function at exception vector 10 too large)

.vector_11      0x000000009fc01360        0x8
 *(.vector_11)
 .vector_11     0x000000009fc01360        0x8 /home/alejandro/microchip/xc2/v2.40/bin/bin/../../lib/gcc/pic32mx/4.8.3/../../../../pic32mx/lib/libpic32.a(vector11.o)
                0x000000009fc01360                __vector_dispatch_11
                0x0000000000000001                ASSERT (((_vector_spacing == 0x0) || (SIZEOF (.vector_11) <= (_vector_spacing << 0x5))), function at exception vector 11 too large)

.vector_12      0x000000009fc01380        0x8
 *(.vector_12)
 .vector_12     0x000000009fc01380        0x8 build/default/production/_ext/1171490990/interrupts.o
                0x000000009fc01380                __vector_dispatch_12
                0x0000000000000001                ASSERT (((_vector_spacing == 0x0) || (SIZEOF (.vector_12) <= (_vector_spacing << 0x5))), function at exception vector 12 too large)

.vector_13      0x000000009fc013a0        0x8
 *(.vector_13)
 .vector_13     0x000000009fc013a0        0x8 /home/alejandro/microchip/xc2/v2.40/bin/bin/../../lib/gcc/pic32mx/4.8.3/../../../../pic32mx/lib/libpic32.a(vector13.o)
                0x000000009fc013a0                __vector_dispatch_13
                0x0000000000000001                ASSERT (((_vector_spacing == 0x0) || (SIZEOF (.vector_13) <= (_vector_spacing << 0x5))), function at exception vector 13 too large)

.vector_14      0x000000009fc013c0        0x8
 *(.vector_14)
 .vector_14     0x000000009fc013c0        0x8 /home/alejandro/microchip/xc2/v2.40/bin/bin/../../lib/gcc/pic32mx/4.8.3/../../../../pic32mx/lib/libpic32.a(vector14.o)
                0x000000009fc013c0                __vector_dispatch_14
                0x0000000000000001                ASSERT (((_vector_spacing == 0x0) || (SIZEOF (.vector_14) <= (_vector_spacing << 0x5))), function at exception vector 14 too large)

.vector_15      0x000000009fc013e0        0x8
 *(.vector_15)
 .vector_15     0x000000009fc013e0        0x8 /home/alejandro/microchip/xc2/v2.40/bin/bin/../../lib/gcc/pic32mx/4.8.3/../../../../pic32mx/lib/libpic32.a(vector15.o)
                0x000000009fc013e0                __vector_dispatch_15
                0x0000000000000001                ASSERT (((_vector_spacing == 0x0) || (SIZEOF (.vector_15) <= (_vector_spacing << 0x5))), function at exception vector 15 too large)

.vector_16      0x000000009fc01400        0x8
 *(.vector_16)
 .vector_16     0x000000009fc01400        0x8 /home/alejandro/microchip/xc2/v2.40/bin/bin/../../lib/gcc/pic32mx/4.8.3/../../../../pic32mx/lib/libpic32.a(vector16.o)
                0x000000009fc01400                __vector_dispatch_16
                0x0000000000000001                ASSERT (((_vector_spacing == 0x0) || (SIZEOF (.vector_16) <= (_vector_spacing << 0x5))), function at exception vector 16 too large)

.vector_17      0x000000009fc01420        0x8
 *(.vector_17)
 .vector_17     0x000000009fc01420        0x8 /home/alejandro/microchip/xc2/v2.40/bin/bin/../../lib/gcc/pic32mx/4.8.3/../../../../pic32mx/lib/libpic32.a(vector17.o)
                0x000000009fc01420                __vector_dispatch_17
                0x0000000000000001                ASSERT (((_vector_spacing == 0x0) || (SIZEOF (.vector_17) <= (_vector_spacing << 0x5))), function at exception vector 17 too large)

.vector_18      0x000000009fc01440        0x8
 *(.vector_18)
 .vector_18     0x000000009fc01440        0x8 /home/alejandro/microchip/xc2/v2.40/bin/bin/../../lib/gcc/pic32mx/4.8.3/../../../../pic32mx/lib/libpic32.a(vector18.o)
                0x000000009fc01440                __vector_dispatch_18
                0x0000000000000001                ASSERT (((_vector_spacing == 0x0) || (SIZEOF (.vector_18) <= (_vector_spacing << 0x5))), function at exception vector 18 too large)

.vector_19      0x000000009fc01460        0x8
 *(.vector_19)
 .vector_19     0x000000009fc01460        0x8 /home/alejandro/microchip/xc2/v2.40/bin/bin/../../lib/gcc/pic32mx/4.8.3/../../../../pic32mx/lib/libpic32.a(vector19.o)
                0x000000009fc01460                __vector_dispatch_19
                0x0000000000000001                ASSERT (((_vector_spacing == 0x0) || (SIZEOF (.vector_19) <= (_vector_spacing << 0x5))), function at exception vector 19 too large)

.vector_20      0x000000009fc01480        0x8
 *(.vector_20)
 .vector_20     0x000000009fc01480        0x8 /home/alejandro/microchip/xc2/v2.40/bin/bin/../../lib/gcc/pic32mx/4.8.3/../../../../pic32mx/lib/libpic32.a(vector20.o)
                0x000000009fc01480                __vector_dispatch_20
                0x0000000000000001                ASSERT (((_vector_spacing == 0x0) || (SIZEOF (.vector_20) <= (_vector_spacing << 0x5))), function at exception vector 20 too large)

.vector_21      0x000000009fc014a0        0x8
 *(.vector_21)
 .vector_21     0x000000009fc014a0        0x8 /home/alejandro/microchip/xc2/v2.40/bin/bin/../../lib/gcc/pic32mx/4.8.3/../../../../pic32mx/lib/libpic32.a(vector21.o)
                0x000000009fc014a0                __vector_dispatch_21
                0x0000000000000001                ASSERT (((_vector_spacing == 0x0) || (SIZEOF (.vector_21) <= (_vector_spacing << 0x5))), function at exception vector 21 too large)

.vector_22      0x000000009fc014c0        0x8
 *(.vector_22)
 .vector_22     0x000000009fc014c0        0x8 /home/alejandro/microchip/xc2/v2.40/bin/bin/../../lib/gcc/pic32mx/4.8.3/../../../../pic32mx/lib/libpic32.a(vector22.o)
                0x000000009fc014c0                __vector_dispatch_22
                0x0000000000000001                ASSERT (((_vector_spacing == 0x0) || (SIZEOF (.vector_22) <= (_vector_spacing << 0x5))), function at exception vector 22 too large)

.vector_23      0x000000009fc014e0        0x8
 *(.vector_23)
 .vector_23     0x000000009fc014e0        0x8 /home/alejandro/microchip/xc2/v2.40/bin/bin/../../lib/gcc/pic32mx/4.8.3/../../../../pic32mx/lib/libpic32.a(vector23.o)
                0x000000009fc014e0                __vector_dispatch_23
                0x0000000000000001                ASSERT (((_vector_spacing == 0x0) || (SIZEOF (.vector_23) <= (_vector_spacing << 0x5))), function at exception vector 23 too large)

.vector_24      0x000000009fc01500        0x8
 *(.vector_24)
 .vector_24     0x000000009fc01500        0x8 /home/alejandro/microchip/xc2/v2.40/bin/bin/../../lib/gcc/pic32mx/4.8.3/../../../../pic32mx/lib/libpic32.a(vector24.o)
                0x000000009fc01500                __vector_dispatch_24
                0x0000000000000001                ASSERT (((_vector_spacing == 0x0) || (SIZEOF (.vector_24) <= (_vector_spacing << 0x5))), function at exception vector 24 too large)

.vector_25      0x000000009fc01520        0x8
 *(.vector_25)
 .vector_25     0x000000009fc01520        0x8 build/default/production/_ext/1171490990/interrupts.o
                0x000000009fc01520                __vector_dispatch_25
                0x0000000000000001                ASSERT (((_vector_spacing == 0x0) || (SIZEOF (.vector_25) <= (_vector_spacing << 0x5))), function at exception vector 25 too large)

.vector_26      0x000000009fc01540        0x8
 *(.vector_26)
 .vector_26     0x000000009fc01540        0x8 build/default/production/_ext/1171490990/interrupts.o
                0x000000009fc01540                __vector_dispatch_26
                0x0000000000000001                ASSERT (((_vector_spacing == 0x0) || (SIZEOF (.vector_26) <= (_vector_spacing << 0x5))), function at exception vector 26 too large)

.vector_27      0x000000009fc01560        0x8
 *(.vector_27)
 .vector_27     0x000000009fc01560        0x8 /home/alejandro/microchip/xc2/v2.40/bin/bin/../../lib/gcc/pic32mx/4.8.3/../../../../pic32mx/lib/libpic32.a(vector27.o)
                0x000000009fc01560                __vector_dispatch_27
                0x0000000000000001                ASSERT (((_vector_spacing == 0x0) || (SIZEOF (.vector_27) <= (_vector_spacing << 0x5))), function at exception vector 27 too large)

.vector_28      0x000000009fc01580        0x8
 *(.vector_28)
 .vector_28     0x000000009fc01580        0x8 /home/alejandro/microchip/xc2/v2.40/bin/bin/../../lib/gcc/pic32mx/4.8.3/../../../../pic32mx/lib/libpic32.a(vector28.o)
                0x000000009fc01580                __vector_dispatch_28
                0x0000000000000001                ASSERT (((_vector_spacing == 0x0) || (SIZEOF (.vector_28) <= (_vector_spacing << 0x5))), function at exception vector 28 too large)

.vector_29      0x000000009fc015a0        0x8
 *(.vector_29)
 .vector_29     0x000000009fc015a0        0x8 /home/alejandro/microchip/xc2/v2.40/bin/bin/../../lib/gcc/pic32mx/4.8.3/../../../../pic32mx/lib/libpic32.a(vector29.o)
                0x000000009fc015a0                __vector_dispatch_29
                0x0000000000000001                ASSERT (((_vector_spacing == 0x0) || (SIZEOF (.vector_29) <= (_vector_spacing << 0x5))), function at exception vector 29 too large)

.vector_30      0x000000009fc015c0        0x8
 *(.vector_30)
 .vector_30     0x000000009fc015c0        0x8 /home/alejandro/microchip/xc2/v2.40/bin/bin/../../lib/gcc/pic32mx/4.8.3/../../../../pic32mx/lib/libpic32.a(vector30.o)
                0x000000009fc015c0                __vector_dispatch_30
                0x0000000000000001                ASSERT (((_vector_spacing == 0x0) || (SIZEOF (.vector_30) <= (_vector_spacing << 0x5))), function at exception vector 30 too large)

.vector_31      0x000000009fc015e0        0x8
 *(.vector_31)
 .vector_31     0x000000009fc015e0        0x8 /home/alejandro/microchip/xc2/v2.40/bin/bin/../../lib/gcc/pic32mx/4.8.3/../../../../pic32mx/lib/libpic32.a(vector31.o)
                0x000000009fc015e0                __vector_dispatch_31
                0x0000000000000001                ASSERT (((_vector_spacing == 0x0) || (SIZEOF (.vector_31) <= (_vector_spacing << 0x5))), function at exception vector 31 too large)

.vector_32      0x000000009fc01600        0x8
 *(.vector_32)
 .vector_32     0x000000009fc01600        0x8 build/default/production/_ext/1171490990/interrupts.o
                0x000000009fc01600                __vector_dispatch_32
                0x0000000000000001                ASSERT (((_vector_spacing == 0x0) || (SIZEOF (.vector_32) <= (_vector_spacing << 0x5))), function at exception vector 32 too large)

.vector_33      0x000000009fc01620        0x8
 *(.vector_33)
 .vector_33     0x000000009fc01620        0x8 /home/alejandro/microchip/xc2/v2.40/bin/bin/../../lib/gcc/pic32mx/4.8.3/../../../../pic32mx/lib/libpic32.a(vector33.o)
                0x000000009fc01620                __vector_dispatch_33
                0x0000000000000001                ASSERT (((_vector_spacing == 0x0) || (SIZEOF (.vector_33) <= (_vector_spacing << 0x5))), function at exception vector 33 too large)

.vector_34      0x000000009fc01640        0x8
 *(.vector_34)
 .vector_34     0x000000009fc01640        0x8 /home/alejandro/microchip/xc2/v2.40/bin/bin/../../lib/gcc/pic32mx/4.8.3/../../../../pic32mx/lib/libpic32.a(vector34.o)
                0x000000009fc01640                __vector_dispatch_34
                0x0000000000000001                ASSERT (((_vector_spacing == 0x0) || (SIZEOF (.vector_34) <= (_vector_spacing << 0x5))), function at exception vector 34 too large)

.vector_35      0x000000009fc01660        0x8
 *(.vector_35)
 .vector_35     0x000000009fc01660        0x8 /home/alejandro/microchip/xc2/v2.40/bin/bin/../../lib/gcc/pic32mx/4.8.3/../../../../pic32mx/lib/libpic32.a(vector35.o)
                0x000000009fc01660                __vector_dispatch_35
                0x0000000000000001                ASSERT (((_vector_spacing == 0x0) || (SIZEOF (.vector_35) <= (_vector_spacing << 0x5))), function at exception vector 35 too large)

.vector_36      0x000000009fc01680        0x8
 *(.vector_36)
 .vector_36     0x000000009fc01680        0x8 build/default/production/_ext/1171490990/interrupts.o
                0x000000009fc01680                __vector_dispatch_36
                0x0000000000000001                ASSERT (((_vector_spacing == 0x0) || (SIZEOF (.vector_36) <= (_vector_spacing << 0x5))), function at exception vector 36 too large)

.vector_37      0x000000009fc016a0        0x8
 *(.vector_37)
 .vector_37     0x000000009fc016a0        0x8 /home/alejandro/microchip/xc2/v2.40/bin/bin/../../lib/gcc/pic32mx/4.8.3/../../../../pic32mx/lib/libpic32.a(vector37.o)
                0x000000009fc016a0                __vector_dispatch_37
                0x0000000000000001                ASSERT (((_vector_spacing == 0x0) || (SIZEOF (.vector_37) <= (_vector_spacing << 0x5))), function at exception vector 37 too large)

.vector_38      0x000000009fc016c0        0x8
 *(.vector_38)
 .vector_38     0x000000009fc016c0        0x8 /home/alejandro/microchip/xc2/v2.40/bin/bin/../../lib/gcc/pic32mx/4.8.3/../../../../pic32mx/lib/libpic32.a(vector38.o)
                0x000000009fc016c0                __vector_dispatch_38
                0x0000000000000001                ASSERT (((_vector_spacing == 0x0) || (SIZEOF (.vector_38) <= (_vector_spacing << 0x5))), function at exception vector 38 too large)

.vector_39      0x000000009fc016e0        0x8
 *(.vector_39)
 .vector_39     0x000000009fc016e0        0x8 /home/alejandro/microchip/xc2/v2.40/bin/bin/../../lib/gcc/pic32mx/4.8.3/../../../../pic32mx/lib/libpic32.a(vector39.o)
                0x000000009fc016e0                __vector_dispatch_39
                0x0000000000000001                ASSERT (((_vector_spacing == 0x0) || (SIZEOF (.vector_39) <= (_vector_spacing << 0x5))), function at exception vector 39 too large)

.vector_40      0x000000009fc01700        0x8
 *(.vector_40)
 .vector_40     0x000000009fc01700        0x8 /home/alejandro/microchip/xc2/v2.40/bin/bin/../../lib/gcc/pic32mx/4.8.3/../../../../pic32mx/lib/libpic32.a(vector40.o)
                0x000000009fc01700                __vector_dispatch_40
                0x0000000000000001                ASSERT (((_vector_spacing == 0x0) || (SIZEOF (.vector_40) <= (_vector_spacing << 0x5))), function at exception vector 40 too large)

.vector_41      0x000000009fc01720        0x8
 *(.vector_41)
 .vector_41     0x000000009fc01720        0x8 /home/alejandro/microchip/xc2/v2.40/bin/bin/../../lib/gcc/pic32mx/4.8.3/../../../../pic32mx/lib/libpic32.a(vector41.o)
                0x000000009fc01720                __vector_dispatch_41
                0x0000000000000001                ASSERT (((_vector_spacing == 0x0) || (SIZEOF (.vector_41) <= (_vector_spacing << 0x5))), function at exception vector 41 too large)

.vector_42      0x000000009fc01740        0x8
 *(.vector_42)
 .vector_42     0x000000009fc01740        0x8 /home/alejandro/microchip/xc2/v2.40/bin/bin/../../lib/gcc/pic32mx/4.8.3/../../../../pic32mx/lib/libpic32.a(vector42.o)
                0x000000009fc01740                __vector_dispatch_42
                0x0000000000000001                ASSERT (((_vector_spacing == 0x0) || (SIZEOF (.vector_42) <= (_vector_spacing << 0x5))), function at exception vector 42 too large)

.vector_43      0x000000009fc01760        0x8
 *(.vector_43)
 .vector_43     0x000000009fc01760        0x8 /home/alejandro/microchip/xc2/v2.40/bin/bin/../../lib/gcc/pic32mx/4.8.3/../../../../pic32mx/lib/libpic32.a(vector43.o)
                0x000000009fc01760                __vector_dispatch_43
                0x0000000000000001                ASSERT (((_vector_spacing == 0x0) || (SIZEOF (.vector_43) <= (_vector_spacing << 0x5))), function at exception vector 43 too large)

.vector_44      0x000000009fc01780        0x8
 *(.vector_44)
 .vector_44     0x000000009fc01780        0x8 /home/alejandro/microchip/xc2/v2.40/bin/bin/../../lib/gcc/pic32mx/4.8.3/../../../../pic32mx/lib/libpic32.a(vector44.o)
                0x000000009fc01780                __vector_dispatch_44
                0x0000000000000001                ASSERT (((_vector_spacing == 0x0) || (SIZEOF (.vector_44) <= (_vector_spacing << 0x5))), function at exception vector 44 too large)

.vector_45      0x000000009fc017a0        0x8
 *(.vector_45)
 .vector_45     0x000000009fc017a0        0x8 /home/alejandro/microchip/xc2/v2.40/bin/bin/../../lib/gcc/pic32mx/4.8.3/../../../../pic32mx/lib/libpic32.a(vector45.o)
                0x000000009fc017a0                __vector_dispatch_45
                0x0000000000000001                ASSERT (((_vector_spacing == 0x0) || (SIZEOF (.vector_45) <= (_vector_spacing << 0x5))), function at exception vector 45 too large)

.vector_46      0x000000009fc017c0        0x8
 *(.vector_46)
 .vector_46     0x000000009fc017c0        0x8 /home/alejandro/microchip/xc2/v2.40/bin/bin/../../lib/gcc/pic32mx/4.8.3/../../../../pic32mx/lib/libpic32.a(vector46.o)
                0x000000009fc017c0                __vector_dispatch_46
                0x0000000000000001                ASSERT (((_vector_spacing == 0x0) || (SIZEOF (.vector_46) <= (_vector_spacing << 0x5))), function at exception vector 46 too large)

.vector_47      0x000000009fc017e0        0x8
 *(.vector_47)
 .vector_47     0x000000009fc017e0        0x8 /home/alejandro/microchip/xc2/v2.40/bin/bin/../../lib/gcc/pic32mx/4.8.3/../../../../pic32mx/lib/libpic32.a(vector47.o)
                0x000000009fc017e0                __vector_dispatch_47
                0x0000000000000001                ASSERT (((_vector_spacing == 0x0) || (SIZEOF (.vector_47) <= (_vector_spacing << 0x5))), function at exception vector 47 too large)

.vector_48      0x000000009fc01800        0x8
 *(.vector_48)
 .vector_48     0x000000009fc01800        0x8 /home/alejandro/microchip/xc2/v2.40/bin/bin/../../lib/gcc/pic32mx/4.8.3/../../../../pic32mx/lib/libpic32.a(vector48.o)
                0x000000009fc01800                __vector_dispatch_48
                0x0000000000000001                ASSERT (((_vector_spacing == 0x0) || (SIZEOF (.vector_48) <= (_vector_spacing << 0x5))), function at exception vector 48 too large)

.vector_49      0x000000009fc01820        0x8
 *(.vector_49)
 .vector_49     0x000000009fc01820        0x8 /home/alejandro/microchip/xc2/v2.40/bin/bin/../../lib/gcc/pic32mx/4.8.3/../../../../pic32mx/lib/libpic32.a(vector49.o)
                0x000000009fc01820                __vector_dispatch_49
                0x0000000000000001                ASSERT (((_vector_spacing == 0x0) || (SIZEOF (.vector_49) <= (_vector_spacing << 0x5))), function at exception vector 49 too large)

.vector_50      0x000000009fc01840        0x8
 *(.vector_50)
 .vector_50     0x000000009fc01840        0x8 /home/alejandro/microchip/xc2/v2.40/bin/bin/../../lib/gcc/pic32mx/4.8.3/../../../../pic32mx/lib/libpic32.a(vector50.o)
                0x000000009fc01840                __vector_dispatch_50
                0x0000000000000001                ASSERT (((_vector_spacing == 0x0) || (SIZEOF (.vector_50) <= (_vector_spacing << 0x5))), function at exception vector 50 too large)

.vector_51      0x000000009fc01860        0x8
 *(.vector_51)
 .vector_51     0x000000009fc01860        0x8 /home/alejandro/microchip/xc2/v2.40/bin/bin/../../lib/gcc/pic32mx/4.8.3/../../../../pic32mx/lib/libpic32.a(vector51.o)
                0x000000009fc01860                __vector_dispatch_51
                0x0000000000000001                ASSERT (((_vector_spacing == 0x0) || (SIZEOF (.vector_51) <= (_vector_spacing << 0x5))), function at exception vector 51 too large)

.vector_52      0x000000009fc01880        0x0
 *(.vector_52)
                0x0000000000000001                ASSERT (((_vector_spacing == 0x0) || (SIZEOF (.vector_52) <= (_vector_spacing << 0x5))), function at exception vector 52 too large)

.vector_53      0x000000009fc018a0        0x0
 *(.vector_53)
                0x0000000000000001                ASSERT (((_vector_spacing == 0x0) || (SIZEOF (.vector_53) <= (_vector_spacing << 0x5))), function at exception vector 53 too large)

.vector_54      0x000000009fc018c0        0x0
 *(.vector_54)
                0x0000000000000001                ASSERT (((_vector_spacing == 0x0) || (SIZEOF (.vector_54) <= (_vector_spacing << 0x5))), function at exception vector 54 too large)

.vector_55      0x000000009fc018e0        0x0
 *(.vector_55)
                0x0000000000000001                ASSERT (((_vector_spacing == 0x0) || (SIZEOF (.vector_55) <= (_vector_spacing << 0x5))), function at exception vector 55 too large)

.vector_56      0x000000009fc01900        0x0
 *(.vector_56)
                0x0000000000000001                ASSERT (((_vector_spacing == 0x0) || (SIZEOF (.vector_56) <= (_vector_spacing << 0x5))), function at exception vector 56 too large)

.vector_57      0x000000009fc01920        0x0
 *(.vector_57)
                0x0000000000000001                ASSERT (((_vector_spacing == 0x0) || (SIZEOF (.vector_57) <= (_vector_spacing << 0x5))), function at exception vector 57 too large)

.vector_58      0x000000009fc01940        0x0
 *(.vector_58)
                0x0000000000000001                ASSERT (((_vector_spacing == 0x0) || (SIZEOF (.vector_58) <= (_vector_spacing << 0x5))), function at exception vector 58 too large)

.vector_59      0x000000009fc01960        0x0
 *(.vector_59)
                0x0000000000000001                ASSERT (((_vector_spacing == 0x0) || (SIZEOF (.vector_59) <= (_vector_spacing << 0x5))), function at exception vector 59 too large)

.vector_60      0x000000009fc01980        0x0
 *(.vector_60)
                0x0000000000000001                ASSERT (((_vector_spacing == 0x0) || (SIZEOF (.vector_60) <= (_vector_spacing << 0x5))), function at exception vector 60 too large)

.vector_61      0x000000009fc019a0        0x0
 *(.vector_61)
                0x0000000000000001                ASSERT (((_vector_spacing == 0x0) || (SIZEOF (.vector_61) <= (_vector_spacing << 0x5))), function at exception vector 61 too large)

.vector_62      0x000000009fc019c0        0x0
 *(.vector_62)
                0x0000000000000001                ASSERT (((_vector_spacing == 0x0) || (SIZEOF (.vector_62) <= (_vector_spacing << 0x5))), function at exception vector 62 too large)

.vector_63      0x000000009fc019e0        0x0
 *(.vector_63)
                0x0000000000000001                ASSERT (((_vector_spacing == 0x0) || (SIZEOF (.vector_63) <= (_vector_spacing << 0x5))), function at exception vector 63 too large)

.startup
 *(.startup)

.text           0x000000009d000000        0x0
 *(.stub .gnu.linkonce.t.*)
 *(.text.*personality*)
 *(.mips16.fn.*)
 *(.mips16.call.*)
 *(.gnu.warning)
                0x000000009d000000                . = ALIGN (0x4)

.init           0x000000009d000000        0x0
 *crti.o(.init)
 *crtbegin.o(.init)
 *(EXCLUDE_FILE(*crtn.o *crtend?.o *crtend.o) .init)
 *crtend.o(.init)
 *crtn.o(.init)
                0x000000009d000000                . = ALIGN (0x4)

.fini           0x000000009d000000        0x0
 *(.fini)
                0x000000009d000000                . = ALIGN (0x4)

.preinit_array  0x000000009d000000        0x0
                0x000000009d000000                PROVIDE (__preinit_array_start, .)
 *(.preinit_array)
                0x000000009d000000                PROVIDE (__preinit_array_end, .)
                0x000000009d000000                . = ALIGN (0x4)

.init_array     0x000000009d000000        0x0
                0x000000009d000000                PROVIDE (__init_array_start, .)
 *(SORT(.init_array.*))
 *(.init_array)
                0x000000009d000000                PROVIDE (__init_array_end, .)
                0x000000009d000000                . = ALIGN (0x4)

.fini_array     0x000000009d000000        0x0
                0x000000009d000000                PROVIDE (__fini_array_start, .)
 *(SORT(.fini_array.*))
 *(.fini_array)
                0x000000009d000000                PROVIDE (__fini_array_end, .)
                0x000000009d000000                . = ALIGN (0x4)

.ctors          0x000000009d000000        0x0
 *crtbegin.o(.ctors)
 *crtbegin?.o(.ctors)
 *(EXCLUDE_FILE(*crtend?.o *crtend.o) .ctors)
 *(SORT(.ctors.*))
 *(.ctors)
                0x000000009d000000                . = ALIGN (0x4)

.dtors          0x000000009d000000        0x0
 *crtbegin.o(.dtors)
 *crtbegin?.o(.dtors)
 *(EXCLUDE_FILE(*crtend?.o *crtend.o) .dtors)
 *(SORT(.dtors.*))
 *(.dtors)
                0x000000009d000000                . = ALIGN (0x4)

.rodata         0x000000009d000000        0x0
 *(.gnu.linkonce.r.*)
 *(.rodata1)
                0x000000009d000000                . = ALIGN (0x4)

.sdata2         0x000000009fc00490        0x0
 *(.sdata2 .sdata2.* .gnu.linkonce.s2.*)
                0x000000009fc00490                . = ALIGN (0x4)

.sbss2          0x000000009fc00490        0x0
 *(.sbss2 .sbss2.* .gnu.linkonce.sb2.*)
                0x000000009fc00490                . = ALIGN (0x4)

.eh_frame_hdr
 *(.eh_frame_hdr)
                0x000000009fc00490                . = ALIGN (0x4)

.eh_frame
 *(.eh_frame)
                0x000000009fc00490                . = ALIGN (0x4)

.gcc_except_table
 *(.gcc_except_table .gcc_except_table.*)
                0x000000009fc00490                . = ALIGN (0x4)

.dbg_data       0x00000000a0000000        0x0
                0x00000000a0000000                . = (. + DEFINED (_DEBUGGER)?0x200:0x0)

.jcr            0x00000000a0000000        0x0
 *(.jcr)
                0x00000000a0000000                . = ALIGN (0x4)

.eh_frame
 *(.eh_frame)
                0x00000000a0000000                . = ALIGN (0x4)

.gcc_except_table
 *(.gcc_except_table .gcc_except_table.*)
                0x00000000a0000000                . = ALIGN (0x4)

.persist        0x00000000a0000000        0x0
                0x00000000a0000000                _persist_begin = .
 *(.persist .persist.*)
 *(.pbss .pbss.*)
                0x00000000a0000000                . = ALIGN (0x4)
                0x00000000a0000000                _persist_end = .

.data           0x00000000a0000000        0x0
 *(.gnu.linkonce.d.*)
 *(.data1)
                0x00000000a0000000                . = ALIGN (0x4)
                0x00000000a0000000                . = .
                0x00000000a0007ff0                _gp = (ALIGN (0x10) + 0x7ff0)

.got            0x00000000a0000000        0x0
 *(.got.plt)
 *(.got)
                0x00000000a0000000                . = ALIGN (0x4)

.sdata          0x00000000a0000000        0x4
                0x00000000a0000000                _sdata_begin = .
 *(.sdata .sdata.* .gnu.linkonce.s.*)
 .sdata         0x00000000a0000000        0x4 build/default/production/_ext/1249264884/plib_coretimer.o
                0x00000000a0000004                . = ALIGN (0x4)
                0x00000000a0000004                _sdata_end = .

.lit8
 *(.lit8)

.lit4
 *(.lit4)
                0x00000000a0000004                . = ALIGN (0x4)
                0x00000000a0000004                _data_end = .
                0x00000000a0000004                _bss_begin = .

.sbss           0x00000000a0000004       0x20
                0x00000000a0000004                _sbss_begin = .
 *(.dynsbss)
 *(.sbss .sbss.* .gnu.linkonce.sb.*)
 .sbss          0x00000000a0000004        0x8 build/default/production/_ext/60181895/plib_tmr2.o
 .sbss          0x00000000a000000c        0xc build/default/production/_ext/1171490990/exceptions.o
 .sbss          0x00000000a0000018        0xc build/default/production/_ext/1360937237/main_pic32.o
 *(.scommon)
                0x00000000a0000024                _sbss_end = .
                0x00000000a0000024                . = ALIGN (0x4)

.bss            0x00000000a0000024       0x30
 *(.dynbss)
 *(COMMON)
 COMMON         0x00000000a0000024       0x30 build/default/production/_ext/1865657120/plib_uart2.o
                0x00000000a0000024                uart2Obj
                0x00000000a0000054                . = ALIGN ((. != 0x0)?0x4:0x1)
                0x00000000a0000054                . = ALIGN (0x4)
                0x00000000a0000054                _end = .
                0x00000000a0000054                _bss_end = .
                0x0000000000020000                _bmxdudba_address = 0x20000
                0x0000000000020000                _bmxdupba_address = 0x20000

/DISCARD/
 *(.pdr)
 *(.rel.dyn)
 *(.note.GNU-stack)
 *(.note.GNU-stack)
 *(.gnu_debuglink)
 *(.gnu.lto_*)
 *(.discard)

.gptab.sdata
 *(.gptab.data)
 *(.gptab.sdata)

.gptab.sbss
 *(.gptab.bss)
 *(.gptab.sbss)

.mdebug.abi32   0x00000000a0000054        0x0
 *(.mdebug.abi32)
 .mdebug.abi32  0x00000000a0000054        0x0 build/default/production/_ext/60165520/plib_clk.o
 .mdebug.abi32  0x00000000a0000054        0x0 build/default/production/_ext/1249264884/plib_coretimer.o
 .mdebug.abi32  0x00000000a0000054        0x0 build/default/production/_ext/1865161661/plib_dmac.o
 .mdebug.abi32  0x00000000a0000054        0x0 build/default/production/_ext/1865200349/plib_evic.o
 .mdebug.abi32  0x00000000a0000054        0x0 build/default/production/_ext/1865254177/plib_gpio.o
 .mdebug.abi32  0x00000000a0000054        0x0 build/default/production/_ext/60169480/plib_i2c1.o
 .mdebug.abi32  0x00000000a0000054        0x0 build/default/production/_ext/60181895/plib_tmr2.o
 .mdebug.abi32  0x00000000a0000054        0x0 build/default/production/_ext/1865657120/plib_uart2.o
 .mdebug.abi32  0x00000000a0000054        0x0 build/default/production/_ext/163028504/xc32_monitor.o
 .mdebug.abi32  0x00000000a0000054        0x0 build/default/production/_ext/1171490990/initialization.o
 .mdebug.abi32  0x00000000a0000054        0x0 build/default/production/_ext/1171490990/interrupts.o
 .mdebug.abi32  0x00000000a0000054        0x0 build/default/production/_ext/1171490990/exceptions.o
 .mdebug.abi32  0x00000000a0000054        0x0 build/default/production/_ext/1360937237/bme280_driver.o
 .mdebug.abi32  0x00000000a0000054        0x0 build/default/production/_ext/1360937237/main_pic32.o
 .mdebug.abi32  0x00000000a0000054        0x0 /home/alejandro/microchip/xc2/v2.40/bin/bin/../../lib/gcc/pic32mx/4.8.3/libgcc.a(_divdi3.o)
 .mdebug.abi32  0x00000000a0000054        0x0 /home/alejandro/microchip/xc2/v2.40/bin/bin/../../lib/gcc/pic32mx/4.8.3/libgcc.a(floatunsisf.o)
 .mdebug.abi32  0x00000000a0000054        0x0 /home/alejandro/microchip/xc2/v2.40/bin/bin/../../lib/gcc/pic32mx/4.8.3/../../../../pic32mx/lib/libpic32.a(default-bootstrap-exception-handler.o)
 .mdebug.abi32  0x00000000a0000054        0x0 /home/alejandro/microchip/xc2/v2.40/bin/bin/../../lib/gcc/pic32mx/4.8.3/../../../../pic32mx/lib/libpic32.a(default-on-reset.o)
 .mdebug.abi32  0x00000000a0000054        0x0 /home/alejandro/microchip/xc2/v2.40/bin/bin/../../lib/gcc/pic32mx/4.8.3/../../../../pic32mx/lib/libpic32.a(default-on-bootstrap.o)
 .mdebug.abi32  0x00000000a0000054        0x0 /home/alejandro/microchip/xc2/v2.40/bin/bin/../../lib/gcc/pic32mx/4.8.3/../../../../pic32mx/lib/libpic32.a(defaultinterrupt.o)
 .mdebug.abi32  0x00000000a0000054        0x0 /home/alejandro/microchip/xc2/v2.40/bin/bin/../../lib/gcc/pic32mx/4.8.3/../../../../pic32mx/lib/libc.a(printf_cdnopsuxX.eo)
 .mdebug.abi32  0x00000000a0000054        0x0 /home/alejandro/microchip/xc2/v2.40/bin/bin/../../lib/gcc/pic32mx/4.8.3/../../../../pic32mx/lib/libc.a(sprintf_cdnopuxX.eo)
 .mdebug.abi32  0x00000000a0000054        0x0 /home/alejandro/microchip/xc2/v2.40/bin/bin/../../lib/gcc/pic32mx/4.8.3/../../../../pic32mx/lib/libc.a(_iob.o)
 .mdebug.abi32  0x00000000a0000054        0x0 /home/alejandro/microchip/xc2/v2.40/bin/bin/../../lib/gcc/pic32mx/4.8.3/../../../../pic32mx/lib/libc.a(doprnt_cdnopsuxX.eo)
 .mdebug.abi32  0x00000000a0000054        0x0 /home/alejandro/microchip/xc2/v2.40/bin/bin/../../lib/gcc/pic32mx/4.8.3/../../../../pic32mx/lib/libc.a(_fputc_simple.o)
 .mdebug.abi32  0x00000000a0000054        0x0 /home/alejandro/microchip/xc2/v2.40/bin/bin/../../lib/gcc/pic32mx/4.8.3/../../../../pic32mx/lib/libc.a(ctype.o)
 .mdebug.abi32  0x00000000a0000054        0x0 /home/alejandro/microchip/xc2/v2.40/bin/bin/../../lib/gcc/pic32mx/4.8.3/../../../../pic32mx/lib/libc.a(_flsbuf_simple.o)
 .mdebug.abi32  0x00000000a0000054        0x0 /home/alejandro/microchip/xc2/v2.40/bin/bin/../../lib/gcc/pic32mx/4.8.3/libgcc.a(_udivdi3.o)
 .mdebug.abi32  0x00000000a0000054        0x0 /home/alejandro/microchip/xc2/v2.40/bin/bin/../../lib/gcc/pic32mx/4.8.3/libgcc.a(_umoddi3.o)
 .mdebug.abi32  0x00000000a0000054        0x0 /home/alejandro/microchip/xc2/v2.40/bin/bin/../../lib/gcc/pic32mx/4.8.3/../../../../pic32mx/lib/libpic32.a(write.o)

.mdebug.abiN32
 *(.mdebug.abiN32)

.mdebug.abi64
 *(.mdebug.abi64)

.mdebug.abiO64
 *(.mdebug.abiO64)

.mdebug.eabi32
 *(.mdebug.eabi32)

.mdebug.eabi64
 *(.mdebug.eabi64)

.gcc_compiled_long32
 *(.gcc_compiled_long32)

.gcc_compiled_long64
 *(.gcc_compiled_long64)

.stab
 *(.stab)

.stabstr
 *(.stabstr)

.stab.excl
 *(.stab.excl)

.stab.exclstr
 *(.stab.exclstr)

.stab.index
 *(.stab.index)

.stab.indexstr
 *(.stab.indexstr)

.comment        0x0000000000000000       0xa3
 *(.comment)
 .comment       0x0000000000000000       0x3c build/default/production/_ext/60165520/plib_clk.o
                                         0x3d (size before relaxing)
 .comment       0x0000000000000000       0x3d build/default/production/_ext/1249264884/plib_coretimer.o
 .comment       0x0000000000000000       0x3d build/default/production/_ext/1865161661/plib_dmac.o
 .comment       0x0000000000000000       0x3d build/default/production/_ext/1865200349/plib_evic.o
 .comment       0x0000000000000000       0x3d build/default/production/_ext/1865254177/plib_gpio.o
 .comment       0x0000000000000000       0x3d build/default/production/_ext/60169480/plib_i2c1.o
 .comment       0x0000000000000000       0x3d build/default/production/_ext/60181895/plib_tmr2.o
 .comment       0x0000000000000000       0x3d build/default/production/_ext/1865657120/plib_uart2.o
 .comment       0x0000000000000000       0x3d build/default/production/_ext/163028504/xc32_monitor.o
 .comment       0x0000000000000000       0x3d build/default/production/_ext/1171490990/initialization.o
 .comment       0x0000000000000000       0x3d build/default/production/_ext/1171490990/interrupts.o
 .comment       0x0000000000000000       0x3d build/default/production/_ext/1171490990/exceptions.o
 .comment       0x0000000000000000       0x3d build/default/production/_ext/1360937237/bme280_driver.o
 .comment       0x0000000000000000       0x3d build/default/production/_ext/1360937237/main_pic32.o
 .comment       0x0000000000000000       0x3d /home/alejandro/microchip/xc2/v2.40/bin/bin/../../lib/gcc/pic32mx/4.8.3/libgcc.a(_divdi3.o)
 .comment       0x0000000000000000       0x3d /home/alejandro/microchip/xc2/v2.40/bin/bin/../../lib/gcc/pic32mx/4.8.3/libgcc.a(floatunsisf.o)
 .comment       0x000000000000003c       0x19 /home/alejandro/microchip/xc2/v2.40/bin/bin/../../lib/gcc/pic32mx/4.8.3/../../../../pic32mx/lib/libpic32.a(strlen.o)
                                         0x1a (size before relaxing)
 .comment       0x0000000000000000       0x3d /home/alejandro/microchip/xc2/v2.40/bin/bin/../../lib/gcc/pic32mx/4.8.3/../../../../pic32mx/lib/libpic32.a(default-bootstrap-exception-handler.o)
 .comment       0x0000000000000000       0x3d /home/alejandro/microchip/xc2/v2.40/bin/bin/../../lib/gcc/pic32mx/4.8.3/../../../../pic32mx/lib/libpic32.a(default-on-reset.o)
 .comment       0x0000000000000000       0x3d /home/alejandro/microchip/xc2/v2.40/bin/bin/../../lib/gcc/pic32mx/4.8.3/../../../../pic32mx/lib/libpic32.a(default-on-bootstrap.o)
 .comment       0x0000000000000000       0x3d /home/alejandro/microchip/xc2/v2.40/bin/bin/../../lib/gcc/pic32mx/4.8.3/../../../../pic32mx/lib/libpic32.a(defaultinterrupt.o)
 .comment       0x0000000000000000       0x3d /home/alejandro/microchip/xc2/v2.40/bin/bin/../../lib/gcc/pic32mx/4.8.3/../../../../pic32mx/lib/libc.a(printf_cdnopsuxX.eo)
 .comment       0x0000000000000000       0x3d /home/alejandro/microchip/xc2/v2.40/bin/bin/../../lib/gcc/pic32mx/4.8.3/../../../../pic32mx/lib/libc.a(sprintf_cdnopuxX.eo)
 .comment       0x0000000000000000       0x3d /home/alejandro/microchip/xc2/v2.40/bin/bin/../../lib/gcc/pic32mx/4.8.3/../../../../pic32mx/lib/libc.a(_iob.o)
 .comment       0x0000000000000000       0x3d /home/alejandro/microchip/xc2/v2.40/bin/bin/../../lib/gcc/pic32mx/4.8.3/../../../../pic32mx/lib/libc.a(doprnt_cdnopsuxX.eo)
 .comment       0x0000000000000000       0x3d /home/alejandro/microchip/xc2/v2.40/bin/bin/../../lib/gcc/pic32mx/4.8.3/../../../../pic32mx/lib/libc.a(_fputc_simple.o)
 .comment       0x0000000000000055       0x4e /home/alejandro/microchip/xc2/v2.40/bin/bin/../../lib/gcc/pic32mx/4.8.3/../../../../pic32mx/lib/libc.a(ctype.o)
                                         0x8b (size before relaxing)
 .comment       0x0000000000000000       0x3d /home/alejandro/microchip/xc2/v2.40/bin/bin/../../lib/gcc/pic32mx/4.8.3/../../../../pic32mx/lib/libc.a(_flsbuf_simple.o)
 .comment       0x0000000000000000       0x3d /home/alejandro/microchip/xc2/v2.40/bin/bin/../../lib/gcc/pic32mx/4.8.3/libgcc.a(_udivdi3.o)
 .comment       0x0000000000000000       0x3d /home/alejandro/microchip/xc2/v2.40/bin/bin/../../lib/gcc/pic32mx/4.8.3/libgcc.a(_umoddi3.o)
 .comment       0x0000000000000000       0x3d /home/alejandro/microchip/xc2/v2.40/bin/bin/../../lib/gcc/pic32mx/4.8.3/../../../../pic32mx/lib/libpic32.a(write.o)

.debug
 *(.debug)

.line
 *(.line)

.debug_srcinfo
 *(.debug_srcinfo)

.debug_sfnames
 *(.debug_sfnames)

.debug_aranges  0x0000000000000000      0x620
 *(.debug_aranges)
 .debug_aranges
                0x0000000000000000       0x20 build/default/production/_ext/60165520/plib_clk.o
 .debug_aranges
                0x0000000000000020       0x60 build/default/production/_ext/1249264884/plib_coretimer.o
 .debug_aranges
                0x0000000000000080       0x48 build/default/production/_ext/1865161661/plib_dmac.o
 .debug_aranges
                0x00000000000000c8       0x50 build/default/production/_ext/1865200349/plib_evic.o
 .debug_aranges
                0x0000000000000118       0x80 build/default/production/_ext/1865254177/plib_gpio.o
 .debug_aranges
                0x0000000000000198       0x60 build/default/production/_ext/60169480/plib_i2c1.o
 .debug_aranges
                0x00000000000001f8       0x70 build/default/production/_ext/60181895/plib_tmr2.o
 .debug_aranges
                0x0000000000000268       0x78 build/default/production/_ext/1865657120/plib_uart2.o
 .debug_aranges
                0x00000000000002e0       0x28 build/default/production/_ext/163028504/xc32_monitor.o
 .debug_aranges
                0x0000000000000308       0x20 build/default/production/_ext/1171490990/initialization.o
 .debug_aranges
                0x0000000000000328       0x40 build/default/production/_ext/1171490990/interrupts.o
 .debug_aranges
                0x0000000000000368       0x20 build/default/production/_ext/1171490990/exceptions.o
 .debug_aranges
                0x0000000000000388       0x78 build/default/production/_ext/1360937237/bme280_driver.o
 .debug_aranges
                0x0000000000000400       0x60 build/default/production/_ext/1360937237/main_pic32.o
 .debug_aranges
                0x0000000000000460       0x20 /home/alejandro/microchip/xc2/v2.40/bin/bin/../../lib/gcc/pic32mx/4.8.3/libgcc.a(_divdi3.o)
 .debug_aranges
                0x0000000000000480       0x20 /home/alejandro/microchip/xc2/v2.40/bin/bin/../../lib/gcc/pic32mx/4.8.3/libgcc.a(floatunsisf.o)
 .debug_aranges
                0x00000000000004a0       0x20 /home/alejandro/microchip/xc2/v2.40/bin/bin/../../lib/gcc/pic32mx/4.8.3/../../../../pic32mx/lib/libpic32.a(default-bootstrap-exception-handler.o)
 .debug_aranges
                0x00000000000004c0       0x20 /home/alejandro/microchip/xc2/v2.40/bin/bin/../../lib/gcc/pic32mx/4.8.3/../../../../pic32mx/lib/libpic32.a(default-on-reset.o)
 .debug_aranges
                0x00000000000004e0       0x20 /home/alejandro/microchip/xc2/v2.40/bin/bin/../../lib/gcc/pic32mx/4.8.3/../../../../pic32mx/lib/libpic32.a(default-on-bootstrap.o)
 .debug_aranges
                0x0000000000000500       0x20 /home/alejandro/microchip/xc2/v2.40/bin/bin/../../lib/gcc/pic32mx/4.8.3/../../../../pic32mx/lib/libpic32.a(defaultinterrupt.o)
 .debug_aranges
                0x0000000000000520       0x20 /home/alejandro/microchip/xc2/v2.40/bin/bin/../../lib/gcc/pic32mx/4.8.3/../../../../pic32mx/lib/libc.a(printf_cdnopsuxX.eo)
 .debug_aranges
                0x0000000000000540       0x20 /home/alejandro/microchip/xc2/v2.40/bin/bin/../../lib/gcc/pic32mx/4.8.3/../../../../pic32mx/lib/libc.a(sprintf_cdnopuxX.eo)
 .debug_aranges
                0x0000000000000560       0x20 /home/alejandro/microchip/xc2/v2.40/bin/bin/../../lib/gcc/pic32mx/4.8.3/../../../../pic32mx/lib/libc.a(doprnt_cdnopsuxX.eo)
 .debug_aranges
                0x0000000000000580       0x20 /home/alejandro/microchip/xc2/v2.40/bin/bin/../../lib/gcc/pic32mx/4.8.3/../../../../pic32mx/lib/libc.a(_fputc_simple.o)
 .debug_aranges
                0x00000000000005a0       0x20 /home/alejandro/microchip/xc2/v2.40/bin/bin/../../lib/gcc/pic32mx/4.8.3/../../../../pic32mx/lib/libc.a(_flsbuf_simple.o)
 .debug_aranges
                0x00000000000005c0       0x20 /home/alejandro/microchip/xc2/v2.40/bin/bin/../../lib/gcc/pic32mx/4.8.3/libgcc.a(_udivdi3.o)
 .debug_aranges
                0x00000000000005e0       0x20 /home/alejandro/microchip/xc2/v2.40/bin/bin/../../lib/gcc/pic32mx/4.8.3/libgcc.a(_umoddi3.o)
 .debug_aranges
                0x0000000000000600       0x20 /home/alejandro/microchip/xc2/v2.40/bin/bin/../../lib/gcc/pic32mx/4.8.3/../../../../pic32mx/lib/libpic32.a(write.o)

.debug_pubnames
 *(.debug_pubnames)

.debug_info     0x0000000000000000     0x92b6
 *(.debug_info .gnu.linkonce.wi.*)
 .debug_info    0x0000000000000000      0x190 build/default/production/_ext/60165520/plib_clk.o
 .debug_info    0x0000000000000190      0x840 build/default/production/_ext/1249264884/plib_coretimer.o
 .debug_info    0x00000000000009d0      0x9cf build/default/production/_ext/1865161661/plib_dmac.o
 .debug_info    0x000000000000139f      0xd03 build/default/production/_ext/1865200349/plib_evic.o
 .debug_info    0x00000000000020a2      0xe7a build/default/production/_ext/1865254177/plib_gpio.o
 .debug_info    0x0000000000002f1c      0x96a build/default/production/_ext/60169480/plib_i2c1.o
 .debug_info    0x0000000000003886      0x8f7 build/default/production/_ext/60181895/plib_tmr2.o
 .debug_info    0x000000000000417d      0xa85 build/default/production/_ext/1865657120/plib_uart2.o
 .debug_info    0x0000000000004c02      0x120 build/default/production/_ext/163028504/xc32_monitor.o
 .debug_info    0x0000000000004d22      0x4a8 build/default/production/_ext/1171490990/initialization.o
 .debug_info    0x00000000000051ca      0x2f0 build/default/production/_ext/1171490990/interrupts.o
 .debug_info    0x00000000000054ba      0x250 build/default/production/_ext/1171490990/exceptions.o
 .debug_info    0x000000000000570a      0xb35 build/default/production/_ext/1360937237/bme280_driver.o
 .debug_info    0x000000000000623f     0x10c8 build/default/production/_ext/1360937237/main_pic32.o
 .debug_info    0x0000000000007307      0x77f /home/alejandro/microchip/xc2/v2.40/bin/bin/../../lib/gcc/pic32mx/4.8.3/libgcc.a(_divdi3.o)
 .debug_info    0x0000000000007a86      0x129 /home/alejandro/microchip/xc2/v2.40/bin/bin/../../lib/gcc/pic32mx/4.8.3/libgcc.a(floatunsisf.o)
 .debug_info    0x0000000000007baf       0xf4 /home/alejandro/microchip/xc2/v2.40/bin/bin/../../lib/gcc/pic32mx/4.8.3/../../../../pic32mx/lib/libpic32.a(default-bootstrap-exception-handler.o)
 .debug_info    0x0000000000007ca3       0xcd /home/alejandro/microchip/xc2/v2.40/bin/bin/../../lib/gcc/pic32mx/4.8.3/../../../../pic32mx/lib/libpic32.a(default-on-reset.o)
 .debug_info    0x0000000000007d70       0xd5 /home/alejandro/microchip/xc2/v2.40/bin/bin/../../lib/gcc/pic32mx/4.8.3/../../../../pic32mx/lib/libpic32.a(default-on-bootstrap.o)
 .debug_info    0x0000000000007e45       0xe7 /home/alejandro/microchip/xc2/v2.40/bin/bin/../../lib/gcc/pic32mx/4.8.3/../../../../pic32mx/lib/libpic32.a(defaultinterrupt.o)
 .debug_info    0x0000000000007f2c       0xcf /home/alejandro/microchip/xc2/v2.40/bin/bin/../../lib/gcc/pic32mx/4.8.3/../../../../pic32mx/lib/libc.a(printf_cdnopsuxX.eo)
 .debug_info    0x0000000000007ffb       0xd0 /home/alejandro/microchip/xc2/v2.40/bin/bin/../../lib/gcc/pic32mx/4.8.3/../../../../pic32mx/lib/libc.a(sprintf_cdnopuxX.eo)
 .debug_info    0x00000000000080cb       0xd2 /home/alejandro/microchip/xc2/v2.40/bin/bin/../../lib/gcc/pic32mx/4.8.3/../../../../pic32mx/lib/libc.a(doprnt_cdnopsuxX.eo)
 .debug_info    0x000000000000819d       0xc2 /home/alejandro/microchip/xc2/v2.40/bin/bin/../../lib/gcc/pic32mx/4.8.3/../../../../pic32mx/lib/libc.a(_fputc_simple.o)
 .debug_info    0x000000000000825f       0xc5 /home/alejandro/microchip/xc2/v2.40/bin/bin/../../lib/gcc/pic32mx/4.8.3/../../../../pic32mx/lib/libc.a(_flsbuf_simple.o)
 .debug_info    0x0000000000008324      0x74b /home/alejandro/microchip/xc2/v2.40/bin/bin/../../lib/gcc/pic32mx/4.8.3/libgcc.a(_udivdi3.o)
 .debug_info    0x0000000000008a6f      0x788 /home/alejandro/microchip/xc2/v2.40/bin/bin/../../lib/gcc/pic32mx/4.8.3/libgcc.a(_umoddi3.o)
 .debug_info    0x00000000000091f7       0xbf /home/alejandro/microchip/xc2/v2.40/bin/bin/../../lib/gcc/pic32mx/4.8.3/../../../../pic32mx/lib/libpic32.a(write.o)

.debug_abbrev   0x0000000000000000     0x1864
 *(.debug_abbrev)
 .debug_abbrev  0x0000000000000000       0x39 build/default/production/_ext/60165520/plib_clk.o
 .debug_abbrev  0x0000000000000039      0x157 build/default/production/_ext/1249264884/plib_coretimer.o
 .debug_abbrev  0x0000000000000190      0x257 build/default/production/_ext/1865161661/plib_dmac.o
 .debug_abbrev  0x00000000000003e7       0xfc build/default/production/_ext/1865200349/plib_evic.o
 .debug_abbrev  0x00000000000004e3      0x1e6 build/default/production/_ext/1865254177/plib_gpio.o
 .debug_abbrev  0x00000000000006c9      0x1e3 build/default/production/_ext/60169480/plib_i2c1.o
 .debug_abbrev  0x00000000000008ac      0x183 build/default/production/_ext/60181895/plib_tmr2.o
 .debug_abbrev  0x0000000000000a2f      0x23b build/default/production/_ext/1865657120/plib_uart2.o
 .debug_abbrev  0x0000000000000c6a       0x66 build/default/production/_ext/163028504/xc32_monitor.o
 .debug_abbrev  0x0000000000000cd0       0xff build/default/production/_ext/1171490990/initialization.o
 .debug_abbrev  0x0000000000000dcf       0x57 build/default/production/_ext/1171490990/interrupts.o
 .debug_abbrev  0x0000000000000e26       0xa4 build/default/production/_ext/1171490990/exceptions.o
 .debug_abbrev  0x0000000000000eca      0x19e build/default/production/_ext/1360937237/bme280_driver.o
 .debug_abbrev  0x0000000000001068      0x24d build/default/production/_ext/1360937237/main_pic32.o
 .debug_abbrev  0x00000000000012b5      0x13e /home/alejandro/microchip/xc2/v2.40/bin/bin/../../lib/gcc/pic32mx/4.8.3/libgcc.a(_divdi3.o)
 .debug_abbrev  0x00000000000013f3       0x62 /home/alejandro/microchip/xc2/v2.40/bin/bin/../../lib/gcc/pic32mx/4.8.3/libgcc.a(floatunsisf.o)
 .debug_abbrev  0x0000000000001455       0x28 /home/alejandro/microchip/xc2/v2.40/bin/bin/../../lib/gcc/pic32mx/4.8.3/../../../../pic32mx/lib/libpic32.a(default-bootstrap-exception-handler.o)
 .debug_abbrev  0x000000000000147d       0x28 /home/alejandro/microchip/xc2/v2.40/bin/bin/../../lib/gcc/pic32mx/4.8.3/../../../../pic32mx/lib/libpic32.a(default-on-reset.o)
 .debug_abbrev  0x00000000000014a5       0x28 /home/alejandro/microchip/xc2/v2.40/bin/bin/../../lib/gcc/pic32mx/4.8.3/../../../../pic32mx/lib/libpic32.a(default-on-bootstrap.o)
 .debug_abbrev  0x00000000000014cd       0x28 /home/alejandro/microchip/xc2/v2.40/bin/bin/../../lib/gcc/pic32mx/4.8.3/../../../../pic32mx/lib/libpic32.a(defaultinterrupt.o)
 .debug_abbrev  0x00000000000014f5       0x28 /home/alejandro/microchip/xc2/v2.40/bin/bin/../../lib/gcc/pic32mx/4.8.3/../../../../pic32mx/lib/libc.a(printf_cdnopsuxX.eo)
 .debug_abbrev  0x000000000000151d       0x28 /home/alejandro/microchip/xc2/v2.40/bin/bin/../../lib/gcc/pic32mx/4.8.3/../../../../pic32mx/lib/libc.a(sprintf_cdnopuxX.eo)
 .debug_abbrev  0x0000000000001545       0x28 /home/alejandro/microchip/xc2/v2.40/bin/bin/../../lib/gcc/pic32mx/4.8.3/../../../../pic32mx/lib/libc.a(doprnt_cdnopsuxX.eo)
 .debug_abbrev  0x000000000000156d       0x28 /home/alejandro/microchip/xc2/v2.40/bin/bin/../../lib/gcc/pic32mx/4.8.3/../../../../pic32mx/lib/libc.a(_fputc_simple.o)
 .debug_abbrev  0x0000000000001595       0x28 /home/alejandro/microchip/xc2/v2.40/bin/bin/../../lib/gcc/pic32mx/4.8.3/../../../../pic32mx/lib/libc.a(_flsbuf_simple.o)
 .debug_abbrev  0x00000000000015bd      0x138 /home/alejandro/microchip/xc2/v2.40/bin/bin/../../lib/gcc/pic32mx/4.8.3/libgcc.a(_udivdi3.o)
 .debug_abbrev  0x00000000000016f5      0x147 /home/alejandro/microchip/xc2/v2.40/bin/bin/../../lib/gcc/pic32mx/4.8.3/libgcc.a(_umoddi3.o)
 .debug_abbrev  0x000000000000183c       0x28 /home/alejandro/microchip/xc2/v2.40/bin/bin/../../lib/gcc/pic32mx/4.8.3/../../../../pic32mx/lib/libpic32.a(write.o)

.debug_line     0x0000000000000000     0x2848
 *(.debug_line)
 .debug_line    0x0000000000000000       0x92 build/default/production/_ext/60165520/plib_clk.o
 .debug_line    0x0000000000000092      0x1e9 build/default/production/_ext/1249264884/plib_coretimer.o
 .debug_line    0x000000000000027b      0x295 build/default/production/_ext/1865161661/plib_dmac.o
 .debug_line    0x0000000000000510      0x1c5 build/default/production/_ext/1865200349/plib_evic.o
 .debug_line    0x00000000000006d5      0x242 build/default/production/_ext/1865254177/plib_gpio.o
 .debug_line    0x0000000000000917      0x2f2 build/default/production/_ext/60169480/plib_i2c1.o
 .debug_line    0x0000000000000c09      0x206 build/default/production/_ext/60181895/plib_tmr2.o
 .debug_line    0x0000000000000e0f      0x308 build/default/production/_ext/1865657120/plib_uart2.o
 .debug_line    0x0000000000001117       0x9c build/default/production/_ext/163028504/xc32_monitor.o
 .debug_line    0x00000000000011b3      0x481 build/default/production/_ext/1171490990/initialization.o
 .debug_line    0x0000000000001634       0xed build/default/production/_ext/1171490990/interrupts.o
 .debug_line    0x0000000000001721       0xc9 build/default/production/_ext/1171490990/exceptions.o
 .debug_line    0x00000000000017ea      0x257 build/default/production/_ext/1360937237/bme280_driver.o
 .debug_line    0x0000000000001a41      0x501 build/default/production/_ext/1360937237/main_pic32.o
 .debug_line    0x0000000000001f42       0xff /home/alejandro/microchip/xc2/v2.40/bin/bin/../../lib/gcc/pic32mx/4.8.3/libgcc.a(_divdi3.o)
 .debug_line    0x0000000000002041       0x94 /home/alejandro/microchip/xc2/v2.40/bin/bin/../../lib/gcc/pic32mx/4.8.3/libgcc.a(floatunsisf.o)
 .debug_line    0x00000000000020d5       0xa6 /home/alejandro/microchip/xc2/v2.40/bin/bin/../../lib/gcc/pic32mx/4.8.3/../../../../pic32mx/lib/libpic32.a(default-bootstrap-exception-handler.o)
 .debug_line    0x000000000000217b       0x93 /home/alejandro/microchip/xc2/v2.40/bin/bin/../../lib/gcc/pic32mx/4.8.3/../../../../pic32mx/lib/libpic32.a(default-on-reset.o)
 .debug_line    0x000000000000220e       0x97 /home/alejandro/microchip/xc2/v2.40/bin/bin/../../lib/gcc/pic32mx/4.8.3/../../../../pic32mx/lib/libpic32.a(default-on-bootstrap.o)
 .debug_line    0x00000000000022a5       0xa5 /home/alejandro/microchip/xc2/v2.40/bin/bin/../../lib/gcc/pic32mx/4.8.3/../../../../pic32mx/lib/libpic32.a(defaultinterrupt.o)
 .debug_line    0x000000000000234a       0x7e /home/alejandro/microchip/xc2/v2.40/bin/bin/../../lib/gcc/pic32mx/4.8.3/../../../../pic32mx/lib/libc.a(printf_cdnopsuxX.eo)
 .debug_line    0x00000000000023c8       0x7f /home/alejandro/microchip/xc2/v2.40/bin/bin/../../lib/gcc/pic32mx/4.8.3/../../../../pic32mx/lib/libc.a(sprintf_cdnopuxX.eo)
 .debug_line    0x0000000000002447        0x0 /home/alejandro/microchip/xc2/v2.40/bin/bin/../../lib/gcc/pic32mx/4.8.3/../../../../pic32mx/lib/libc.a(_iob.o)
 .debug_line    0x0000000000002447       0x7e /home/alejandro/microchip/xc2/v2.40/bin/bin/../../lib/gcc/pic32mx/4.8.3/../../../../pic32mx/lib/libc.a(doprnt_cdnopsuxX.eo)
 .debug_line    0x00000000000024c5       0x7d /home/alejandro/microchip/xc2/v2.40/bin/bin/../../lib/gcc/pic32mx/4.8.3/../../../../pic32mx/lib/libc.a(_fputc_simple.o)
 .debug_line    0x0000000000002542        0x0 /home/alejandro/microchip/xc2/v2.40/bin/bin/../../lib/gcc/pic32mx/4.8.3/../../../../pic32mx/lib/libc.a(ctype.o)
 .debug_line    0x0000000000002542       0x7e /home/alejandro/microchip/xc2/v2.40/bin/bin/../../lib/gcc/pic32mx/4.8.3/../../../../pic32mx/lib/libc.a(_flsbuf_simple.o)
 .debug_line    0x00000000000025c0       0xf7 /home/alejandro/microchip/xc2/v2.40/bin/bin/../../lib/gcc/pic32mx/4.8.3/libgcc.a(_udivdi3.o)
 .debug_line    0x00000000000026b7      0x109 /home/alejandro/microchip/xc2/v2.40/bin/bin/../../lib/gcc/pic32mx/4.8.3/libgcc.a(_umoddi3.o)
 .debug_line    0x00000000000027c0       0x88 /home/alejandro/microchip/xc2/v2.40/bin/bin/../../lib/gcc/pic32mx/4.8.3/../../../../pic32mx/lib/libpic32.a(write.o)

.debug_frame    0x0000000000000000      0xc60
 *(.debug_frame)
 .debug_frame   0x0000000000000000       0x20 build/default/production/_ext/60165520/plib_clk.o
 .debug_frame   0x0000000000000020       0xf4 build/default/production/_ext/1249264884/plib_coretimer.o
 .debug_frame   0x0000000000000114       0x84 build/default/production/_ext/1865161661/plib_dmac.o
 .debug_frame   0x0000000000000198       0x80 build/default/production/_ext/1865200349/plib_evic.o
 .debug_frame   0x0000000000000218       0xec build/default/production/_ext/1865254177/plib_gpio.o
 .debug_frame   0x0000000000000304       0xd0 build/default/production/_ext/60169480/plib_i2c1.o
 .debug_frame   0x00000000000003d4       0xcc build/default/production/_ext/60181895/plib_tmr2.o
 .debug_frame   0x00000000000004a0       0xec build/default/production/_ext/1865657120/plib_uart2.o
 .debug_frame   0x000000000000058c       0x30 build/default/production/_ext/163028504/xc32_monitor.o
 .debug_frame   0x00000000000005bc       0x2c build/default/production/_ext/1171490990/initialization.o
 .debug_frame   0x00000000000005e8      0x1c8 build/default/production/_ext/1171490990/interrupts.o
 .debug_frame   0x00000000000007b0       0x28 build/default/production/_ext/1171490990/exceptions.o
 .debug_frame   0x00000000000007d8      0x144 build/default/production/_ext/1360937237/bme280_driver.o
 .debug_frame   0x000000000000091c       0xf0 build/default/production/_ext/1360937237/main_pic32.o
 .debug_frame   0x0000000000000a0c       0x20 /home/alejandro/microchip/xc2/v2.40/bin/bin/../../lib/gcc/pic32mx/4.8.3/libgcc.a(_divdi3.o)
 .debug_frame   0x0000000000000a2c       0x30 /home/alejandro/microchip/xc2/v2.40/bin/bin/../../lib/gcc/pic32mx/4.8.3/libgcc.a(floatunsisf.o)
 .debug_frame   0x0000000000000a5c       0x2c /home/alejandro/microchip/xc2/v2.40/bin/bin/../../lib/gcc/pic32mx/4.8.3/../../../../pic32mx/lib/libpic32.a(default-bootstrap-exception-handler.o)
 .debug_frame   0x0000000000000a88       0x20 /home/alejandro/microchip/xc2/v2.40/bin/bin/../../lib/gcc/pic32mx/4.8.3/../../../../pic32mx/lib/libpic32.a(default-on-reset.o)
 .debug_frame   0x0000000000000aa8       0x20 /home/alejandro/microchip/xc2/v2.40/bin/bin/../../lib/gcc/pic32mx/4.8.3/../../../../pic32mx/lib/libpic32.a(default-on-bootstrap.o)
 .debug_frame   0x0000000000000ac8       0x20 /home/alejandro/microchip/xc2/v2.40/bin/bin/../../lib/gcc/pic32mx/4.8.3/../../../../pic32mx/lib/libpic32.a(defaultinterrupt.o)
 .debug_frame   0x0000000000000ae8       0x2c /home/alejandro/microchip/xc2/v2.40/bin/bin/../../lib/gcc/pic32mx/4.8.3/../../../../pic32mx/lib/libc.a(printf_cdnopsuxX.eo)
 .debug_frame   0x0000000000000b14       0x2c /home/alejandro/microchip/xc2/v2.40/bin/bin/../../lib/gcc/pic32mx/4.8.3/../../../../pic32mx/lib/libc.a(sprintf_cdnopuxX.eo)
 .debug_frame   0x0000000000000b40       0x40 /home/alejandro/microchip/xc2/v2.40/bin/bin/../../lib/gcc/pic32mx/4.8.3/../../../../pic32mx/lib/libc.a(doprnt_cdnopsuxX.eo)
 .debug_frame   0x0000000000000b80       0x30 /home/alejandro/microchip/xc2/v2.40/bin/bin/../../lib/gcc/pic32mx/4.8.3/../../../../pic32mx/lib/libc.a(_fputc_simple.o)
 .debug_frame   0x0000000000000bb0       0x38 /home/alejandro/microchip/xc2/v2.40/bin/bin/../../lib/gcc/pic32mx/4.8.3/../../../../pic32mx/lib/libc.a(_flsbuf_simple.o)
 .debug_frame   0x0000000000000be8       0x20 /home/alejandro/microchip/xc2/v2.40/bin/bin/../../lib/gcc/pic32mx/4.8.3/libgcc.a(_udivdi3.o)
 .debug_frame   0x0000000000000c08       0x20 /home/alejandro/microchip/xc2/v2.40/bin/bin/../../lib/gcc/pic32mx/4.8.3/libgcc.a(_umoddi3.o)
 .debug_frame   0x0000000000000c28       0x38 /home/alejandro/microchip/xc2/v2.40/bin/bin/../../lib/gcc/pic32mx/4.8.3/../../../../pic32mx/lib/libpic32.a(write.o)

.debug_str      0x0000000000000000       0xa3
 *(.debug_str)
 .debug_str     0x0000000000000000        0x0 build/default/production/_ext/60165520/plib_clk.o
 .debug_str     0x0000000000000000       0x14 build/default/production/_ext/1249264884/plib_coretimer.o
 .debug_str     0x0000000000000014       0x11 build/default/production/_ext/1865161661/plib_dmac.o
 .debug_str     0x0000000000000025        0x7 build/default/production/_ext/1865200349/plib_evic.o
 .debug_str     0x000000000000002c       0x35 build/default/production/_ext/1865254177/plib_gpio.o
 .debug_str     0x0000000000000061       0x11 build/default/production/_ext/60169480/plib_i2c1.o
 .debug_str     0x0000000000000072        0xc build/default/production/_ext/60181895/plib_tmr2.o
 .debug_str     0x000000000000007e       0x10 build/default/production/_ext/1865657120/plib_uart2.o
 .debug_str     0x000000000000008e        0x0 build/default/production/_ext/163028504/xc32_monitor.o
 .debug_str     0x000000000000008e        0x0 build/default/production/_ext/1171490990/initialization.o
 .debug_str     0x000000000000008e        0x0 build/default/production/_ext/1171490990/interrupts.o
 .debug_str     0x000000000000008e        0x0 build/default/production/_ext/1171490990/exceptions.o
 .debug_str     0x000000000000008e        0xd build/default/production/_ext/1360937237/bme280_driver.o
 .debug_str     0x000000000000009b        0x8 build/default/production/_ext/1360937237/main_pic32.o
 .debug_str     0x00000000000000a3        0x0 /home/alejandro/microchip/xc2/v2.40/bin/bin/../../lib/gcc/pic32mx/4.8.3/libgcc.a(_divdi3.o)
 .debug_str     0x00000000000000a3        0x0 /home/alejandro/microchip/xc2/v2.40/bin/bin/../../lib/gcc/pic32mx/4.8.3/libgcc.a(floatunsisf.o)
 .debug_str     0x00000000000000a3        0x0 /home/alejandro/microchip/xc2/v2.40/bin/bin/../../lib/gcc/pic32mx/4.8.3/../../../../pic32mx/lib/libpic32.a(default-bootstrap-exception-handler.o)
 .debug_str     0x00000000000000a3        0x0 /home/alejandro/microchip/xc2/v2.40/bin/bin/../../lib/gcc/pic32mx/4.8.3/../../../../pic32mx/lib/libpic32.a(default-on-reset.o)
 .debug_str     0x00000000000000a3        0x0 /home/alejandro/microchip/xc2/v2.40/bin/bin/../../lib/gcc/pic32mx/4.8.3/../../../../pic32mx/lib/libpic32.a(default-on-bootstrap.o)
 .debug_str     0x00000000000000a3        0x0 /home/alejandro/microchip/xc2/v2.40/bin/bin/../../lib/gcc/pic32mx/4.8.3/../../../../pic32mx/lib/libpic32.a(defaultinterrupt.o)
 .debug_str     0x00000000000000a3        0x0 /home/alejandro/microchip/xc2/v2.40/bin/bin/../../lib/gcc/pic32mx/4.8.3/../../../../pic32mx/lib/libc.a(printf_cdnopsuxX.eo)
 .debug_str     0x00000000000000a3        0x0 /home/alejandro/microchip/xc2/v2.40/bin/bin/../../lib/gcc/pic32mx/4.8.3/../../../../pic32mx/lib/libc.a(sprintf_cdnopuxX.eo)
 .debug_str     0x00000000000000a3        0x0 /home/alejandro/microchip/xc2/v2.40/bin/bin/../../lib/gcc/pic32mx/4.8.3/../../../../pic32mx/lib/libc.a(_iob.o)
 .debug_str     0x00000000000000a3        0x0 /home/alejandro/microchip/xc2/v2.40/bin/bin/../../lib/gcc/pic32mx/4.8.3/../../../../pic32mx/lib/libc.a(doprnt_cdnopsuxX.eo)
 .debug_str     0x00000000000000a3        0x0 /home/alejandro/microchip/xc2/v2.40/bin/bin/../../lib/gcc/pic32mx/4.8.3/../../../../pic32mx/lib/libc.a(_fputc_simple.o)
 .debug_str     0x00000000000000a3        0x0 /home/alejandro/microchip/xc2/v2.40/bin/bin/../../lib/gcc/pic32mx/4.8.3/../../../../pic32mx/lib/libc.a(ctype.o)
 .debug_str     0x00000000000000a3        0x0 /home/alejandro/microchip/xc2/v2.40/bin/bin/../../lib/gcc/pic32mx/4.8.3/../../../../pic32mx/lib/libc.a(_flsbuf_simple.o)
 .debug_str     0x00000000000000a3        0x0 /home/alejandro/microchip/xc2/v2.40/bin/bin/../../lib/gcc/pic32mx/4.8.3/libgcc.a(_udivdi3.o)
 .debug_str     0x00000000000000a3        0x0 /home/alejandro/microchip/xc2/v2.40/bin/bin/../../lib/gcc/pic32mx/4.8.3/libgcc.a(_umoddi3.o)
 .debug_str     0x00000000000000a3        0x0 /home/alejandro/microchip/xc2/v2.40/bin/bin/../../lib/gcc/pic32mx/4.8.3/../../../../pic32mx/lib/libpic32.a(write.o)

.debug_loc      0x0000000000000000     0x336d
 *(.debug_loc)
 .debug_loc     0x0000000000000000       0x42 build/default/production/_ext/1249264884/plib_coretimer.o
 .debug_loc     0x0000000000000042      0x5c1 build/default/production/_ext/1865161661/plib_dmac.o
 .debug_loc     0x0000000000000603       0xc4 build/default/production/_ext/1865200349/plib_evic.o
 .debug_loc     0x00000000000006c7      0x382 build/default/production/_ext/1865254177/plib_gpio.o
 .debug_loc     0x0000000000000a49       0xad build/default/production/_ext/60169480/plib_i2c1.o
 .debug_loc     0x0000000000000af6       0x13 build/default/production/_ext/60181895/plib_tmr2.o
 .debug_loc     0x0000000000000b09      0x3d8 build/default/production/_ext/1865657120/plib_uart2.o
 .debug_loc     0x0000000000000ee1       0x21 build/default/production/_ext/1171490990/initialization.o
 .debug_loc     0x0000000000000f02      0x3dc build/default/production/_ext/1360937237/bme280_driver.o
 .debug_loc     0x00000000000012de      0x122 build/default/production/_ext/1360937237/main_pic32.o
 .debug_loc     0x0000000000001400      0x9ee /home/alejandro/microchip/xc2/v2.40/bin/bin/../../lib/gcc/pic32mx/4.8.3/libgcc.a(_divdi3.o)
 .debug_loc     0x0000000000001dee       0x74 /home/alejandro/microchip/xc2/v2.40/bin/bin/../../lib/gcc/pic32mx/4.8.3/libgcc.a(floatunsisf.o)
 .debug_loc     0x0000000000001e62       0x2c /home/alejandro/microchip/xc2/v2.40/bin/bin/../../lib/gcc/pic32mx/4.8.3/../../../../pic32mx/lib/libpic32.a(default-bootstrap-exception-handler.o)
 .debug_loc     0x0000000000001e8e      0xa6a /home/alejandro/microchip/xc2/v2.40/bin/bin/../../lib/gcc/pic32mx/4.8.3/libgcc.a(_udivdi3.o)
 .debug_loc     0x00000000000028f8      0xa3d /home/alejandro/microchip/xc2/v2.40/bin/bin/../../lib/gcc/pic32mx/4.8.3/libgcc.a(_umoddi3.o)
 .debug_loc     0x0000000000003335       0x38 /home/alejandro/microchip/xc2/v2.40/bin/bin/../../lib/gcc/pic32mx/4.8.3/../../../../pic32mx/lib/libpic32.a(write.o)

.debug_macinfo
 *(.debug_macinfo)

.debug_weaknames
 *(.debug_weaknames)

.debug_funcnames
 *(.debug_funcnames)

.debug_typenames
 *(.debug_typenames)

.debug_varnames
 *(.debug_varnames)

.debug_pubtypes
 *(.debug_pubtypes)

.debug_ranges   0x0000000000000000      0x748
 *(.debug_ranges)
 .debug_ranges  0x0000000000000000       0x10 build/default/production/_ext/60165520/plib_clk.o
 .debug_ranges  0x0000000000000010       0x50 build/default/production/_ext/1249264884/plib_coretimer.o
 .debug_ranges  0x0000000000000060       0x80 build/default/production/_ext/1865161661/plib_dmac.o
 .debug_ranges  0x00000000000000e0       0x40 build/default/production/_ext/1865200349/plib_evic.o
 .debug_ranges  0x0000000000000120       0x70 build/default/production/_ext/1865254177/plib_gpio.o
 .debug_ranges  0x0000000000000190      0x110 build/default/production/_ext/60169480/plib_i2c1.o
 .debug_ranges  0x00000000000002a0       0x60 build/default/production/_ext/60181895/plib_tmr2.o
 .debug_ranges  0x0000000000000300       0x88 build/default/production/_ext/1865657120/plib_uart2.o
 .debug_ranges  0x0000000000000388       0x18 build/default/production/_ext/163028504/xc32_monitor.o
 .debug_ranges  0x00000000000003a0       0x10 build/default/production/_ext/1171490990/initialization.o
 .debug_ranges  0x00000000000003b0       0x30 build/default/production/_ext/1171490990/interrupts.o
 .debug_ranges  0x00000000000003e0       0x10 build/default/production/_ext/1171490990/exceptions.o
 .debug_ranges  0x00000000000003f0       0x80 build/default/production/_ext/1360937237/bme280_driver.o
 .debug_ranges  0x0000000000000470       0x50 build/default/production/_ext/1360937237/main_pic32.o
 .debug_ranges  0x00000000000004c0       0x78 /home/alejandro/microchip/xc2/v2.40/bin/bin/../../lib/gcc/pic32mx/4.8.3/libgcc.a(_divdi3.o)
 .debug_ranges  0x0000000000000538       0x10 /home/alejandro/microchip/xc2/v2.40/bin/bin/../../lib/gcc/pic32mx/4.8.3/../../../../pic32mx/lib/libpic32.a(default-bootstrap-exception-handler.o)
 .debug_ranges  0x0000000000000548       0x10 /home/alejandro/microchip/xc2/v2.40/bin/bin/../../lib/gcc/pic32mx/4.8.3/../../../../pic32mx/lib/libpic32.a(default-on-reset.o)
 .debug_ranges  0x0000000000000558       0x10 /home/alejandro/microchip/xc2/v2.40/bin/bin/../../lib/gcc/pic32mx/4.8.3/../../../../pic32mx/lib/libpic32.a(default-on-bootstrap.o)
 .debug_ranges  0x0000000000000568       0x10 /home/alejandro/microchip/xc2/v2.40/bin/bin/../../lib/gcc/pic32mx/4.8.3/../../../../pic32mx/lib/libpic32.a(defaultinterrupt.o)
 .debug_ranges  0x0000000000000578       0x10 /home/alejandro/microchip/xc2/v2.40/bin/bin/../../lib/gcc/pic32mx/4.8.3/../../../../pic32mx/lib/libc.a(printf_cdnopsuxX.eo)
 .debug_ranges  0x0000000000000588       0x10 /home/alejandro/microchip/xc2/v2.40/bin/bin/../../lib/gcc/pic32mx/4.8.3/../../../../pic32mx/lib/libc.a(sprintf_cdnopuxX.eo)
 .debug_ranges  0x0000000000000598       0x10 /home/alejandro/microchip/xc2/v2.40/bin/bin/../../lib/gcc/pic32mx/4.8.3/../../../../pic32mx/lib/libc.a(doprnt_cdnopsuxX.eo)
 .debug_ranges  0x00000000000005a8       0x10 /home/alejandro/microchip/xc2/v2.40/bin/bin/../../lib/gcc/pic32mx/4.8.3/../../../../pic32mx/lib/libc.a(_fputc_simple.o)
 .debug_ranges  0x00000000000005b8       0x10 /home/alejandro/microchip/xc2/v2.40/bin/bin/../../lib/gcc/pic32mx/4.8.3/../../../../pic32mx/lib/libc.a(_flsbuf_simple.o)
 .debug_ranges  0x00000000000005c8       0x98 /home/alejandro/microchip/xc2/v2.40/bin/bin/../../lib/gcc/pic32mx/4.8.3/libgcc.a(_udivdi3.o)
 .debug_ranges  0x0000000000000660       0xd8 /home/alejandro/microchip/xc2/v2.40/bin/bin/../../lib/gcc/pic32mx/4.8.3/libgcc.a(_umoddi3.o)
 .debug_ranges  0x0000000000000738       0x10 /home/alejandro/microchip/xc2/v2.40/bin/bin/../../lib/gcc/pic32mx/4.8.3/../../../../pic32mx/lib/libpic32.a(write.o)

.gnu.attributes
                0x0000000000000000       0x10
 *(.gnu.attributes)
 .gnu.attributes
                0x0000000000000000       0x10 build/default/production/_ext/60165520/plib_clk.o
 .gnu.attributes
                0x0000000000000010       0x10 build/default/production/_ext/1249264884/plib_coretimer.o
 .gnu.attributes
                0x0000000000000020       0x10 build/default/production/_ext/1865161661/plib_dmac.o
 .gnu.attributes
                0x0000000000000030       0x10 build/default/production/_ext/1865200349/plib_evic.o
 .gnu.attributes
                0x0000000000000040       0x10 build/default/production/_ext/1865254177/plib_gpio.o
 .gnu.attributes
                0x0000000000000050       0x10 build/default/production/_ext/60169480/plib_i2c1.o
 .gnu.attributes
                0x0000000000000060       0x10 build/default/production/_ext/60181895/plib_tmr2.o
 .gnu.attributes
                0x0000000000000070       0x10 build/default/production/_ext/1865657120/plib_uart2.o
 .gnu.attributes
                0x0000000000000080       0x10 build/default/production/_ext/163028504/xc32_monitor.o
 .gnu.attributes
                0x0000000000000090       0x10 build/default/production/_ext/1171490990/initialization.o
 .gnu.attributes
                0x00000000000000a0       0x10 build/default/production/_ext/1171490990/interrupts.o
 .gnu.attributes
                0x00000000000000b0       0x10 build/default/production/_ext/1171490990/exceptions.o
 .gnu.attributes
                0x00000000000000c0       0x10 build/default/production/_ext/1360937237/bme280_driver.o
 .gnu.attributes
                0x00000000000000d0       0x10 build/default/production/_ext/1360937237/main_pic32.o
 .gnu.attributes
                0x00000000000000e0       0x10 /home/alejandro/microchip/xc2/v2.40/bin/bin/../../lib/gcc/pic32mx/4.8.3/libgcc.a(_divdi3.o)
 .gnu.attributes
                0x00000000000000f0       0x10 /home/alejandro/microchip/xc2/v2.40/bin/bin/../../lib/gcc/pic32mx/4.8.3/libgcc.a(floatunsisf.o)
 .gnu.attributes
                0x0000000000000100       0x10 /home/alejandro/microchip/xc2/v2.40/bin/bin/../../lib/gcc/pic32mx/4.8.3/../../../../pic32mx/lib/libpic32.a(default-bootstrap-exception-handler.o)
 .gnu.attributes
                0x0000000000000110       0x10 /home/alejandro/microchip/xc2/v2.40/bin/bin/../../lib/gcc/pic32mx/4.8.3/../../../../pic32mx/lib/libpic32.a(default-on-reset.o)
 .gnu.attributes
                0x0000000000000120       0x10 /home/alejandro/microchip/xc2/v2.40/bin/bin/../../lib/gcc/pic32mx/4.8.3/../../../../pic32mx/lib/libpic32.a(default-on-bootstrap.o)
 .gnu.attributes
                0x0000000000000130       0x10 /home/alejandro/microchip/xc2/v2.40/bin/bin/../../lib/gcc/pic32mx/4.8.3/../../../../pic32mx/lib/libpic32.a(defaultinterrupt.o)
 .gnu.attributes
                0x0000000000000140       0x10 /home/alejandro/microchip/xc2/v2.40/bin/bin/../../lib/gcc/pic32mx/4.8.3/../../../../pic32mx/lib/libc.a(printf_cdnopsuxX.eo)
 .gnu.attributes
                0x0000000000000150       0x10 /home/alejandro/microchip/xc2/v2.40/bin/bin/../../lib/gcc/pic32mx/4.8.3/../../../../pic32mx/lib/libc.a(sprintf_cdnopuxX.eo)
 .gnu.attributes
                0x0000000000000160       0x10 /home/alejandro/microchip/xc2/v2.40/bin/bin/../../lib/gcc/pic32mx/4.8.3/../../../../pic32mx/lib/libc.a(_iob.o)
 .gnu.attributes
                0x0000000000000170       0x10 /home/alejandro/microchip/xc2/v2.40/bin/bin/../../lib/gcc/pic32mx/4.8.3/../../../../pic32mx/lib/libc.a(doprnt_cdnopsuxX.eo)
 .gnu.attributes
                0x0000000000000180       0x10 /home/alejandro/microchip/xc2/v2.40/bin/bin/../../lib/gcc/pic32mx/4.8.3/../../../../pic32mx/lib/libc.a(_fputc_simple.o)
 .gnu.attributes
                0x0000000000000190       0x10 /home/alejandro/microchip/xc2/v2.40/bin/bin/../../lib/gcc/pic32mx/4.8.3/../../../../pic32mx/lib/libc.a(ctype.o)
 .gnu.attributes
                0x00000000000001a0       0x10 /home/alejandro/microchip/xc2/v2.40/bin/bin/../../lib/gcc/pic32mx/4.8.3/../../../../pic32mx/lib/libc.a(_flsbuf_simple.o)
 .gnu.attributes
                0x00000000000001b0       0x10 /home/alejandro/microchip/xc2/v2.40/bin/bin/../../lib/gcc/pic32mx/4.8.3/libgcc.a(_udivdi3.o)
 .gnu.attributes
                0x00000000000001c0       0x10 /home/alejandro/microchip/xc2/v2.40/bin/bin/../../lib/gcc/pic32mx/4.8.3/libgcc.a(_umoddi3.o)
 .gnu.attributes
                0x00000000000001d0       0x10 /home/alejandro/microchip/xc2/v2.40/bin/bin/../../lib/gcc/pic32mx/4.8.3/../../../../pic32mx/lib/libpic32.a(write.o)
LOAD /home/alejandro/microchip/xc2/v2.40/bin/bin/../../lib/gcc/pic32mx/4.8.3/libgcc.a
START GROUP
LOAD /home/alejandro/microchip/xc2/v2.40/bin/bin/../../lib/gcc/pic32mx/4.8.3/../../../../pic32mx/lib/libpic32.a
LOAD /home/alejandro/microchip/xc2/v2.40/bin/bin/../../lib/gcc/pic32mx/4.8.3/../../../../pic32mx/lib/libdebug.a
LOAD /home/alejandro/microchip/xc2/v2.40/bin/bin/../../lib/gcc/pic32mx/4.8.3/../../../../pic32mx/lib/libpic32.a
LOAD /home/alejandro/microchip/xc2/v2.40/bin/bin/../../lib/gcc/pic32mx/4.8.3/../../../../pic32mx/lib/libc.a
LOAD /home/alejandro/microchip/xc2/v2.40/bin/bin/../../lib/gcc/pic32mx/4.8.3/../../../../pic32mx/lib/libc.a
LOAD /home/alejandro/microchip/xc2/v2.40/bin/bin/../../lib/gcc/pic32mx/4.8.3/../../../../pic32mx/lib/libm.a
LOAD /home/alejandro/microchip/xc2/v2.40/bin/bin/../../lib/gcc/pic32mx/4.8.3/../../../../pic32mx/lib/libe.a
LOAD /home/alejandro/microchip/xc2/v2.40/bin/bin/../../lib/gcc/pic32mx/4.8.3/../../../../pic32mx/lib/libdsp.a
LOAD /home/alejandro/microchip/xc2/v2.40/bin/bin/../../lib/gcc/pic32mx/4.8.3/libgcc.a
LOAD /home/alejandro/microchip/xc2/v2.40/bin/bin/../../lib/gcc/pic32mx/4.8.3/../../../../pic32mx/lib/libpic32.a
END GROUP
LOAD /home/alejandro/microchip/xc2/v2.40/bin/bin/../../lib/gcc/pic32mx/4.8.3/libgcc.a
OUTPUT(dist/default/production/PIC32MXtest.X.production.elf elf32-tradlittlemips)
LOAD stack
LOAD data_init

.reginfo        0x0000000000000000       0x18
 .reginfo       0x0000000000000000       0x18 /home/alejandro/microchip/xc2/v2.40/bin/bin/../../lib/gcc/pic32mx/4.8.3/../../../../pic32mx/lib/debug-exception-return.o

.stack          0x00000000a00005a0      0x400
 .stack         0x00000000a00005a0      0x400 stack

.bss            0x00000000a0000060      0x130
 .bss           0x00000000a0000060      0x130 build/default/production/_ext/1360937237/main_pic32.o

.data           0x00000000a0000190       0xa4
 .data          0x00000000a0000190       0xa4 /home/alejandro/microchip/xc2/v2.40/bin/bin/../../lib/gcc/pic32mx/4.8.3/../../../../pic32mx/lib/libc.a(_iob.o)
                0x00000000a0000190                _Files
                0x00000000a0000194                _iob

.bss            0x00000000a0000234       0xc4
 .bss           0x00000000a0000234       0x80 build/default/production/_ext/1865161661/plib_dmac.o
 .bss           0x00000000a00002b4       0x44 /home/alejandro/microchip/xc2/v2.40/bin/bin/../../lib/gcc/pic32mx/4.8.3/../../../../pic32mx/lib/libc.a(_iob.o)
                0x00000000a00002b4                _sobuf
                0x00000000a00002d4                _sibuf
                0x00000000a00002f4                _outdone

.bss            0x00000000a00002f8       0x74
 .bss           0x00000000a00002f8       0x40 build/default/production/_ext/1360937237/bme280_driver.o
 .bss           0x00000000a0000338       0x34 build/default/production/_ext/60169480/plib_i2c1.o

.data           0x00000000a000036c       0x14
 .data          0x00000000a000036c       0x14 build/default/production/_ext/1865254177/plib_gpio.o
                0x00000000a000036c                cnPinObj

._debug_exception
                0xffffffffbfc00480       0x2c
 ._debug_exception
                0xffffffffbfc00480       0x2c /home/alejandro/microchip/xc2/v2.40/bin/bin/../../lib/gcc/pic32mx/4.8.3/../../../../pic32mx/lib/debug-exception-return.o
                0xffffffffbfc00480                __DbgExecReturn

.text._vfprintf_cdnopsuxX
                0x000000009d000000      0xc8c
 .text._vfprintf_cdnopsuxX
                0x000000009d000000      0xc8c /home/alejandro/microchip/xc2/v2.40/bin/bin/../../lib/gcc/pic32mx/4.8.3/../../../../pic32mx/lib/libc.a(doprnt_cdnopsuxX.eo)
                0x000000009d000000                _vfprintf_cdnopuxX
                0x000000009d000000                _vfprintf_cdnopsuxX

.text.I2C_1_InterruptHandler
                0x000000009d000c8c      0x554
 .text.I2C_1_InterruptHandler
                0x000000009d000c8c      0x554 build/default/production/_ext/60169480/plib_i2c1.o
                0x000000009d000c8c                I2C_1_InterruptHandler

.text           0x000000009d0011e0      0x8bc
 .text          0x000000009d0011e0      0x464 /home/alejandro/microchip/xc2/v2.40/bin/bin/../../lib/gcc/pic32mx/4.8.3/libgcc.a(_umoddi3.o)
                0x000000009d0011e0                __umoddi3
 .text          0x000000009d001644      0x458 /home/alejandro/microchip/xc2/v2.40/bin/bin/../../lib/gcc/pic32mx/4.8.3/libgcc.a(_udivdi3.o)
                0x000000009d001644                __udivdi3

.text.dp32subadd
                0x000000009d001a9c      0x430
 .text.dp32subadd
                0x000000009d001a9c      0x430 /home/alejandro/microchip/xc2/v2.40/bin/bin/../../lib/gcc/pic32mx/4.8.3/../../../../pic32mx/lib/libm.a(dp32subadd.o)
                0x000000009d001a9c                dpsub
                0x000000009d001a9c                __subdf3
                0x000000009d001aa4                dpadd
                0x000000009d001aa4                __adddf3

.text.main      0x000000009d001ecc      0x384
 .text.main     0x000000009d001ecc      0x384 build/default/production/_ext/1360937237/main_pic32.o
                0x000000009d001ecc                main

.text.dp32mul   0x000000009d002250      0x32c
 .text.dp32mul  0x000000009d002250      0x32c /home/alejandro/microchip/xc2/v2.40/bin/bin/../../lib/gcc/pic32mx/4.8.3/../../../../pic32mx/lib/libm.a(dp32mul.o)
                0x000000009d002250                dpmul
                0x000000009d002250                __muldf3

.text.BME280_CalibParams_Get
                0x000000009d00257c      0x300
 .text.BME280_CalibParams_Get
                0x000000009d00257c      0x300 build/default/production/_ext/1360937237/bme280_driver.o
                0x000000009d00257c                BME280_CalibParams_Get

.text.UART_2_InterruptHandler
                0x000000009d00287c      0x25c
 .text.UART_2_InterruptHandler
                0x000000009d00287c      0x25c build/default/production/_ext/1865657120/plib_uart2.o
                0x000000009d00287c                UART_2_InterruptHandler

.text.DMAC_ChannelTransfer
                0x000000009d002ad8      0x1e8
 .text.DMAC_ChannelTransfer
                0x000000009d002ad8      0x1e8 build/default/production/_ext/1865161661/plib_dmac.o
                0x000000009d002ad8                DMAC_ChannelTransfer

.text           0x000000009d002cc0      0x168
 .text          0x000000009d002cc0      0x168 /home/alejandro/microchip/xc2/v2.40/bin/bin/../../lib/gcc/pic32mx/4.8.3/../../../../pic32mx/lib/libpic32.a(strlen.o)
                0x000000009d002cc0                strlen

.rodata         0x000000009d002e28      0x158
 .rodata        0x000000009d002e28      0x158 build/default/production/_ext/1171490990/exceptions.o

.dinit          0x000000009d002f80      0x150
 .dinit         0x000000009d002f80      0x150 data_init

.text.fputc     0x000000009d0030d0      0x144
 .text.fputc    0x000000009d0030d0      0x144 /home/alejandro/microchip/xc2/v2.40/bin/bin/../../lib/gcc/pic32mx/4.8.3/../../../../pic32mx/lib/libc.a(_fputc_simple.o)
                0x000000009d0030d0                fputc

.text.TIMER_3_Handler
                0x000000009d003214      0x130
 .text.TIMER_3_Handler
                0x000000009d003214      0x130 build/default/production/_ext/1171490990/interrupts.o
                0x000000009d003214                TIMER_3_Handler

.text.I2C_1_Handler
                0x000000009d003344      0x130
 .text.I2C_1_Handler
                0x000000009d003344      0x130 build/default/production/_ext/1171490990/interrupts.o
                0x000000009d003344                I2C_1_Handler

.text.CHANGE_NOTICE_Handler
                0x000000009d003474      0x130
 .text.CHANGE_NOTICE_Handler
                0x000000009d003474      0x130 build/default/production/_ext/1171490990/interrupts.o
                0x000000009d003474                CHANGE_NOTICE_Handler

.text.UART_2_Handler
                0x000000009d0035a4      0x130
 .text.UART_2_Handler
                0x000000009d0035a4      0x130 build/default/production/_ext/1171490990/interrupts.o
                0x000000009d0035a4                UART_2_Handler

.text.DMA_0_Handler
                0x000000009d0036d4      0x130
 .text.DMA_0_Handler
                0x000000009d0036d4      0x130 build/default/production/_ext/1171490990/interrupts.o
                0x000000009d0036d4                DMA_0_Handler

.text._flsbuf   0x000000009d003804      0x12c
 .text._flsbuf  0x000000009d003804      0x12c /home/alejandro/microchip/xc2/v2.40/bin/bin/../../lib/gcc/pic32mx/4.8.3/../../../../pic32mx/lib/libc.a(_flsbuf_simple.o)
                0x000000009d003804                _flsbuf

.rodata         0x000000009d003930      0x104
 .rodata        0x000000009d003930      0x104 /home/alejandro/microchip/xc2/v2.40/bin/bin/../../lib/gcc/pic32mx/4.8.3/../../../../pic32mx/lib/libc.a(ctype.o)
                0x000000009d003930                _ctype

.text.DMA_0_InterruptHandler
                0x000000009d003a34       0xf8
 .text.DMA_0_InterruptHandler
                0x000000009d003a34       0xf8 build/default/production/_ext/1865161661/plib_dmac.o
                0x000000009d003a34                DMA_0_InterruptHandler

.text.general_exception
                0x000000009d003b2c       0xdc
 .text.general_exception
                0x000000009d003b2c       0xdc /home/alejandro/microchip/xc2/v2.40/bin/bin/../../lib/gcc/pic32mx/4.8.3/../../../../pic32mx/lib/libpic32.a(general-exception.o)
                0x000000009d003b2c                _general_exception_context

.rodata         0x000000009d003c08      0x198
 .rodata        0x000000009d003c08       0xd0 /home/alejandro/microchip/xc2/v2.40/bin/bin/../../lib/gcc/pic32mx/4.8.3/../../../../pic32mx/lib/libc.a(doprnt_cdnopsuxX.eo)
 .rodata        0x000000009d003cd8       0xc8 build/default/production/_ext/1360937237/main_pic32.o

.text.BME280_SetOversampling
                0x000000009d003da0       0xc4
 .text.BME280_SetOversampling
                0x000000009d003da0       0xc4 build/default/production/_ext/1360937237/bme280_driver.o
                0x000000009d003da0                BME280_SetOversampling

.text.CHANGE_NOTICE_InterruptHandler
                0x000000009d003e64       0xb8
 .text.CHANGE_NOTICE_InterruptHandler
                0x000000009d003e64       0xb8 build/default/production/_ext/1865254177/plib_gpio.o
                0x000000009d003e64                CHANGE_NOTICE_InterruptHandler

.text.GPIO_Initialize
                0x000000009d003f1c       0xb0
 .text.GPIO_Initialize
                0x000000009d003f1c       0xb0 build/default/production/_ext/1865254177/plib_gpio.o
                0x000000009d003f1c                GPIO_Initialize

.text.SYS_Initialize
                0x000000009d003fcc       0xa4
 .text.SYS_Initialize
                0x000000009d003fcc       0xa4 build/default/production/_ext/1171490990/initialization.o
                0x000000009d003fcc                SYS_Initialize

.text.BME280_ReadRawWeatherData
                0x000000009d004070       0x9c
 .text.BME280_ReadRawWeatherData
                0x000000009d004070       0x9c build/default/production/_ext/1360937237/bme280_driver.o
                0x000000009d004070                BME280_ReadRawWeatherData

.text.write     0x000000009d00410c       0x9c
 .text.write    0x000000009d00410c       0x9c /home/alejandro/microchip/xc2/v2.40/bin/bin/../../lib/gcc/pic32mx/4.8.3/../../../../pic32mx/lib/libpic32.a(write.o)
                0x000000009d00410c                write

.text.dptoul    0x000000009d0041a8       0x8c
 .text.dptoul   0x000000009d0041a8       0x8c /home/alejandro/microchip/xc2/v2.40/bin/bin/../../lib/gcc/pic32mx/4.8.3/../../../../pic32mx/lib/libm.a(dptoul.o)
                0x000000009d0041a8                __fixunsdfsi
                0x000000009d0041a8                dptoul

.text.I2C1_WriteRead
                0x000000009d004234       0x88
 .text.I2C1_WriteRead
                0x000000009d004234       0x88 build/default/production/_ext/60169480/plib_i2c1.o
                0x000000009d004234                I2C1_WriteRead

.text.I2C1_Write
                0x000000009d0042bc       0x84
 .text.I2C1_Write
                0x000000009d0042bc       0x84 build/default/production/_ext/60169480/plib_i2c1.o
                0x000000009d0042bc                I2C1_Write

.text.BME280Sensor_Initialize
                0x000000009d004340       0x84
 .text.BME280Sensor_Initialize
                0x000000009d004340       0x84 build/default/production/_ext/1360937237/main_pic32.o
                0x000000009d004340                BME280Sensor_Initialize

.text           0x000000009d0043c4       0x84
 .text          0x000000009d0043c4       0x84 /home/alejandro/microchip/xc2/v2.40/bin/bin/../../lib/gcc/pic32mx/4.8.3/../../../../pic32mx/lib/libpic32.a(pic32_data_init.o)
                0x000000009d0043c4                __pic32_data_init

.text.UART2_Initialize
                0x000000009d004448       0x80
 .text.UART2_Initialize
                0x000000009d004448       0x80 build/default/production/_ext/1865657120/plib_uart2.o
                0x000000009d004448                UART2_Initialize

.text.DMAC_Initialize
                0x000000009d0044c8       0x7c
 .text.DMAC_Initialize
                0x000000009d0044c8       0x7c build/default/production/_ext/1865161661/plib_dmac.o
                0x000000009d0044c8                DMAC_Initialize
